     0.00 CMD <run: ports ['GL'], mqtt off>
     0.21 GL ESP-ROM:esp32s3-20210327
     0.21 GL Build:Mar 27 2021
     0.21 GL rst:0x15 (USB_UART_CHIP_RESET),boot:0x9 (SPI_FAST_FLASH_BOOT)
     0.21 GL Saved PC:0x42059e76
     0.21 GL SPIWP:0xee
     0.21 GL mode:DIO, clock div:1
     0.21 GL load:0x3fce3808,len:0x4bc
     0.21 GL load:0x403c9700,len:0xbd8
     0.21 GL load:0x403cc700,len:0x2a0c
     0.21 GL entry 0x403c98d0
     0.41 GL LRAN GateLink - carrier bring-up image (GL0), not the node
     0.41 GL Version: 0.1.0 (7c97fe4-dirty)
     0.82 GL commands: pins | reset | begin | tx | txloop <n> | rx <s> | cad [rx] | sd [format] | bus <s> | ved | stat
     6.83 CMD mark b7f36c
     6.83 CMD GL ved raw 5 EDF7
     6.91 GL ved: Serial1 at 19200 baud, RX G4, TX G5
     6.91 GL ved raw: 5 s, bytes as a C string literal; a Get of 0xEDF7 every 50 ms
     6.91 GL :7F7ED008C05D9\n
     6.91 GL :A0002000148\n
     6.91 GL :A0102000048\n
     6.91 GL :A0202000200000045\n
     6.91 GL :AD5ED002D0557\n
     6.91 GL :ABBED000100A2\n
     6.91 GL :7F7ED008C05D9\n
     6.91 GL :AADED000000B1\n
     7.11 GL :AA9ED00300580\n
     7.11 GL :AA8ED0001B5\n
     7.11 GL :A91ED0000CD\n
     7.11 GL :A30200000FB\n
     7.11 GL :7F7ED008C05D9\n
     7.11 GL :A312000FB03FC\n
     7.11 GL :A0E0100003C\n
     7.11 GL :7F7ED008C05D9\n
     7.11 GL :7F7ED008C05D9\n
     7.11 GL :7F7ED008C05D9\n
     7.32 GL :7F7ED008C05D9\n
     7.32 GL :7F7ED008C05D9\n
     7.32 GL :7F7ED008C05D9\n
     7.32 GL :7F7ED008C05D9\n
     7.52 GL \r\n
     7.52 GL PID\t0xA075\r\n
     7.52 GL FW\t175\r\n
     7.52 GL SER#\tHQ25492XRJM\r\n
     7.52 GL V\t13250\r\n
     7.52 GL I\t-10\r\n
     7.52 GL VPV\t10\r\n
     7.52 GL PPV\t0\r\n
     7.52 GL CS\t0\r\n
     7.52 GL MPPT\t0\r\n
     7.52 GL OR\t0x00000001\r\n
     7.52 GL ERR\t0\r\n
     7.52 GL LOAD\tON\r\n
     7.52 GL IL\t0\r\n
     7.52 GL H19\t467\r\n
     7.52 GL H20\t0\r\n
     7.52 GL H21\t0\r\n
     7.52 GL H22\t3\r\n
     7.52 GL H23\t26\r\n
     7.52 GL HSDS\t59\r\n
     7.52 GL Checksum\t\xE1"":7F7ED008C05D9\n
     7.52 GL :7F7ED008C05D9\n
     7.52 GL :7F7ED008C05D9\n
     7.72 GL :7F7ED008C05D9\n
     7.73 GL :7F7ED008C05D9\n
     7.73 GL :7F7ED008C05D9\n
     7.73 GL :7F7ED008C05D9\n
     7.93 GL :7F7ED008C05D9\n
     7.93 GL :7F7ED008C05D9\n
     7.93 GL :7F7ED008C05D9\n
     7.93 GL :7F7ED008C05D9\n
     8.13 GL :7F7ED008C05D9\n
     8.13 GL :7F7ED008C05D9\n
     8.13 GL :7F7ED008C05D9\n
     8.13 GL :7F7ED008C05D9\n
     8.33 GL :7F7ED008C05D9\n
     8.33 GL :7F7ED008C05D9\n
     8.33 GL :7F7ED008C05D9\n
     8.33 GL :7F7ED008C05D9\n
     8.33 GL \r\n
     8.33 GL PID\t0xA075\r\n
     8.33 GL FW\t175\r\n
     8.53 GL SER#\tHQ25492XRJM\r\n
     8.53 GL V\t13250\r\n
     8.53 GL I\t-10\r\n
     8.53 GL VPV\t10\r\n
     8.53 GL PPV\t0\r\n
     8.53 GL CS\t0\r\n
     8.53 GL MPPT\t0\r\n
     8.53 GL OR\t0x00000001\r\n
     8.53 GL ERR\t0\r\n
     8.53 GL LOAD\tON\r\n
     8.53 GL IL\t0\r\n
     8.53 GL H19\t467\r\n
     8.53 GL H20\t0\r\n
     8.53 GL H21\t0\r\n
     8.53 GL H22\t3\r\n
     8.53 GL H23\t26\r\n
     8.53 GL HSDS\t59\r\n
     8.53 GL Checksum\t\xE1"":7F7ED008C05D9\n
     8.53 GL :7F7ED008C05D9\n
     8.53 GL :7F7ED008C05D9\n
     8.73 GL :7F7ED008C05D9\n
     8.73 GL :7F7ED008C05D9\n
     8.73 GL :7F7ED008C05D9\n
     8.73 GL :7F7ED008C05D9\n
     8.94 GL :7F7ED008C05D9\n
     8.94 GL :7F7ED008C05D9\n
     8.94 GL :7F7ED008C05D9\n
     8.94 GL :7F7ED008C05D9\n
     9.14 GL :7F7ED008C05D9\n
     9.14 GL :7F7ED008C05D9\n
     9.14 GL :7F7ED008C05D9\n
     9.14 GL :7F7ED008C05D9\n
     9.34 GL :7F7ED008C05D9\n
     9.34 GL :A0102000048\n
     9.34 GL :A0002000148\n
     9.34 GL :A0202000200000045\n
     9.34 GL :7F7ED008C05D9\n
     9.34 GL :7F7ED008C05D9\n
     9.34 GL :7F7ED008C05D9\n
     9.34 GL \r\n
     9.34 GL PID\t0xA075\r\n
     9.34 GL FW\t175\r\n
     9.54 GL SER#\tHQ25492XRJM\r\n
     9.54 GL V\t13250\r\n
     9.54 GL I\t-10\r\n
     9.54 GL VPV\t10\r\n
     9.54 GL PPV\t0\r\n
     9.54 GL CS\t0\r\n
     9.54 GL MPPT\t0\r\n
     9.54 GL OR\t0x00000001\r\n
     9.54 GL ERR\t0\r\n
     9.54 GL LOAD\tON\r\n
     9.54 GL IL\t0\r\n
     9.54 GL H19\t467\r\n
     9.54 GL H20\t0\r\n
     9.54 GL H21\t0\r\n
     9.54 GL H22\t3\r\n
     9.54 GL H23\t26\r\n
     9.54 GL HSDS\t59\r\n
     9.54 GL Checksum\t\xE1"":7F7ED008C05D9\n
     9.54 GL :7F7ED008C05D9\n
     9.54 GL :7F7ED008C05D9\n
     9.74 GL :7F7ED008C05D9\n
     9.74 GL :7F7ED008C05D9\n
     9.74 GL :7F7ED008C05D9\n
     9.74 GL :7F7ED008C05D9\n
     9.94 GL :7F7ED008C05D9\n
     9.94 GL :7F7ED008C05D9\n
     9.94 GL :7F7ED008C05D9\n
     9.94 GL :7F7ED008C05D9\n
    10.14 GL :7F7ED008C05D9\n
    10.14 GL :7F7ED008C05D9\n
    10.14 GL :7F7ED008C05D9\n
    10.14 GL :7F7ED008C05D9\n
    10.34 GL :7F7ED008C05D9\n
    10.34 GL :7F7ED008C05D9\n
    10.34 GL :7F7ED008C05D9\n
    10.34 GL :7F7ED008C05D9\n
    10.34 GL \r\n
    10.34 GL PID\t0xA075\r\n
    10.34 GL FW\t175\r\n
    10.34 GL SER#\tHQ25492XRJM\r\n
    10.54 GL V\t13250\r\n
    10.54 GL I\t-10\r\n
    10.54 GL VPV\t10\r\n
    10.54 GL PPV\t0\r\n
    10.54 GL CS\t0\r\n
    10.54 GL MPPT\t0\r\n
    10.54 GL OR\t0x00000001\r\n
    10.54 GL ERR\t0\r\n
    10.54 GL LOAD\tON\r\n
    10.54 GL IL\t0\r\n
    10.54 GL H19\t467\r\n
    10.54 GL H20\t0\r\n
    10.54 GL H21\t0\r\n
    10.54 GL H22\t3\r\n
    10.54 GL H23\t26\r\n
    10.54 GL HSDS\t59\r\n
    10.54 GL Checksum\t\xE1"":7F7ED008C05D9\n
    10.54 GL :7F7ED008C05D9\n
    10.54 GL :7F7ED008C05D9\n
    10.74 GL :7F7ED008C05D9\n
    10.74 GL :7F7ED008C05D9\n
    10.74 GL :7F7ED008C05D9\n
    10.74 GL :7F7ED008C05D9\n
    10.94 GL :7F7ED008C05D9\n
    10.94 GL :7F7ED008C05D9\n
    10.94 GL :7F7ED008C05D9\n
    10.94 GL :7F7ED008C05D9\n
    11.14 GL :7F7ED008C05D9\n
    11.14 GL :7F7ED008C05D9\n
    11.14 GL :7F7ED008C05D9\n
    11.14 GL :7F7ED008C05D9\n
    11.34 GL :7F7ED008C05D9\n
    11.34 GL :7F7ED008C05D9\n
    11.34 GL :7F7ED008C05D9\n
    11.34 GL :7F7ED008C05D9\n
    11.34 GL \r\n
    11.34 GL PID\t0xA075\r\n
    11.34 GL FW\t175\r\n
    11.34 GL SER#\tHQ25492XRJM\r\n
    11.54 GL V\t13250\r\n
    11.54 GL I\t-10\r\n
    11.54 GL VPV\t10\r\n
    11.54 GL PPV\t0\r\n
    11.54 GL CS\t0\r\n
    11.54 GL MPPT\t0\r\n
    11.54 GL OR\t0x00000001\r\n
    11.54 GL ERR\t0\r\n
    11.54 GL LOAD\tON\r\n
    11.54 GL IL\t0\r\n
    11.54 GL H19\t467\r\n
    11.54 GL H20\t0\r\n
    11.54 GL H21\t0\r\n
    11.54 GL H22\t3\r\n
    11.54 GL H23\t26\r\n
    11.54 GL HSDS\t59\r\n
    11.54 GL Checksum\t\xE1"":7F7ED008C05D9\n
    11.54 GL :7F7ED008C05D9\n
    11.54 GL :7F7ED008C05D9\n
    11.74 GL :7F7ED008C05D9\n
    11.74 GL :7F7ED008C05D9\n
    11.74 GL :7F7ED008C05D9\n
    11.74 GL :7F7ED008C05D9\n
    11.94 GL :7F7ED008C05D9\n
    11.94 GL :7F7ED008C05D9\n
    11.94 GL 
    11.94 GL ved raw: 2537 bytes, the first 7 ms in; 100 Gets sent
