# M25 capture opened 2026-09-19T16:56:32Z port=/dev/cu.usbserial-0001 baud=115200
2026-09-19T16:56:32Z,#PORT-OPEN
2026-09-19T16:56:32Z,#RESET
2026-09-19T16:56:32Z,ESP-ROM:esp32s3-20210327
2026-09-19T16:56:32Z,Build:Mar 27 2021
2026-09-19T16:56:32Z,rst:0x1 (POWERON),boot:0x9 (SPI_FAST_FLASH_BOOT)
2026-09-19T16:56:32Z,SPIWP:0xee
2026-09-19T16:56:32Z,mode:DIO, clock div:1
2026-09-19T16:56:32Z,load:0x3fce3808,len:0x4bc
2026-09-19T16:56:32Z,load:0x403c9700,len:0xbd8
2026-09-19T16:56:32Z,load:0x403cc700,len:0x2a0c
2026-09-19T16:56:32Z,entry 0x403c98d0
2026-09-19T16:56:32Z,LRAN chan-capture - listen-only channel sampler, never transmits (35c8471)
2026-09-19T16:56:32Z,Board: heltec_wifi_lora_32_V3
2026-09-19T16:56:32Z,MAC: 44:1b:f6:f9:70:14
2026-09-19T16:56:32Z,capture: sampling 917400000 Hz (default)
2026-09-19T16:56:32Z,PHY: 917.4 MHz, SF9, BW 125 kHz, CR 4/5, receive only
2026-09-19T16:56:32Z,CHAN-BOOT,35c8471,917400000,9,1250,1000,-1100,10
2026-09-19T16:56:32Z,radio: up, receiving
2026-09-19T16:56:39Z,CHAN,6,6186,1000,100,0,1,0,-960,-1160,-1145
2026-09-19T16:56:42Z,CHANSUM,0,9,10,10000,999,1,1,0,1,0,-960,-1160,-1160,-1160
2026-09-19T16:56:49Z,CHAN,16,16186,1000,100,0,2,0,-980,-1160,-1144
2026-09-19T16:56:50Z,CHAN,17,17186,1000,100,0,3,0,-1040,-1160,-1143
2026-09-19T16:57:05Z,CHAN,32,32186,1000,100,0,2,0,-1030,-1160,-1145
2026-09-19T16:57:42Z,CHANSUM,10,69,60,60000,6000,0,7,0,3,0,-980,-1160,-1150,-1159
2026-09-19T16:57:47Z,CHAN,74,74186,1000,100,0,1,0,-670,-1160,-1142
2026-09-19T16:57:59Z,CHAN,86,86186,1000,100,0,1,0,-1050,-1160,-1145
2026-09-19T16:58:07Z,CHAN,94,94186,1000,100,0,4,0,-880,-1160,-1140
2026-09-19T16:58:42Z,CHANSUM,70,129,60,60000,6000,0,6,0,3,0,-670,-1160,-1160,-1160
2026-09-19T16:58:50Z,CHAN,137,137186,1000,100,0,3,0,-1050,-1160,-1145
2026-09-19T16:58:54Z,CHAN,141,141186,1000,100,0,3,0,-950,-1160,-1142
2026-09-19T16:59:08Z,CHAN,155,155186,1000,100,0,1,0,-1100,-1160,-1147
2026-09-19T16:59:21Z,CHAN,168,168186,1000,100,0,2,0,-1090,-1160,-1145
2026-09-19T16:59:42Z,CHANSUM,130,189,60,60000,6000,0,9,0,4,0,-950,-1160,-1150,-1159
2026-09-19T16:59:43Z,CHAN,190,190186,1000,100,0,4,0,-1030,-1160,-1143
2026-09-19T16:59:58Z,CHAN,205,205186,1000,100,0,1,0,-670,-1160,-1143
2026-09-19T17:00:13Z,CHAN,220,220186,1000,100,0,5,0,-1030,-1160,-1142
2026-09-19T17:00:41Z,CHAN,248,248186,1000,100,0,3,0,-1090,-1160,-1146
2026-09-19T17:00:42Z,CHANSUM,190,249,60,60000,6000,0,13,0,4,0,-670,-1160,-1160,-1160
2026-09-19T17:00:45Z,CHAN,252,252186,1000,100,0,2,0,-1040,-1160,-1145
2026-09-19T17:00:55Z,CHAN,262,262186,1000,100,0,3,0,-950,-1160,-1142
2026-09-19T17:01:15Z,CHAN,282,282186,1000,100,0,3,0,-1080,-1160,-1146
2026-09-19T17:01:42Z,CHANSUM,250,309,60,60000,6000,0,8,0,3,0,-950,-1160,-1150,-1159
2026-09-19T17:01:55Z,CHAN,322,322186,1000,100,0,5,0,-1090,-1160,-1144
2026-09-19T17:02:00Z,CHAN,327,327186,1000,100,0,1,0,-1050,-1160,-1145
2026-09-19T17:02:07Z,CHAN,334,334186,1000,100,0,1,0,-900,-1160,-1144
2026-09-19T17:02:08Z,CHAN,335,335186,1000,100,0,4,0,-680,-1160,-1135
2026-09-19T17:02:19Z,CHAN,346,346186,1000,100,0,2,0,-1090,-1160,-1146
2026-09-19T17:02:42Z,CHANSUM,310,369,60,60000,6000,0,13,0,5,0,-680,-1160,-1150,-1159
2026-09-19T17:02:44Z,CHAN,371,371186,1000,100,0,3,0,-1090,-1160,-1146
2026-09-19T17:03:25Z,CHAN,412,412186,1000,100,0,18,0,-980,-1160,-1130
2026-09-19T17:03:26Z,CHAN,413,413186,1000,100,0,39,0,-960,-1160,-1097
2026-09-19T17:03:27Z,CHAN,414,414186,1000,100,0,35,0,-960,-1160,-1104
2026-09-19T17:03:28Z,CHAN,415,415186,1000,100,0,27,0,-950,-1160,-1099
2026-09-19T17:03:29Z,CHAN,416,416186,1000,100,0,32,0,-950,-1160,-1094
2026-09-19T17:03:32Z,CHAN,419,419186,1000,100,0,36,0,-950,-1160,-1084
2026-09-19T17:03:33Z,CHAN,420,420186,1000,100,0,58,0,-950,-1150,-1054
2026-09-19T17:03:41Z,CHAN,428,428186,1000,100,0,2,0,-1100,-1160,-1146
2026-09-19T17:03:42Z,CHANSUM,370,429,60,60000,6000,0,250,0,9,0,-950,-1160,-1150,-1159
2026-09-19T17:03:57Z,CHAN,444,444186,1000,100,0,1,0,-1090,-1150,-1146
2026-09-19T17:04:01Z,CHAN,448,448186,1000,100,0,36,0,-960,-1150,-1099
2026-09-19T17:04:02Z,CHAN,449,449186,1000,100,0,23,0,-960,-1160,-1114
2026-09-19T17:04:19Z,CHAN,466,466186,1000,100,0,1,0,-740,-1160,-1142
2026-09-19T17:04:28Z,CHAN,475,475186,1000,100,0,14,0,-950,-1160,-1122
2026-09-19T17:04:29Z,CHAN,476,476186,1000,100,0,35,0,-950,-1160,-1089
2026-09-19T17:04:30Z,CHAN,477,477186,1000,100,0,15,0,-960,-1160,-1120
2026-09-19T17:04:42Z,CHANSUM,430,489,60,60000,6000,0,125,0,7,0,-740,-1160,-1150,-1159
2026-09-19T17:05:22Z,CHAN,529,529186,1000,100,0,4,0,-960,-1160,-1141
2026-09-19T17:05:35Z,CHAN,542,542186,1000,100,0,4,0,-950,-1160,-1141
2026-09-19T17:05:42Z,CHANSUM,490,549,60,60000,6000,0,8,0,2,0,-950,-1160,-1150,-1159
2026-09-19T17:05:48Z,CHAN,555,555186,1000,100,0,41,0,-950,-1160,-1074
2026-09-19T17:05:49Z,CHAN,556,556186,1000,100,0,36,0,-950,-1160,-1091
2026-09-19T17:06:09Z,CHAN,576,576186,1000,100,0,4,0,-960,-1160,-1140
2026-09-19T17:06:23Z,CHAN,590,590186,1000,100,0,4,0,-980,-1160,-1139
2026-09-19T17:06:30Z,CHAN,597,597186,1000,100,0,1,0,-680,-1160,-1142
2026-09-19T17:06:42Z,CHANSUM,550,609,60,60000,6000,0,86,0,5,0,-680,-1160,-1150,-1159
2026-09-19T17:06:48Z,CHAN,615,615186,1000,100,0,4,0,-870,-1160,-1137
2026-09-19T17:07:38Z,CHAN,665,665186,1000,100,0,3,0,-1090,-1160,-1145
2026-09-19T17:07:42Z,CHANSUM,610,669,60,60000,6000,0,7,0,2,0,-870,-1160,-1150,-1159
2026-09-19T17:08:03Z,CHAN,690,690186,1000,100,0,3,0,-920,-1160,-1140
2026-09-19T17:08:14Z,CHAN,701,701186,1000,100,0,1,0,-1100,-1160,-1146
2026-09-19T17:08:41Z,CHAN,728,728186,1000,100,0,1,0,-670,-1160,-1142
2026-09-19T17:08:42Z,CHANSUM,670,729,60,60000,6000,0,5,0,3,0,-670,-1160,-1150,-1159
2026-09-19T17:09:29Z,CHAN,776,776186,1000,100,0,11,0,-1040,-1160,-1137
2026-09-19T17:09:42Z,CHANSUM,730,789,60,60000,6000,0,11,0,1,0,-1040,-1160,-1150,-1159
2026-09-19T17:09:53Z,CHAN,800,800186,1000,100,0,4,0,-1040,-1160,-1143
2026-09-19T17:10:22Z,CHAN,829,829186,1000,100,0,1,0,-1100,-1160,-1145
2026-09-19T17:10:42Z,CHANSUM,790,849,60,60000,6000,0,5,0,2,0,-1040,-1160,-1150,-1159
2026-09-19T17:10:45Z,CHAN,852,852186,1000,100,0,44,0,-950,-1160,-1073
2026-09-19T17:10:46Z,CHAN,853,853186,1000,100,0,21,0,-950,-1160,-1109
2026-09-19T17:10:51Z,CHAN,858,858186,1000,100,0,1,0,-760,-1160,-1144
2026-09-19T17:11:42Z,CHANSUM,850,909,60,60000,6000,0,66,0,3,0,-760,-1160,-1150,-1159
2026-09-19T17:12:24Z,CHAN,951,951186,1000,100,0,3,0,-1100,-1160,-1144
2026-09-19T17:12:34Z,CHAN,961,961186,1000,100,0,8,0,-960,-1160,-1138
2026-09-19T17:12:35Z,CHAN,962,962186,1000,100,0,40,0,-950,-1160,-1087
2026-09-19T17:12:36Z,CHAN,963,963186,1000,100,0,28,0,-950,-1170,-1108
2026-09-19T17:12:37Z,CHAN,964,964186,1000,100,0,28,0,-950,-1160,-1103
2026-09-19T17:12:42Z,CHANSUM,910,969,60,60000,6000,0,107,0,5,0,-950,-1170,-1150,-1159
2026-09-19T17:13:00Z,CHAN,987,987186,1000,100,0,14,0,-950,-1170,-1124
2026-09-19T17:13:01Z,CHAN,988,988186,1000,100,0,46,0,-950,-1160,-1085
2026-09-19T17:13:02Z,CHAN,989,989186,1000,100,0,42,0,-670,-1160,-1087
2026-09-19T17:13:12Z,CHAN,999,999186,1000,100,0,29,0,-950,-1160,-1101
2026-09-19T17:13:13Z,CHAN,1000,1000186,1000,100,0,29,0,-960,-1160,-1103
2026-09-19T17:13:14Z,CHAN,1001,1001186,1000,100,0,14,0,-950,-1160,-1122
2026-09-19T17:13:15Z,CHAN,1002,1002186,1000,100,0,53,0,-950,-1150,-1052
2026-09-19T17:13:16Z,CHAN,1003,1003186,1000,100,0,11,0,-980,-1150,-1129
2026-09-19T17:13:38Z,CHAN,1025,1025186,1000,100,0,25,0,-950,-1160,-1104
2026-09-19T17:13:39Z,CHAN,1026,1026186,1000,100,0,39,0,-960,-1160,-1084
2026-09-19T17:13:42Z,CHANSUM,970,1029,60,60000,6000,0,302,0,10,0,-670,-1170,-1150,-1159
2026-09-19T17:14:00Z,CHAN,1047,1047186,1000,100,0,14,0,-950,-1160,-1123
2026-09-19T17:14:01Z,CHAN,1048,1048186,1000,100,0,32,0,-960,-1160,-1105
2026-09-19T17:14:02Z,CHAN,1049,1049186,1000,100,0,48,0,-950,-1160,-1073
2026-09-19T17:14:42Z,CHANSUM,1030,1089,60,60000,6000,0,94,0,3,0,-950,-1160,-1150,-1159
2026-09-19T17:15:13Z,CHAN,1120,1120186,1000,100,0,1,0,-680,-1160,-1142
2026-09-19T17:15:31Z,CHAN,1138,1138186,1000,100,0,5,0,-710,-1160,-1126
2026-09-19T17:15:42Z,CHANSUM,1090,1149,60,60000,6000,0,6,0,2,0,-680,-1160,-1150,-1159
2026-09-19T17:16:21Z,CHAN,1188,1188186,1000,100,0,5,0,-960,-1160,-1139
2026-09-19T17:16:35Z,CHAN,1202,1202186,1000,100,0,8,0,-970,-1160,-1134
2026-09-19T17:16:36Z,CHAN,1203,1203186,1000,100,0,40,0,-960,-1150,-1089
2026-09-19T17:16:37Z,CHAN,1204,1204186,1000,100,0,24,0,-950,-1160,-1106
2026-09-19T17:16:40Z,CHAN,1207,1207186,1000,100,0,28,0,-960,-1160,-1100
2026-09-19T17:16:41Z,CHAN,1208,1208186,1000,100,0,31,0,-950,-1160,-1099
2026-09-19T17:16:42Z,CHANSUM,1150,1209,60,60000,6000,0,136,0,6,0,-950,-1160,-1150,-1159
2026-09-19T17:17:23Z,CHAN,1250,1250186,1000,100,0,1,0,-740,-1160,-1143
2026-09-19T17:17:26Z,CHAN,1253,1253186,1000,100,0,32,0,-950,-1160,-1094
2026-09-19T17:17:27Z,CHAN,1254,1254186,1000,100,0,32,0,-960,-1160,-1097
2026-09-19T17:17:28Z,CHAN,1255,1255186,1000,100,0,14,0,-950,-1160,-1123
2026-09-19T17:17:40Z,CHAN,1267,1267186,1000,100,0,1,0,-1100,-1160,-1147
2026-09-19T17:17:42Z,CHANSUM,1210,1269,60,60000,6000,0,80,0,5,0,-740,-1160,-1150,-1159
2026-09-19T17:18:15Z,CHAN,1302,1302186,1000,100,0,13,0,-980,-1160,-1132
2026-09-19T17:18:37Z,CHAN,1324,1324186,1000,100,0,1,0,-1100,-1160,-1146
2026-09-19T17:18:42Z,CHANSUM,1270,1329,60,60000,6000,0,14,0,2,0,-980,-1160,-1150,-1159
2026-09-19T17:19:24Z,CHAN,1371,1371186,1000,100,0,1,0,-1100,-1160,-1146
2026-09-19T17:19:34Z,CHAN,1381,1381186,1000,100,0,1,0,-680,-1160,-1142
2026-09-19T17:19:42Z,CHANSUM,1330,1389,60,60000,6000,0,2,0,2,0,-680,-1160,-1150,-1159
2026-09-19T17:20:42Z,CHANSUM,1390,1449,60,60000,6000,0,0,0,0,0,-1130,-1160,-1150,-1159
2026-09-19T17:21:01Z,CHAN,1468,1468186,1000,100,0,8,0,-970,-1160,-1137
2026-09-19T17:21:02Z,CHAN,1469,1469186,1000,100,0,50,0,-950,-1160,-1065
2026-09-19T17:21:03Z,CHAN,1470,1470186,1000,100,0,48,0,-950,-1160,-1073
2026-09-19T17:21:04Z,CHAN,1471,1471186,1000,100,0,14,0,-950,-1150,-1122
2026-09-19T17:21:25Z,CHAN,1492,1492186,1000,100,0,28,0,-950,-1160,-1104
2026-09-19T17:21:26Z,CHAN,1493,1493186,1000,100,0,24,0,-960,-1160,-1119
2026-09-19T17:21:27Z,CHAN,1494,1494186,1000,100,0,50,0,-950,-1150,-1071
2026-09-19T17:21:28Z,CHAN,1495,1495186,1000,100,0,6,0,-970,-1160,-1138
2026-09-19T17:21:42Z,CHANSUM,1450,1509,60,60000,6000,0,228,0,8,0,-950,-1160,-1150,-1159
2026-09-19T17:21:45Z,CHAN,1512,1512186,1000,100,0,1,0,-670,-1160,-1142
2026-09-19T17:22:07Z,CHAN,1534,1534186,1000,100,0,8,0,-960,-1160,-1133
2026-09-19T17:22:08Z,CHAN,1535,1535186,1000,100,0,56,0,-950,-1150,-1050
2026-09-19T17:22:42Z,CHANSUM,1510,1569,60,60000,6000,0,65,0,3,0,-670,-1160,-1150,-1159
2026-09-19T17:22:47Z,CHAN,1574,1574186,1000,100,0,19,0,-970,-1160,-1116
2026-09-19T17:22:48Z,CHAN,1575,1575186,1000,100,0,51,0,-950,-1160,-1062
2026-09-19T17:22:49Z,CHAN,1576,1576186,1000,100,0,14,0,-960,-1150,-1122
2026-09-19T17:23:42Z,CHANSUM,1570,1629,60,60000,6000,0,84,0,3,0,-950,-1160,-1150,-1159
2026-09-19T17:23:55Z,CHAN,1642,1642186,1000,100,0,1,0,-690,-1160,-1142
2026-09-19T17:24:06Z,CHAN,1653,1653186,1000,100,0,3,0,-950,-1160,-1142
2026-09-19T17:24:22Z,CHAN,1669,1669186,1000,100,0,5,0,-1050,-1160,-1143
2026-09-19T17:24:38Z,CHAN,1685,1685186,1000,100,0,4,0,-1050,-1160,-1144
2026-09-19T17:24:41Z,CHAN,1688,1688186,1000,100,0,3,0,-980,-1150,-1141
2026-09-19T17:24:42Z,CHANSUM,1630,1689,60,60000,6000,0,16,0,5,0,-690,-1160,-1150,-1159
2026-09-19T17:24:54Z,CHAN,1701,1701186,1000,100,0,4,0,-1090,-1160,-1146
2026-09-19T17:25:09Z,CHAN,1716,1716186,1000,100,0,4,0,-960,-1160,-1140
2026-09-19T17:25:22Z,CHAN,1729,1729186,1000,100,0,2,0,-1100,-1160,-1146
2026-09-19T17:25:42Z,CHANSUM,1690,1749,60,60000,6000,0,10,0,3,0,-960,-1160,-1150,-1159
2026-09-19T17:25:53Z,CHAN,1760,1760186,1000,100,0,4,0,-950,-1160,-1139
2026-09-19T17:26:01Z,CHAN,1768,1768186,1000,100,0,4,0,-1060,-1160,-1143
2026-09-19T17:26:02Z,CHAN,1769,1769186,1000,100,0,4,0,-1050,-1160,-1143
2026-09-19T17:26:06Z,CHAN,1773,1773186,1000,100,0,1,0,-680,-1160,-1142
2026-09-19T17:26:09Z,CHAN,1776,1776186,1000,100,0,4,0,-960,-1160,-1141
2026-09-19T17:26:39Z,CHAN,1806,1806186,1000,100,0,4,0,-1050,-1160,-1144
2026-09-19T17:26:42Z,CHANSUM,1750,1809,60,60000,6000,0,21,0,6,0,-680,-1160,-1150,-1159
2026-09-19T17:26:47Z,CHAN,1814,1814186,1000,100,0,3,0,-1100,-1160,-1145
2026-09-19T17:26:49Z,CHAN,1816,1816186,1000,100,0,4,0,-940,-1160,-1139
2026-09-19T17:27:08Z,CHAN,1835,1835186,1000,100,0,8,0,-980,-1160,-1138
2026-09-19T17:27:39Z,CHAN,1866,1866186,1000,100,0,4,0,-1050,-1160,-1143
2026-09-19T17:27:42Z,CHANSUM,1810,1869,60,60000,6000,0,19,0,4,0,-940,-1160,-1150,-1159
2026-09-19T17:27:48Z,CHAN,1875,1875186,1000,100,0,4,0,-1050,-1160,-1144
2026-09-19T17:27:49Z,CHAN,1876,1876186,1000,100,0,37,0,-950,-1160,-1093
2026-09-19T17:28:17Z,CHAN,1904,1904186,1000,100,0,1,0,-680,-1160,-1142
2026-09-19T17:28:21Z,CHAN,1908,1908186,1000,100,0,4,0,-720,-1160,-1131
2026-09-19T17:28:31Z,CHAN,1918,1918186,1000,100,0,1,0,-1090,-1160,-1146
2026-09-19T17:28:32Z,CHAN,1919,1919186,1000,100,0,3,0,-890,-1160,-1139
2026-09-19T17:28:40Z,CHAN,1927,1927186,1000,100,0,4,0,-970,-1160,-1141
2026-09-19T17:28:42Z,CHANSUM,1870,1929,60,60000,6000,0,54,0,7,0,-680,-1160,-1150,-1159
2026-09-19T17:28:52Z,CHAN,1939,1939186,1000,100,0,8,0,-980,-1160,-1138
2026-09-19T17:28:58Z,CHAN,1945,1945186,1000,100,0,4,0,-1090,-1160,-1144
2026-09-19T17:29:42Z,CHANSUM,1930,1989,60,60000,6000,0,12,0,2,0,-980,-1160,-1150,-1159
2026-09-19T17:29:57Z,CHAN,2004,2004186,1000,100,0,1,0,-1090,-1160,-1146
2026-09-19T17:29:58Z,CHAN,2005,2005186,1000,100,0,3,0,-1080,-1160,-1146
2026-09-19T17:30:26Z,CHAN,2033,2033186,1000,100,0,4,0,-1000,-1150,-1141
2026-09-19T17:30:27Z,CHAN,2034,2034186,1000,100,0,1,0,-700,-1160,-1142
2026-09-19T17:30:42Z,CHANSUM,1990,2049,60,60000,6000,0,9,0,4,0,-700,-1160,-1150,-1159
2026-09-19T17:31:17Z,CHAN,2084,2084186,1000,100,0,1,0,-1100,-1160,-1146
2026-09-19T17:31:24Z,CHAN,2091,2091186,1000,100,0,87,0,-900,-1150,-994
2026-09-19T17:31:25Z,CHAN,2092,2092186,1000,100,0,19,0,-910,-1160,-1109
2026-09-19T17:31:35Z,CHAN,2102,2102186,1000,100,0,3,0,-1100,-1160,-1146
2026-09-19T17:31:42Z,CHANSUM,2050,2109,60,60000,6000,0,110,0,4,0,-900,-1160,-1150,-1159
2026-09-19T17:32:38Z,CHAN,2165,2165186,1000,100,0,1,0,-670,-1160,-1143
2026-09-19T17:32:42Z,CHANSUM,2110,2169,60,60000,6000,0,1,0,1,0,-670,-1160,-1160,-1160
2026-09-19T17:33:42Z,CHANSUM,2170,2229,60,60000,6000,0,0,0,0,0,-1130,-1160,-1160,-1160
2026-09-19T17:34:42Z,CHANSUM,2230,2289,60,60000,6000,0,0,0,0,0,-1130,-1160,-1160,-1160
2026-09-19T17:34:49Z,CHAN,2296,2296186,1000,100,0,1,0,-670,-1160,-1142
2026-09-19T17:34:57Z,CHAN,2304,2304186,1000,100,0,41,0,-940,-1160,-1082
2026-09-19T17:34:58Z,CHAN,2305,2305186,1000,100,0,66,0,-930,-1160,-1028
2026-09-19T17:35:42Z,CHANSUM,2290,2349,60,60000,6000,0,108,0,3,0,-670,-1160,-1150,-1159
2026-09-19T17:36:42Z,CHANSUM,2350,2409,60,60000,6000,0,0,0,0,0,-1130,-1160,-1160,-1160
2026-09-19T17:36:59Z,CHAN,2426,2426186,1000,100,0,1,0,-810,-1160,-1144
2026-09-19T17:37:42Z,CHANSUM,2410,2469,60,60000,6000,0,1,0,1,0,-810,-1160,-1150,-1159
2026-09-19T17:37:44Z,CHAN,2471,2471186,1000,100,0,29,0,-940,-1160,-1101
2026-09-19T17:37:45Z,CHAN,2472,2472186,1000,100,0,33,0,-950,-1160,-1099
2026-09-19T17:37:46Z,CHAN,2473,2473186,1000,100,0,31,0,-950,-1160,-1093
2026-09-19T17:38:42Z,CHANSUM,2470,2529,60,60000,6000,0,93,0,3,0,-940,-1160,-1150,-1159
2026-09-19T17:39:10Z,CHAN,2557,2557186,1000,100,0,1,0,-670,-1160,-1143
2026-09-19T17:39:17Z,CHAN,2564,2564186,1000,100,0,4,0,-970,-1160,-1139
2026-09-19T17:39:42Z,CHANSUM,2530,2589,60,60000,6000,0,5,0,2,0,-670,-1160,-1160,-1160
2026-09-19T17:40:03Z,CHAN,2610,2610186,1000,100,0,45,0,-940,-1150,-1072
2026-09-19T17:40:04Z,CHAN,2611,2611186,1000,100,0,43,0,-940,-1160,-1070
2026-09-19T17:40:42Z,CHANSUM,2590,2649,60,60000,6000,0,88,0,2,0,-940,-1160,-1150,-1159
2026-09-19T17:41:21Z,CHAN,2688,2688186,1000,100,0,1,0,-680,-1160,-1143
2026-09-19T17:41:42Z,CHANSUM,2650,2709,60,60000,6000,0,1,0,1,0,-680,-1160,-1150,-1159
2026-09-19T17:42:42Z,CHANSUM,2710,2769,60,60000,6000,0,0,0,0,0,-1130,-1160,-1160,-1160
2026-09-19T17:43:00Z,CHAN,2787,2787186,1000,100,0,2,0,-1100,-1160,-1146
2026-09-19T17:43:32Z,CHAN,2819,2819186,1000,100,0,1,0,-980,-1160,-1146
2026-09-19T17:43:42Z,CHANSUM,2770,2829,60,60000,6000,0,3,0,2,0,-980,-1160,-1160,-1160
2026-09-19T17:44:42Z,CHANSUM,2830,2889,60,60000,6000,0,0,0,0,0,-1130,-1160,-1150,-1159
2026-09-19T17:45:17Z,CHAN,2924,2924186,1000,100,0,86,0,-940,-1160,-1009
2026-09-19T17:45:18Z,CHAN,2925,2925186,1000,100,0,20,0,-940,-1160,-1110
2026-09-19T17:45:30Z,CHAN,2937,2937186,1000,100,0,51,0,-930,-1160,-1074
2026-09-19T17:45:31Z,CHAN,2938,2938186,1000,100,0,60,0,-930,-1150,-1036
2026-09-19T17:45:42Z,CHAN,2949,2949186,1000,100,0,1,0,-670,-1160,-1143
2026-09-19T17:45:42Z,CHANSUM,2890,2949,60,60000,6000,0,218,0,5,0,-670,-1160,-1150,-1159
2026-09-19T17:46:42Z,CHANSUM,2950,3009,60,60000,6000,0,0,0,0,0,-1130,-1160,-1150,-1159
2026-09-19T17:47:37Z,CHAN,3064,3064186,1000,100,0,5,0,-1050,-1160,-1143
2026-09-19T17:47:42Z,CHANSUM,3010,3069,60,60000,6000,0,5,0,1,0,-1050,-1160,-1150,-1159
2026-09-19T17:47:53Z,CHAN,3080,3080186,1000,100,0,1,0,-680,-1160,-1143
2026-09-19T17:48:42Z,CHANSUM,3070,3129,60,60000,6000,0,1,0,1,0,-680,-1160,-1150,-1159
2026-09-19T17:49:42Z,CHANSUM,3130,3189,60,60000,6000,0,0,0,0,0,-1120,-1160,-1160,-1160
2026-09-19T17:50:04Z,CHAN,3211,3211186,1000,100,0,6,0,-920,-1150,-1142
2026-09-19T17:50:42Z,CHANSUM,3190,3249,60,60000,6000,0,6,0,1,0,-920,-1170,-1150,-1159
2026-09-19T17:51:42Z,CHANSUM,3250,3309,60,60000,6000,0,0,0,0,0,-1120,-1160,-1150,-1159
2026-09-19T17:52:14Z,CHAN,3341,3341186,1000,100,0,1,0,-670,-1160,-1143
2026-09-19T17:52:28Z,CHAN,3355,3355186,1000,100,0,1,0,-1090,-1160,-1148
2026-09-19T17:52:42Z,CHANSUM,3310,3369,60,60000,6000,0,2,0,2,0,-670,-1160,-1150,-1159
2026-09-19T17:53:42Z,CHANSUM,3370,3429,60,60000,6000,0,0,0,0,0,-1130,-1160,-1150,-1159
2026-09-19T17:54:25Z,CHAN,3472,3472186,1000,100,0,1,0,-670,-1160,-1142
2026-09-19T17:54:42Z,CHANSUM,3430,3489,60,60000,6000,0,1,0,1,0,-670,-1160,-1160,-1160
2026-09-19T17:54:51Z,CHAN,3498,3498186,1000,100,0,5,0,-970,-1160,-1140
2026-09-19T17:55:42Z,CHANSUM,3490,3549,60,60000,6000,0,5,0,1,0,-970,-1160,-1150,-1159
2026-09-19T17:55:45Z,CHAN,3552,3552186,1000,100,0,5,0,-1050,-1160,-1143
# M25 capture closed 2026-09-19T17:56:32Z
