# M25 capture opened 2026-09-19T13:44:03Z port=/dev/cu.usbserial-4 baud=115200
2026-09-19T13:44:03Z,#PORT-OPEN
2026-09-19T13:44:03Z,#RESET
2026-09-19T13:44:03Z,ESP-ROM:esp32s3-20210327
2026-09-19T13:44:03Z,Build:Mar 27 2021
2026-09-19T13:44:03Z,rst:0x1 (POWERON),boot:0x29 (SPI_FAST_FLASH_BOOT)
2026-09-19T13:44:03Z,SPIWP:0xee
2026-09-19T13:44:03Z,mode:DIO, clock div:1
2026-09-19T13:44:03Z,load:0x3fce3808,len:0x4bc
2026-09-19T13:44:03Z,load:0x403c9700,len:0xbd8
2026-09-19T13:44:03Z,load:0x403cc700,len:0x2a0c
2026-09-19T13:44:03Z,entry 0x403c98d0
2026-09-19T13:44:03Z,LRAN chan-capture - listen-only channel sampler, never transmits (6bf9a38)
2026-09-19T13:44:03Z,Board: heltec_wifi_lora_32_V3
2026-09-19T13:44:03Z,MAC: 44:1b:f6:fa:bc:2c
2026-09-19T13:44:03Z,capture: sampling 917400000 Hz (stored)
2026-09-19T13:44:03Z,PHY: 917.4 MHz, SF9, BW 125 kHz, CR 4/5, receive only
2026-09-19T13:44:03Z,CHAN-BOOT,6bf9a38,917400000,9,1250,1000,-1100,10
2026-09-19T13:44:03Z,radio: up, receiving
2026-09-19T13:44:13Z,CHANSUM,0,9,10,10000,999,1,0,0,0,0,-1110,-1150,-1140,-1148
2026-09-19T13:45:13Z,CHANSUM,10,69,60,60000,6000,0,0,0,0,0,-1120,-1150,-1140,-1143
2026-09-19T13:45:30Z,CHAN,86,86164,1000,100,0,5,0,-1050,-1140,-1129
2026-09-19T13:46:06Z,CHAN,122,122164,1000,100,0,1,0,-1100,-1150,-1131
2026-09-19T13:46:13Z,CHANSUM,70,129,60,60000,6000,0,6,0,2,0,-1050,-1150,-1140,-1142
2026-09-19T13:46:54Z,CHAN,170,170164,1000,100,0,5,0,-1090,-1140,-1130
2026-09-19T13:47:13Z,CHANSUM,130,189,60,60000,6000,0,5,0,1,0,-1090,-1160,-1140,-1143
2026-09-19T13:48:13Z,CHANSUM,190,249,60,60000,6000,0,0,0,0,0,-1120,-1150,-1140,-1149
2026-09-19T13:48:17Z,CHAN,253,253164,1000,100,0,1,0,-740,-1150,-1132
2026-09-19T13:49:13Z,CHANSUM,250,309,60,60000,6000,0,1,0,1,0,-740,-1150,-1140,-1149
2026-09-19T13:50:13Z,CHANSUM,310,369,60,60000,6000,0,0,0,0,0,-1120,-1160,-1150,-1150
2026-09-19T13:50:28Z,CHAN,384,384164,1000,100,0,1,0,-800,-1150,-1134
2026-09-19T13:51:13Z,CHANSUM,370,429,60,60000,6000,0,1,0,1,0,-800,-1150,-1140,-1148
2026-09-19T13:51:48Z,CHAN,464,464164,1000,100,0,23,0,-950,-1150,-1091
2026-09-19T13:51:49Z,CHAN,465,465164,1000,100,0,43,0,-940,-1160,-1064
2026-09-19T13:52:13Z,CHANSUM,430,489,60,60000,6000,0,66,0,2,0,-940,-1160,-1140,-1149
2026-09-19T13:52:38Z,CHAN,514,514164,1000,100,0,1,0,-760,-1140,-1130
2026-09-19T13:53:13Z,CHANSUM,490,549,60,60000,6000,0,1,0,1,0,-760,-1160,-1140,-1147
2026-09-19T13:54:13Z,CHANSUM,550,609,60,60000,6000,0,0,0,0,0,-1120,-1150,-1140,-1149
2026-09-19T13:54:49Z,CHAN,645,645164,1000,100,0,1,0,-760,-1150,-1132
2026-09-19T13:55:09Z,CHAN,665,665164,1000,100,0,4,0,-940,-1140,-1126
2026-09-19T13:55:13Z,CHANSUM,610,669,60,60000,6000,0,5,0,2,0,-760,-1150,-1140,-1148
2026-09-19T13:56:13Z,CHANSUM,670,729,60,60000,6000,0,0,0,0,0,-1110,-1150,-1140,-1149
2026-09-19T13:57:00Z,CHAN,776,776164,1000,100,0,1,0,-710,-1150,-1130
2026-09-19T13:57:13Z,CHANSUM,730,789,60,60000,6000,0,1,0,1,0,-710,-1150,-1140,-1148
2026-09-19T13:58:13Z,CHANSUM,790,849,60,60000,6000,0,0,0,0,0,-1110,-1150,-1140,-1149
2026-09-19T13:59:10Z,CHAN,906,906164,1000,100,0,1,0,-730,-1140,-1128
2026-09-19T13:59:13Z,CHANSUM,850,909,60,60000,6000,0,1,0,1,0,-730,-1150,-1140,-1147
2026-09-19T14:00:13Z,CHANSUM,910,969,60,60000,6000,0,0,0,0,0,-1120,-1160,-1140,-1147
2026-09-19T14:01:13Z,CHANSUM,970,1029,60,60000,6000,0,0,0,0,0,-1120,-1160,-1150,-1150
2026-09-19T14:01:15Z,CHAN,1031,1031164,1000,100,0,3,0,-1000,-1150,-1134
2026-09-19T14:01:21Z,CHAN,1037,1037164,1000,100,0,1,0,-720,-1150,-1133
2026-09-19T14:01:41Z,CHAN,1057,1057164,1000,100,0,5,0,-1050,-1150,-1132
2026-09-19T14:02:13Z,CHANSUM,1030,1089,60,60000,6000,0,9,0,3,0,-720,-1160,-1150,-1150
2026-09-19T14:03:13Z,CHANSUM,1090,1149,60,60000,6000,0,0,0,0,0,-1120,-1150,-1150,-1150
2026-09-19T14:03:32Z,CHAN,1168,1168164,1000,100,0,1,0,-710,-1150,-1133
2026-09-19T14:04:13Z,CHANSUM,1150,1209,60,60000,6000,0,1,0,1,0,-710,-1150,-1140,-1149
2026-09-19T14:05:13Z,CHANSUM,1210,1269,60,60000,6000,0,0,0,0,0,-1120,-1150,-1140,-1149
2026-09-19T14:05:42Z,CHAN,1298,1298164,1000,100,0,1,0,-1050,-1150,-1136
2026-09-19T14:05:43Z,CHAN,1299,1299164,1000,100,0,3,0,-1010,-1150,-1133
2026-09-19T14:06:13Z,CHANSUM,1270,1329,60,60000,6000,0,4,0,2,0,-1010,-1150,-1140,-1149
2026-09-19T14:07:13Z,CHANSUM,1330,1389,60,60000,6000,0,0,0,0,0,-1110,-1160,-1140,-1149
2026-09-19T14:07:47Z,CHAN,1423,1423164,1000,100,0,2,0,-1050,-1140,-1128
2026-09-19T14:07:48Z,CHAN,1424,1424164,1000,100,0,3,0,-1040,-1140,-1128
2026-09-19T14:07:53Z,CHAN,1429,1429164,1000,100,0,1,0,-720,-1140,-1126
2026-09-19T14:08:13Z,CHANSUM,1390,1449,60,60000,6000,0,6,0,3,0,-720,-1150,-1140,-1145
2026-09-19T14:09:13Z,CHANSUM,1450,1509,60,60000,6000,0,0,0,0,0,-1120,-1160,-1140,-1148
2026-09-19T14:09:47Z,CHAN,1543,1543164,1000,100,0,4,0,-980,-1150,-1134
2026-09-19T14:10:13Z,CHANSUM,1510,1569,60,60000,6000,0,4,0,1,0,-980,-1160,-1150,-1150
2026-09-19T14:10:49Z,CHAN,1605,1605164,1000,100,0,2,0,-1060,-1150,-1138
2026-09-19T14:10:50Z,CHAN,1606,1606164,1000,100,0,3,0,-1060,-1150,-1138
2026-09-19T14:11:13Z,CHANSUM,1570,1629,60,60000,6000,0,5,0,2,0,-1060,-1160,-1140,-1150
2026-09-19T14:12:13Z,CHANSUM,1630,1689,60,60000,6000,0,0,0,0,0,-1110,-1160,-1140,-1150
2026-09-19T14:12:14Z,CHAN,1690,1690164,1000,100,0,1,0,-740,-1160,-1137
2026-09-19T14:13:11Z,CHAN,1747,1747164,1000,100,0,4,0,-1030,-1160,-1133
2026-09-19T14:13:13Z,CHANSUM,1690,1749,60,60000,6000,0,5,0,2,0,-740,-1160,-1140,-1150
2026-09-19T14:14:13Z,CHANSUM,1750,1809,60,60000,6000,0,0,0,0,0,-1120,-1160,-1150,-1150
2026-09-19T14:15:13Z,CHANSUM,1810,1869,60,60000,6000,0,0,0,0,0,-1120,-1160,-1150,-1150
2026-09-19T14:16:11Z,CHAN,1927,1927164,1000,100,0,37,0,-930,-1160,-1086
2026-09-19T14:16:13Z,CHANSUM,1870,1929,60,60000,6000,0,37,0,1,0,-930,-1160,-1140,-1150
2026-09-19T14:16:36Z,CHAN,1952,1952164,1000,100,0,1,0,-720,-1150,-1133
2026-09-19T14:17:13Z,CHANSUM,1930,1989,60,60000,6000,0,1,0,1,0,-720,-1150,-1140,-1149
2026-09-19T14:18:13Z,CHANSUM,1990,2049,60,60000,6000,0,0,0,0,0,-1120,-1160,-1150,-1150
2026-09-19T14:18:47Z,CHAN,2083,2083164,1000,100,0,1,0,-860,-1150,-1137
2026-09-19T14:19:13Z,CHANSUM,2050,2109,60,60000,6000,0,1,0,1,0,-860,-1160,-1150,-1150
2026-09-19T14:20:11Z,CHAN,2167,2167164,1000,100,0,1,0,-950,-1150,-1133
2026-09-19T14:20:12Z,CHAN,2168,2168164,1000,100,0,3,0,-940,-1150,-1128
2026-09-19T14:20:13Z,CHANSUM,2110,2169,60,60000,6000,0,4,0,2,0,-940,-1160,-1150,-1150
2026-09-19T14:20:57Z,CHAN,2213,2213164,1000,100,0,1,0,-750,-1140,-1128
2026-09-19T14:20:59Z,CHAN,2215,2215164,1000,100,0,1,0,-1100,-1160,-1129
2026-09-19T14:21:13Z,CHANSUM,2170,2229,60,60000,6000,0,2,0,2,0,-750,-1160,-1140,-1145
2026-09-19T14:22:13Z,CHANSUM,2230,2289,60,60000,6000,0,0,0,0,0,-1120,-1150,-1140,-1145
2026-09-19T14:23:08Z,CHAN,2344,2344164,1000,100,0,1,0,-770,-1140,-1129
2026-09-19T14:23:13Z,CHANSUM,2290,2349,60,60000,6000,0,1,0,1,0,-770,-1150,-1140,-1145
2026-09-19T14:24:13Z,CHANSUM,2350,2409,60,60000,6000,0,0,0,0,0,-1120,-1160,-1140,-1147
2026-09-19T14:24:42Z,CHAN,2438,2438164,1000,100,0,5,0,-1060,-1150,-1130
2026-09-19T14:25:13Z,CHANSUM,2410,2469,60,60000,6000,0,5,0,1,0,-1060,-1150,-1140,-1146
2026-09-19T14:25:19Z,CHAN,2475,2475164,1000,100,0,1,0,-730,-1150,-1131
2026-09-19T14:26:13Z,CHANSUM,2470,2529,60,60000,6000,0,1,0,1,0,-730,-1150,-1140,-1146
2026-09-19T14:27:13Z,CHANSUM,2530,2589,60,60000,6000,0,0,0,0,0,-1120,-1160,-1140,-1146
2026-09-19T14:27:29Z,CHAN,2605,2605164,1000,100,0,1,0,-730,-1150,-1133
2026-09-19T14:28:13Z,CHANSUM,2590,2649,60,60000,6000,0,1,0,1,0,-730,-1160,-1150,-1150
2026-09-19T14:29:13Z,CHANSUM,2650,2709,60,60000,6000,0,0,0,0,0,-1110,-1160,-1150,-1150
2026-09-19T14:29:40Z,CHAN,2736,2736164,1000,100,0,1,0,-830,-1150,-1138
2026-09-19T14:30:13Z,CHANSUM,2710,2769,60,60000,6000,0,1,0,1,0,-830,-1160,-1150,-1150
2026-09-19T14:31:13Z,CHANSUM,2770,2829,60,60000,6000,0,0,0,0,0,-1120,-1150,-1150,-1150
2026-09-19T14:31:51Z,CHAN,2867,2867164,1000,100,0,1,0,-740,-1150,-1136
2026-09-19T14:32:13Z,CHANSUM,2830,2889,60,60000,6000,0,1,0,1,0,-740,-1160,-1140,-1149
2026-09-19T14:32:30Z,CHAN,2906,2906164,1000,100,0,6,0,-960,-1150,-1135
2026-09-19T14:32:31Z,CHAN,2907,2907164,1000,100,0,52,0,-940,-1160,-1072
2026-09-19T14:32:32Z,CHAN,2908,2908164,1000,100,0,14,0,-950,-1160,-1120
2026-09-19T14:33:13Z,CHANSUM,2890,2949,60,60000,6000,0,72,0,3,0,-940,-1160,-1150,-1151
2026-09-19T14:33:52Z,CHAN,2988,2988164,1000,100,0,2,0,-1060,-1150,-1138
2026-09-19T14:33:55Z,CHAN,2991,2991164,1000,100,0,9,0,-950,-1150,-1122
2026-09-19T14:34:01Z,CHAN,2997,2997164,1000,100,0,1,0,-1040,-1160,-1138
2026-09-19T14:34:13Z,CHANSUM,2950,3009,60,60000,6000,0,12,0,3,0,-950,-1160,-1150,-1151
2026-09-19T14:35:13Z,CHANSUM,3010,3069,60,60000,6000,0,0,0,0,0,-1120,-1160,-1150,-1150
2026-09-19T14:36:08Z,CHAN,3124,3124164,1000,100,0,35,0,-900,-1150,-1058
2026-09-19T14:36:09Z,CHAN,3125,3125164,1000,100,0,1,0,-910,-1150,-1137
2026-09-19T14:36:12Z,CHAN,3128,3128164,1000,100,0,1,0,-710,-1150,-1135
2026-09-19T14:36:13Z,CHANSUM,3070,3129,60,60000,6000,0,37,0,3,0,-710,-1160,-1150,-1150
2026-09-19T14:36:29Z,CHAN,3145,3145164,1000,100,0,2,0,-1090,-1150,-1139
2026-09-19T14:36:30Z,CHAN,3146,3146164,1000,100,0,2,0,-1100,-1150,-1139
2026-09-19T14:37:01Z,CHAN,3177,3177164,1000,100,0,1,0,-1100,-1160,-1135
2026-09-19T14:37:02Z,CHAN,3178,3178164,1000,100,0,2,0,-1100,-1150,-1135
2026-09-19T14:37:11Z,CHAN,3187,3187164,1000,100,0,3,0,-1090,-1160,-1137
2026-09-19T14:37:12Z,CHAN,3188,3188164,1000,100,0,1,0,-1090,-1160,-1138
2026-09-19T14:37:13Z,CHANSUM,3130,3189,60,60000,6000,0,11,0,6,0,-1090,-1160,-1150,-1152
2026-09-19T14:37:38Z,CHAN,3214,3214164,1000,100,0,18,0,-900,-1150,-1099
2026-09-19T14:37:39Z,CHAN,3215,3215164,1000,100,0,52,0,-880,-1150,-1020
2026-09-19T14:37:40Z,CHAN,3216,3216164,1000,100,0,2,0,-900,-1150,-1135
2026-09-19T14:38:13Z,CHANSUM,3190,3249,60,60000,6000,0,72,0,3,0,-880,-1160,-1150,-1151
2026-09-19T14:39:13Z,CHANSUM,3250,3309,60,60000,6000,0,0,0,0,0,-1120,-1160,-1150,-1151
2026-09-19T14:40:13Z,CHANSUM,3310,3369,60,60000,6000,0,0,0,0,0,-1130,-1160,-1150,-1151
2026-09-19T14:40:33Z,CHAN,3389,3389164,1000,100,0,1,0,-710,-1150,-1137
2026-09-19T14:41:03Z,CHAN,3419,3419164,1000,100,0,38,0,-900,-1160,-1056
2026-09-19T14:41:13Z,CHANSUM,3370,3429,60,60000,6000,0,39,0,2,0,-710,-1170,-1150,-1151
2026-09-19T14:42:13Z,CHANSUM,3430,3489,60,60000,6000,0,0,0,0,0,-1120,-1160,-1140,-1148
2026-09-19T14:42:29Z,CHAN,3505,3505164,1000,100,0,1,0,-1060,-1150,-1136
2026-09-19T14:42:44Z,CHAN,3520,3520164,1000,100,0,1,0,-980,-1150,-1138
2026-09-19T14:43:13Z,CHANSUM,3490,3549,60,60000,6000,0,2,0,2,0,-980,-1150,-1140,-1149
2026-09-19T14:43:37Z,CHAN,3573,3573164,1000,100,0,3,0,-1080,-1150,-1135
# M25 capture closed 2026-09-19T14:44:04Z
