# M25 capture opened 2026-09-19T13:44:03Z port=/dev/cu.usbserial-0001 baud=115200
2026-09-19T13:44:03Z,#PORT-OPEN
2026-09-19T13:44:03Z,#RESET
2026-09-19T13:44:03Z,ESP-ROM:esp32s3-20210327
2026-09-19T13:44:03Z,Build:Mar 27 2021
2026-09-19T13:44:03Z,rst:0x1 (POWERON),boot:0x9 (SPI_FAST_FLASH_BOOT)
2026-09-19T13:44:03Z,SPIWP:0xee
2026-09-19T13:44:03Z,mode:DIO, clock div:1
2026-09-19T13:44:03Z,load:0x3fce3808,len:0x4bc
2026-09-19T13:44:03Z,load:0x403c9700,len:0xbd8
2026-09-19T13:44:03Z,load:0x403cc700,len:0x2a0c
2026-09-19T13:44:03Z,entry 0x403c98d0
2026-09-19T13:44:03Z,LRAN chan-capture - listen-only channel sampler, never transmits (35c8471)
2026-09-19T13:44:03Z,Board: heltec_wifi_lora_32_V3
2026-09-19T13:44:03Z,MAC: 44:1b:f6:f9:70:14
2026-09-19T13:44:03Z,capture: sampling 917400000 Hz (default)
2026-09-19T13:44:03Z,PHY: 917.4 MHz, SF9, BW 125 kHz, CR 4/5, receive only
2026-09-19T13:44:03Z,CHAN-BOOT,35c8471,917400000,9,1250,1000,-1100,10
2026-09-19T13:44:03Z,radio: up, receiving
2026-09-19T13:44:13Z,CHANSUM,0,9,10,10000,999,1,0,0,0,0,-1130,-1160,-1150,-1151
2026-09-19T13:45:13Z,CHANSUM,10,69,60,60000,6000,0,0,0,0,0,-1130,-1160,-1150,-1153
2026-09-19T13:45:30Z,CHAN,86,86186,1000,100,0,5,0,-1070,-1160,-1140
2026-09-19T13:46:06Z,CHAN,122,122186,1000,100,0,1,0,-730,-1150,-1138
2026-09-19T13:46:13Z,CHANSUM,70,129,60,60000,6000,0,6,0,2,0,-730,-1160,-1150,-1151
2026-09-19T13:47:13Z,CHANSUM,130,189,60,60000,6000,0,0,0,0,0,-1110,-1160,-1150,-1151
2026-09-19T13:48:13Z,CHANSUM,190,249,60,60000,6000,0,0,0,0,0,-1120,-1160,-1150,-1151
2026-09-19T13:48:17Z,CHAN,253,253186,1000,100,0,1,0,-730,-1150,-1136
2026-09-19T13:49:13Z,CHANSUM,250,309,60,60000,6000,0,1,0,1,0,-730,-1160,-1150,-1151
2026-09-19T13:50:13Z,CHANSUM,310,369,60,60000,6000,0,0,0,0,0,-1120,-1160,-1150,-1151
2026-09-19T13:51:13Z,CHANSUM,370,429,60,60000,6000,0,0,0,0,0,-1120,-1160,-1150,-1151
2026-09-19T13:51:48Z,CHAN,464,464186,1000,100,0,24,0,-950,-1150,-1098
2026-09-19T13:51:49Z,CHAN,465,465186,1000,100,0,41,0,-950,-1150,-1073
2026-09-19T13:52:13Z,CHANSUM,430,489,60,60000,6000,0,65,0,2,0,-950,-1160,-1150,-1151
2026-09-19T13:52:38Z,CHAN,514,514186,1000,100,0,1,0,-720,-1150,-1138
2026-09-19T13:53:13Z,CHANSUM,490,549,60,60000,6000,0,1,0,1,0,-720,-1160,-1150,-1151
2026-09-19T13:54:13Z,CHANSUM,550,609,60,60000,6000,0,0,0,0,0,-1120,-1160,-1150,-1150
2026-09-19T13:54:49Z,CHAN,645,645186,1000,100,0,1,0,-730,-1150,-1139
2026-09-19T13:55:09Z,CHAN,665,665186,1000,100,0,4,0,-970,-1150,-1136
2026-09-19T13:55:13Z,CHANSUM,610,669,60,60000,6000,0,5,0,2,0,-730,-1160,-1150,-1151
2026-09-19T13:56:13Z,CHANSUM,670,729,60,60000,6000,0,0,0,0,0,-1130,-1160,-1150,-1152
2026-09-19T13:57:00Z,CHAN,776,776186,1000,100,0,2,0,-730,-1160,-1136
2026-09-19T13:57:13Z,CHANSUM,730,789,60,60000,6000,0,2,0,1,0,-730,-1160,-1150,-1150
2026-09-19T13:57:26Z,CHAN,802,802186,1000,100,0,1,0,-1100,-1150,-1139
2026-09-19T13:58:13Z,CHANSUM,790,849,60,60000,6000,0,1,0,1,0,-1100,-1160,-1150,-1152
2026-09-19T13:59:10Z,CHAN,906,906186,1000,100,0,1,0,-730,-1150,-1137
2026-09-19T13:59:13Z,CHANSUM,850,909,60,60000,6000,0,1,0,1,0,-730,-1160,-1150,-1151
2026-09-19T14:00:13Z,CHANSUM,910,969,60,60000,6000,0,0,0,0,0,-1130,-1160,-1150,-1152
2026-09-19T14:01:13Z,CHANSUM,970,1029,60,60000,6000,0,0,0,0,0,-1120,-1160,-1150,-1152
2026-09-19T14:01:15Z,CHAN,1031,1031186,1000,100,0,4,0,-960,-1150,-1136
2026-09-19T14:01:21Z,CHAN,1037,1037186,1000,100,0,1,0,-960,-1160,-1140
2026-09-19T14:01:41Z,CHAN,1057,1057186,1000,100,0,3,0,-1080,-1150,-1139
2026-09-19T14:02:13Z,CHANSUM,1030,1089,60,60000,6000,0,8,0,3,0,-960,-1160,-1150,-1152
2026-09-19T14:02:39Z,CHAN,1115,1115186,1000,100,0,1,0,-1100,-1150,-1142
2026-09-19T14:03:13Z,CHANSUM,1090,1149,60,60000,6000,0,1,0,1,0,-1100,-1160,-1150,-1152
2026-09-19T14:03:32Z,CHAN,1168,1168186,1000,100,0,1,0,-720,-1160,-1138
2026-09-19T14:04:13Z,CHANSUM,1150,1209,60,60000,6000,0,1,0,1,0,-720,-1160,-1150,-1151
2026-09-19T14:05:13Z,CHANSUM,1210,1269,60,60000,6000,0,0,0,0,0,-1120,-1160,-1150,-1152
2026-09-19T14:05:42Z,CHAN,1298,1298186,1000,100,0,1,0,-720,-1150,-1138
2026-09-19T14:05:43Z,CHAN,1299,1299186,1000,100,0,4,0,-1000,-1160,-1138
2026-09-19T14:06:13Z,CHANSUM,1270,1329,60,60000,6000,0,5,0,2,0,-720,-1160,-1150,-1151
2026-09-19T14:06:30Z,CHAN,1346,1346186,1000,100,0,1,0,-1090,-1150,-1142
2026-09-19T14:07:13Z,CHANSUM,1330,1389,60,60000,6000,0,1,0,1,0,-1090,-1160,-1150,-1152
2026-09-19T14:07:47Z,CHAN,1423,1423186,1000,100,0,1,0,-1090,-1150,-1140
2026-09-19T14:07:48Z,CHAN,1424,1424186,1000,100,0,1,0,-1090,-1150,-1140
2026-09-19T14:07:53Z,CHAN,1429,1429186,1000,100,0,1,0,-1100,-1150,-1141
2026-09-19T14:08:13Z,CHANSUM,1390,1449,60,60000,6000,0,3,0,3,0,-1090,-1160,-1150,-1150
2026-09-19T14:09:13Z,CHANSUM,1450,1509,60,60000,6000,0,0,0,0,0,-1130,-1160,-1150,-1152
2026-09-19T14:09:47Z,CHAN,1543,1543186,1000,100,0,4,0,-1020,-1150,-1138
2026-09-19T14:10:04Z,CHAN,1560,1560186,1000,100,0,1,0,-650,-1150,-1137
2026-09-19T14:10:13Z,CHANSUM,1510,1569,60,60000,6000,0,5,0,2,0,-650,-1160,-1150,-1152
2026-09-19T14:10:49Z,CHAN,1605,1605186,1000,100,0,4,0,-1040,-1150,-1138
2026-09-19T14:10:50Z,CHAN,1606,1606186,1000,100,0,1,0,-1050,-1150,-1141
2026-09-19T14:11:13Z,CHANSUM,1570,1629,60,60000,6000,0,5,0,2,0,-1040,-1160,-1150,-1151
2026-09-19T14:12:13Z,CHANSUM,1630,1689,60,60000,6000,0,0,0,0,0,-1110,-1160,-1150,-1151
2026-09-19T14:12:14Z,CHAN,1690,1690186,1000,100,0,1,0,-750,-1150,-1138
2026-09-19T14:13:11Z,CHAN,1747,1747186,1000,100,0,4,0,-1030,-1150,-1138
2026-09-19T14:13:13Z,CHANSUM,1690,1749,60,60000,6000,0,5,0,2,0,-750,-1160,-1150,-1153
2026-09-19T14:14:13Z,CHANSUM,1750,1809,60,60000,6000,0,0,0,0,0,-1120,-1160,-1150,-1153
2026-09-19T14:14:25Z,CHAN,1821,1821186,1000,100,0,1,0,-650,-1160,-1138
2026-09-19T14:15:13Z,CHANSUM,1810,1869,60,60000,6000,0,1,0,1,0,-650,-1160,-1150,-1152
2026-09-19T14:16:11Z,CHAN,1927,1927186,1000,100,0,35,0,-940,-1160,-1089
2026-09-19T14:16:13Z,CHANSUM,1870,1929,60,60000,6000,0,35,0,1,0,-940,-1160,-1150,-1153
2026-09-19T14:16:36Z,CHAN,1952,1952186,1000,100,0,1,0,-650,-1160,-1139
2026-09-19T14:17:13Z,CHANSUM,1930,1989,60,60000,6000,0,1,0,1,0,-650,-1160,-1150,-1153
2026-09-19T14:18:13Z,CHANSUM,1990,2049,60,60000,6000,0,0,0,0,0,-1130,-1160,-1150,-1151
2026-09-19T14:18:47Z,CHAN,2083,2083186,1000,100,0,1,0,-1090,-1150,-1142
2026-09-19T14:19:13Z,CHANSUM,2050,2109,60,60000,6000,0,1,0,1,0,-1090,-1160,-1150,-1152
2026-09-19T14:20:11Z,CHAN,2167,2167186,1000,100,0,2,0,-970,-1150,-1140
2026-09-19T14:20:12Z,CHAN,2168,2168186,1000,100,0,2,0,-970,-1150,-1139
2026-09-19T14:20:13Z,CHANSUM,2110,2169,60,60000,6000,0,4,0,2,0,-970,-1160,-1150,-1151
2026-09-19T14:20:57Z,CHAN,2213,2213186,1000,100,0,1,0,-650,-1150,-1136
2026-09-19T14:21:13Z,CHANSUM,2170,2229,60,60000,6000,0,1,0,1,0,-650,-1160,-1150,-1153
2026-09-19T14:22:13Z,CHANSUM,2230,2289,60,60000,6000,0,0,0,0,0,-1130,-1160,-1150,-1153
2026-09-19T14:23:08Z,CHAN,2344,2344186,1000,100,0,1,0,-650,-1150,-1138
2026-09-19T14:23:13Z,CHANSUM,2290,2349,60,60000,6000,0,1,0,1,0,-650,-1160,-1150,-1153
2026-09-19T14:24:13Z,CHANSUM,2350,2409,60,60000,6000,0,0,0,0,0,-1130,-1160,-1150,-1152
2026-09-19T14:24:42Z,CHAN,2438,2438186,1000,100,0,5,0,-1010,-1160,-1137
2026-09-19T14:25:13Z,CHANSUM,2410,2469,60,60000,6000,0,5,0,1,0,-1010,-1160,-1150,-1152
2026-09-19T14:25:19Z,CHAN,2475,2475186,1000,100,0,1,0,-860,-1150,-1139
2026-09-19T14:26:13Z,CHANSUM,2470,2529,60,60000,6000,0,1,0,1,0,-860,-1160,-1150,-1151
2026-09-19T14:27:13Z,CHANSUM,2530,2589,60,60000,6000,0,0,0,0,0,-1130,-1160,-1150,-1151
2026-09-19T14:27:29Z,CHAN,2605,2605186,1000,100,0,1,0,-650,-1150,-1137
2026-09-19T14:28:13Z,CHANSUM,2590,2649,60,60000,6000,0,1,0,1,0,-650,-1160,-1150,-1152
2026-09-19T14:29:06Z,CHAN,2702,2702186,1000,100,0,6,0,-1060,-1150,-1139
2026-09-19T14:29:13Z,CHANSUM,2650,2709,60,60000,6000,0,6,0,1,0,-1060,-1160,-1150,-1151
2026-09-19T14:30:13Z,CHANSUM,2710,2769,60,60000,6000,0,0,0,0,0,-1110,-1160,-1150,-1152
2026-09-19T14:31:13Z,CHANSUM,2770,2829,60,60000,6000,0,0,0,0,0,-1130,-1160,-1150,-1152
2026-09-19T14:31:51Z,CHAN,2867,2867186,1000,100,0,1,0,-650,-1150,-1138
2026-09-19T14:32:13Z,CHANSUM,2830,2889,60,60000,6000,0,1,0,1,0,-650,-1160,-1150,-1152
2026-09-19T14:32:30Z,CHAN,2906,2906186,1000,100,0,7,0,-960,-1150,-1135
2026-09-19T14:32:31Z,CHAN,2907,2907186,1000,100,0,51,0,-960,-1150,-1077
2026-09-19T14:32:32Z,CHAN,2908,2908186,1000,100,0,14,0,-950,-1150,-1122
2026-09-19T14:33:13Z,CHANSUM,2890,2949,60,60000,6000,0,72,0,3,0,-950,-1160,-1150,-1151
2026-09-19T14:33:55Z,CHAN,2991,2991186,1000,100,0,9,0,-960,-1150,-1126
2026-09-19T14:34:01Z,CHAN,2997,2997186,1000,100,0,1,0,-670,-1160,-1138
2026-09-19T14:34:13Z,CHANSUM,2950,3009,60,60000,6000,0,10,0,2,0,-670,-1160,-1150,-1152
2026-09-19T14:35:13Z,CHANSUM,3010,3069,60,60000,6000,0,0,0,0,0,-1120,-1160,-1150,-1152
2026-09-19T14:36:08Z,CHAN,3124,3124186,1000,100,0,36,0,-940,-1150,-1069
2026-09-19T14:36:12Z,CHAN,3128,3128186,1000,100,0,1,0,-830,-1150,-1138
2026-09-19T14:36:13Z,CHANSUM,3070,3129,60,60000,6000,0,37,0,2,0,-830,-1160,-1150,-1153
2026-09-19T14:36:29Z,CHAN,3145,3145186,1000,100,0,3,0,-1070,-1150,-1140
2026-09-19T14:36:30Z,CHAN,3146,3146186,1000,100,0,1,0,-1090,-1150,-1142
2026-09-19T14:37:01Z,CHAN,3177,3177186,1000,100,0,2,0,-1100,-1150,-1135
2026-09-19T14:37:02Z,CHAN,3178,3178186,1000,100,0,6,0,-1100,-1150,-1134
2026-09-19T14:37:04Z,CHAN,3180,3180186,1000,100,0,1,0,-1090,-1160,-1136
2026-09-19T14:37:06Z,CHAN,3182,3182186,1000,100,0,1,0,-1100,-1160,-1138
2026-09-19T14:37:13Z,CHAN,3189,3189186,1000,100,0,2,0,-1100,-1150,-1136
2026-09-19T14:37:13Z,CHANSUM,3130,3189,60,60000,6000,0,16,0,7,0,-1070,-1160,-1150,-1153
2026-09-19T14:37:38Z,CHAN,3214,3214186,1000,100,0,22,0,-950,-1150,-1104
2026-09-19T14:37:39Z,CHAN,3215,3215186,1000,100,0,55,0,-950,-1150,-1047
2026-09-19T14:37:40Z,CHAN,3216,3216186,1000,100,0,2,0,-950,-1160,-1139
2026-09-19T14:38:13Z,CHANSUM,3190,3249,60,60000,6000,0,79,0,3,0,-950,-1160,-1150,-1153
2026-09-19T14:38:23Z,CHAN,3259,3259186,1000,100,0,1,0,-690,-1160,-1140
2026-09-19T14:39:13Z,CHANSUM,3250,3309,60,60000,6000,0,1,0,1,0,-690,-1160,-1150,-1152
2026-09-19T14:40:13Z,CHANSUM,3310,3369,60,60000,6000,0,0,0,0,0,-1130,-1160,-1150,-1154
2026-09-19T14:40:33Z,CHAN,3389,3389186,1000,100,0,1,0,-720,-1150,-1138
2026-09-19T14:41:03Z,CHAN,3419,3419186,1000,100,0,43,0,-930,-1160,-1065
2026-09-19T14:41:13Z,CHANSUM,3370,3429,60,60000,6000,0,44,0,2,0,-720,-1160,-1150,-1152
2026-09-19T14:42:13Z,CHANSUM,3430,3489,60,60000,6000,0,0,0,0,0,-1130,-1160,-1150,-1153
2026-09-19T14:42:34Z,CHAN,3510,3510186,1000,100,0,2,0,-1100,-1150,-1140
2026-09-19T14:42:44Z,CHAN,3520,3520186,1000,100,0,1,0,-640,-1150,-1138
2026-09-19T14:43:13Z,CHANSUM,3490,3549,60,60000,6000,0,3,0,2,0,-640,-1160,-1150,-1151
2026-09-19T14:43:37Z,CHAN,3573,3573186,1000,100,0,3,0,-1060,-1150,-1141
2026-09-19T14:43:51Z,CHAN,3587,3587186,1000,100,0,1,0,-1070,-1150,-1142
# M25 capture closed 2026-09-19T14:44:04Z
