# M25 capture opened 2026-09-19T16:56:32Z port=/dev/cu.usbserial-3 baud=115200
2026-09-19T16:56:32Z,#PORT-OPEN
2026-09-19T16:56:32Z,#RESET
2026-09-19T16:56:32Z,ESP-ROM:esp32s3-20210327
2026-09-19T16:56:32Z,Build:Mar 27 2021
2026-09-19T16:56:32Z,rst:0x1 (POWERON),boot:0x29 (SPI_FAST_FLASH_BOOT)
2026-09-19T16:56:32Z,SPIWP:0xee
2026-09-19T16:56:32Z,mode:DIO, clock div:1
2026-09-19T16:56:32Z,load:0x3fce3808,len:0x4bc
2026-09-19T16:56:32Z,load:0x403c9700,len:0xbd8
2026-09-19T16:56:32Z,load:0x403cc700,len:0x2a0c
2026-09-19T16:56:32Z,entry 0x403c98d0
2026-09-19T16:56:32Z,LRAN chan-capture - listen-only channel sampler, never transmits (6bf9a38)
2026-09-19T16:56:32Z,Board: heltec_wifi_lora_32_V3
2026-09-19T16:56:32Z,MAC: 44:1b:f6:fa:bc:2c
2026-09-19T16:56:32Z,capture: sampling 917400000 Hz (stored)
2026-09-19T16:56:32Z,PHY: 917.4 MHz, SF9, BW 125 kHz, CR 4/5, receive only
2026-09-19T16:56:32Z,CHAN-BOOT,6bf9a38,917400000,9,1250,1000,-1100,10
2026-09-19T16:56:32Z,radio: up, receiving
2026-09-19T16:56:36Z,CHAN,3,3164,1000,100,0,5,0,-1090,-1160,-1145
2026-09-19T16:56:39Z,CHAN,6,6164,1000,100,0,2,0,-900,-1160,-1144
2026-09-19T16:56:42Z,CHANSUM,0,9,10,10000,999,1,7,0,2,0,-900,-1160,-1160,-1160
2026-09-19T16:56:49Z,CHAN,16,16164,1000,100,0,2,0,-990,-1160,-1145
2026-09-19T16:56:50Z,CHAN,17,17164,1000,100,0,3,0,-1000,-1160,-1145
2026-09-19T16:57:05Z,CHAN,32,32164,1000,100,0,2,0,-1000,-1160,-1143
2026-09-19T16:57:42Z,CHANSUM,10,69,60,60000,6000,0,7,0,3,0,-990,-1160,-1160,-1160
2026-09-19T16:57:47Z,CHAN,74,74164,1000,100,0,1,0,-590,-1160,-1143
2026-09-19T16:57:59Z,CHAN,86,86164,1000,100,0,1,0,-1020,-1160,-1147
2026-09-19T16:58:07Z,CHAN,94,94164,1000,100,0,3,0,-850,-1160,-1139
2026-09-19T16:58:29Z,CHAN,116,116164,1000,100,0,3,0,-1090,-1160,-1146
2026-09-19T16:58:36Z,CHAN,123,123164,1000,100,0,3,0,-1070,-1160,-1146
2026-09-19T16:58:39Z,CHAN,126,126164,1000,100,0,3,0,-1080,-1160,-1147
2026-09-19T16:58:42Z,CHANSUM,70,129,60,60000,6000,0,14,0,6,0,-590,-1160,-1160,-1160
2026-09-19T16:58:50Z,CHAN,137,137164,1000,100,0,3,0,-1000,-1160,-1144
2026-09-19T16:58:54Z,CHAN,141,141164,1000,100,0,3,0,-910,-1160,-1142
2026-09-19T16:59:08Z,CHAN,155,155164,1000,100,0,3,0,-1070,-1160,-1145
2026-09-19T16:59:21Z,CHAN,168,168164,1000,100,0,4,0,-1070,-1160,-1145
2026-09-19T16:59:42Z,CHANSUM,130,189,60,60000,6000,0,13,0,4,0,-910,-1160,-1160,-1160
2026-09-19T16:59:43Z,CHAN,190,190164,1000,100,0,4,0,-1000,-1160,-1144
2026-09-19T16:59:48Z,CHAN,195,195164,1000,100,0,5,0,-1080,-1160,-1145
2026-09-19T16:59:52Z,CHAN,199,199164,1000,100,0,4,0,-1080,-1160,-1146
2026-09-19T16:59:58Z,CHAN,205,205164,1000,100,0,1,0,-1080,-1160,-1147
2026-09-19T17:00:13Z,CHAN,220,220164,1000,100,0,5,0,-1000,-1160,-1141
2026-09-19T17:00:20Z,CHAN,227,227164,1000,100,0,2,0,-1080,-1160,-1147
2026-09-19T17:00:41Z,CHAN,248,248164,1000,100,0,3,0,-1070,-1160,-1146
2026-09-19T17:00:42Z,CHANSUM,190,249,60,60000,6000,0,24,0,7,0,-1000,-1160,-1150,-1159
2026-09-19T17:00:45Z,CHAN,252,252164,1000,100,0,2,0,-1030,-1160,-1146
2026-09-19T17:00:55Z,CHAN,262,262164,1000,100,0,3,0,-910,-1160,-1141
2026-09-19T17:01:10Z,CHAN,277,277164,1000,100,0,2,0,-1090,-1160,-1147
2026-09-19T17:01:15Z,CHAN,282,282164,1000,100,0,3,0,-1030,-1160,-1145
2026-09-19T17:01:24Z,CHAN,291,291164,1000,100,0,5,0,-1100,-1160,-1146
2026-09-19T17:01:39Z,CHAN,306,306164,1000,100,0,2,0,-1090,-1160,-1147
2026-09-19T17:01:40Z,CHAN,307,307164,1000,100,0,1,0,-1090,-1160,-1147
2026-09-19T17:01:41Z,CHAN,308,308164,1000,100,0,5,0,-1090,-1160,-1145
2026-09-19T17:01:42Z,CHANSUM,250,309,60,60000,6000,0,23,0,8,0,-910,-1160,-1150,-1159
2026-09-19T17:01:55Z,CHAN,322,322164,1000,100,0,3,0,-1090,-1160,-1146
2026-09-19T17:01:56Z,CHAN,323,323164,1000,100,0,4,0,-1080,-1160,-1146
2026-09-19T17:02:00Z,CHAN,327,327164,1000,100,0,1,0,-1010,-1160,-1146
2026-09-19T17:02:08Z,CHAN,335,335164,1000,100,0,4,0,-600,-1160,-1133
2026-09-19T17:02:12Z,CHAN,339,339164,1000,100,0,3,0,-1090,-1160,-1146
2026-09-19T17:02:19Z,CHAN,346,346164,1000,100,0,3,0,-1050,-1160,-1146
2026-09-19T17:02:26Z,CHAN,353,353164,1000,100,0,4,0,-1100,-1160,-1146
2026-09-19T17:02:42Z,CHANSUM,310,369,60,60000,6000,0,22,0,7,0,-600,-1160,-1160,-1160
2026-09-19T17:02:44Z,CHAN,371,371164,1000,100,0,3,0,-1090,-1160,-1147
2026-09-19T17:02:45Z,CHAN,372,372164,1000,100,0,1,0,-1090,-1160,-1147
2026-09-19T17:03:17Z,CHAN,404,404164,1000,100,0,3,0,-1090,-1160,-1146
2026-09-19T17:03:19Z,CHAN,406,406164,1000,100,0,2,0,-1100,-1160,-1147
2026-09-19T17:03:25Z,CHAN,412,412164,1000,100,0,16,0,-980,-1160,-1129
2026-09-19T17:03:26Z,CHAN,413,413164,1000,100,0,39,0,-950,-1160,-1100
2026-09-19T17:03:27Z,CHAN,414,414164,1000,100,0,35,0,-960,-1160,-1104
2026-09-19T17:03:28Z,CHAN,415,415164,1000,100,0,29,0,-960,-1160,-1101
2026-09-19T17:03:29Z,CHAN,416,416164,1000,100,0,32,0,-950,-1160,-1099
2026-09-19T17:03:32Z,CHAN,419,419164,1000,100,0,36,0,-960,-1160,-1089
2026-09-19T17:03:33Z,CHAN,420,420164,1000,100,0,56,0,-950,-1160,-1070
2026-09-19T17:03:41Z,CHAN,428,428164,1000,100,0,3,0,-1060,-1160,-1145
2026-09-19T17:03:42Z,CHANSUM,370,429,60,60000,6000,0,255,0,12,0,-950,-1160,-1160,-1160
2026-09-19T17:04:01Z,CHAN,448,448164,1000,100,0,34,0,-970,-1160,-1101
2026-09-19T17:04:02Z,CHAN,449,449164,1000,100,0,25,0,-960,-1160,-1110
2026-09-19T17:04:19Z,CHAN,466,466164,1000,100,0,1,0,-900,-1160,-1144
2026-09-19T17:04:28Z,CHAN,475,475164,1000,100,0,14,0,-960,-1160,-1125
2026-09-19T17:04:29Z,CHAN,476,476164,1000,100,0,33,0,-950,-1160,-1098
2026-09-19T17:04:30Z,CHAN,477,477164,1000,100,0,17,0,-950,-1160,-1120
2026-09-19T17:04:42Z,CHANSUM,430,489,60,60000,6000,0,124,0,6,0,-900,-1160,-1150,-1159
2026-09-19T17:05:22Z,CHAN,529,529164,1000,100,0,3,0,-940,-1160,-1142
2026-09-19T17:05:35Z,CHAN,542,542164,1000,100,0,4,0,-910,-1160,-1141
2026-09-19T17:05:42Z,CHANSUM,490,549,60,60000,6000,0,7,0,2,0,-910,-1160,-1150,-1159
2026-09-19T17:05:48Z,CHAN,555,555164,1000,100,0,41,0,-960,-1160,-1081
2026-09-19T17:05:49Z,CHAN,556,556164,1000,100,0,37,0,-950,-1150,-1091
2026-09-19T17:06:09Z,CHAN,576,576164,1000,100,0,3,0,-910,-1160,-1142
2026-09-19T17:06:10Z,CHAN,577,577164,1000,100,0,1,0,-920,-1160,-1146
2026-09-19T17:06:23Z,CHAN,590,590164,1000,100,0,8,0,-980,-1160,-1139
2026-09-19T17:06:30Z,CHAN,597,597164,1000,100,0,1,0,-590,-1160,-1142
2026-09-19T17:06:42Z,CHANSUM,550,609,60,60000,6000,0,91,0,6,0,-590,-1160,-1150,-1159
2026-09-19T17:06:48Z,CHAN,615,615164,1000,100,0,4,0,-840,-1160,-1137
2026-09-19T17:07:07Z,CHAN,634,634164,1000,100,0,1,0,-1100,-1160,-1147
2026-09-19T17:07:38Z,CHAN,665,665164,1000,100,0,3,0,-1060,-1160,-1146
2026-09-19T17:07:39Z,CHAN,666,666164,1000,100,0,2,0,-1070,-1160,-1147
2026-09-19T17:07:42Z,CHANSUM,610,669,60,60000,6000,0,10,0,4,0,-840,-1170,-1160,-1160
2026-09-19T17:08:03Z,CHAN,690,690164,1000,100,0,3,0,-890,-1160,-1141
2026-09-19T17:08:14Z,CHAN,701,701164,1000,100,0,3,0,-1060,-1160,-1146
2026-09-19T17:08:41Z,CHAN,728,728164,1000,100,0,1,0,-600,-1160,-1142
2026-09-19T17:08:42Z,CHANSUM,670,729,60,60000,6000,0,7,0,3,0,-600,-1170,-1160,-1160
2026-09-19T17:08:54Z,CHAN,741,741164,1000,100,0,3,0,-1090,-1160,-1146
2026-09-19T17:09:29Z,CHAN,776,776164,1000,100,0,11,0,-1020,-1160,-1135
2026-09-19T17:09:40Z,CHAN,787,787164,1000,100,0,4,0,-1060,-1160,-1145
2026-09-19T17:09:42Z,CHANSUM,730,789,60,60000,6000,0,18,0,3,0,-1020,-1160,-1160,-1160
2026-09-19T17:09:53Z,CHAN,800,800164,1000,100,0,4,0,-1020,-1160,-1144
2026-09-19T17:09:54Z,CHAN,801,801164,1000,100,0,5,0,-1080,-1160,-1144
2026-09-19T17:10:04Z,CHAN,811,811164,1000,100,0,4,0,-1100,-1160,-1146
2026-09-19T17:10:22Z,CHAN,829,829164,1000,100,0,4,0,-1060,-1160,-1146
2026-09-19T17:10:42Z,CHANSUM,790,849,60,60000,6000,0,17,0,4,0,-1020,-1160,-1160,-1160
2026-09-19T17:10:45Z,CHAN,852,852164,1000,100,0,42,0,-960,-1160,-1088
2026-09-19T17:10:46Z,CHAN,853,853164,1000,100,0,22,0,-950,-1160,-1111
2026-09-19T17:10:51Z,CHAN,858,858164,1000,100,0,1,0,-1070,-1160,-1147
2026-09-19T17:10:52Z,CHAN,859,859164,1000,100,0,2,0,-1100,-1160,-1146
2026-09-19T17:11:16Z,CHAN,883,883164,1000,100,0,1,0,-1100,-1160,-1146
2026-09-19T17:11:28Z,CHAN,895,895164,1000,100,0,2,0,-1090,-1160,-1147
2026-09-19T17:11:42Z,CHANSUM,850,909,60,60000,6000,0,70,0,6,0,-950,-1170,-1160,-1160
2026-09-19T17:11:51Z,CHAN,918,918164,1000,100,0,3,0,-1070,-1160,-1146
2026-09-19T17:12:11Z,CHAN,938,938164,1000,100,0,3,0,-1090,-1160,-1147
2026-09-19T17:12:24Z,CHAN,951,951164,1000,100,0,5,0,-1090,-1160,-1145
2026-09-19T17:12:34Z,CHAN,961,961164,1000,100,0,6,0,-990,-1160,-1142
2026-09-19T17:12:35Z,CHAN,962,962164,1000,100,0,46,0,-960,-1160,-1078
2026-09-19T17:12:36Z,CHAN,963,963164,1000,100,0,32,0,-980,-1160,-1109
2026-09-19T17:12:37Z,CHAN,964,964164,1000,100,0,28,0,-960,-1160,-1105
2026-09-19T17:12:41Z,CHAN,968,968164,1000,100,0,1,0,-1090,-1160,-1148
2026-09-19T17:12:42Z,CHANSUM,910,969,60,60000,6000,0,124,0,8,0,-960,-1160,-1150,-1159
2026-09-19T17:13:00Z,CHAN,987,987164,1000,100,0,14,0,-960,-1160,-1129
2026-09-19T17:13:01Z,CHAN,988,988164,1000,100,0,47,0,-950,-1160,-1093
2026-09-19T17:13:02Z,CHAN,989,989164,1000,100,0,43,0,-600,-1160,-1086
2026-09-19T17:13:12Z,CHAN,999,999164,1000,100,0,34,0,-960,-1160,-1109
2026-09-19T17:13:13Z,CHAN,1000,1000164,1000,100,0,28,0,-960,-1160,-1106
2026-09-19T17:13:14Z,CHAN,1001,1001164,1000,100,0,14,0,-960,-1160,-1128
2026-09-19T17:13:15Z,CHAN,1002,1002164,1000,100,0,51,0,-950,-1150,-1063
2026-09-19T17:13:16Z,CHAN,1003,1003164,1000,100,0,13,0,-970,-1160,-1128
2026-09-19T17:13:38Z,CHAN,1025,1025164,1000,100,0,28,0,-950,-1160,-1109
2026-09-19T17:13:39Z,CHAN,1026,1026164,1000,100,0,45,0,-970,-1160,-1090
2026-09-19T17:13:40Z,CHAN,1027,1027164,1000,100,0,1,0,-990,-1160,-1147
2026-09-19T17:13:42Z,CHANSUM,970,1029,60,60000,6000,0,318,0,11,0,-600,-1160,-1150,-1159
2026-09-19T17:14:00Z,CHAN,1047,1047164,1000,100,0,14,0,-950,-1160,-1128
2026-09-19T17:14:01Z,CHAN,1048,1048164,1000,100,0,29,0,-970,-1160,-1116
2026-09-19T17:14:02Z,CHAN,1049,1049164,1000,100,0,50,0,-950,-1160,-1074
2026-09-19T17:14:42Z,CHANSUM,1030,1089,60,60000,6000,0,93,0,3,0,-950,-1160,-1160,-1160
2026-09-19T17:15:13Z,CHAN,1120,1120164,1000,100,0,1,0,-890,-1160,-1146
2026-09-19T17:15:31Z,CHAN,1138,1138164,1000,100,0,6,0,-710,-1160,-1128
2026-09-19T17:15:42Z,CHANSUM,1090,1149,60,60000,6000,0,7,0,2,0,-710,-1170,-1160,-1160
2026-09-19T17:16:21Z,CHAN,1188,1188164,1000,100,0,5,0,-940,-1160,-1140
2026-09-19T17:16:33Z,CHAN,1200,1200164,1000,100,0,1,0,-1100,-1160,-1147
2026-09-19T17:16:35Z,CHAN,1202,1202164,1000,100,0,6,0,-980,-1160,-1142
2026-09-19T17:16:36Z,CHAN,1203,1203164,1000,100,0,42,0,-960,-1160,-1087
2026-09-19T17:16:37Z,CHAN,1204,1204164,1000,100,0,26,0,-960,-1160,-1114
2026-09-19T17:16:40Z,CHAN,1207,1207164,1000,100,0,29,0,-950,-1160,-1107
2026-09-19T17:16:41Z,CHAN,1208,1208164,1000,100,0,26,0,-960,-1160,-1110
2026-09-19T17:16:42Z,CHANSUM,1150,1209,60,60000,6000,0,135,0,7,0,-940,-1160,-1160,-1160
2026-09-19T17:17:10Z,CHAN,1237,1237164,1000,100,0,1,0,-1100,-1160,-1147
2026-09-19T17:17:23Z,CHAN,1250,1250164,1000,100,0,1,0,-610,-1160,-1143
2026-09-19T17:17:26Z,CHAN,1253,1253164,1000,100,0,30,0,-950,-1160,-1106
2026-09-19T17:17:27Z,CHAN,1254,1254164,1000,100,0,34,0,-960,-1160,-1106
2026-09-19T17:17:28Z,CHAN,1255,1255164,1000,100,0,14,0,-960,-1160,-1129
2026-09-19T17:17:42Z,CHANSUM,1210,1269,60,60000,6000,0,80,0,5,0,-610,-1160,-1160,-1160
2026-09-19T17:18:15Z,CHAN,1302,1302164,1000,100,0,11,0,-1010,-1160,-1134
2026-09-19T17:18:16Z,CHAN,1303,1303164,1000,100,0,2,0,-1030,-1160,-1146
2026-09-19T17:18:37Z,CHAN,1324,1324164,1000,100,0,1,0,-1070,-1160,-1146
2026-09-19T17:18:42Z,CHANSUM,1270,1329,60,60000,6000,0,14,0,3,0,-1010,-1160,-1160,-1160
2026-09-19T17:19:24Z,CHAN,1371,1371164,1000,100,0,2,0,-1080,-1160,-1146
2026-09-19T17:19:34Z,CHAN,1381,1381164,1000,100,0,1,0,-590,-1160,-1143
2026-09-19T17:19:42Z,CHANSUM,1330,1389,60,60000,6000,0,3,0,2,0,-590,-1160,-1160,-1160
2026-09-19T17:20:42Z,CHANSUM,1390,1449,60,60000,6000,0,0,0,0,0,-1130,-1160,-1160,-1160
2026-09-19T17:21:01Z,CHAN,1468,1468164,1000,100,0,8,0,-1030,-1160,-1138
2026-09-19T17:21:02Z,CHAN,1469,1469164,1000,100,0,50,0,-960,-1160,-1074
2026-09-19T17:21:03Z,CHAN,1470,1470164,1000,100,0,46,0,-960,-1150,-1078
2026-09-19T17:21:04Z,CHAN,1471,1471164,1000,100,0,16,0,-970,-1160,-1125
2026-09-19T17:21:25Z,CHAN,1492,1492164,1000,100,0,23,0,-970,-1160,-1114
2026-09-19T17:21:26Z,CHAN,1493,1493164,1000,100,0,27,0,-950,-1160,-1112
2026-09-19T17:21:27Z,CHAN,1494,1494164,1000,100,0,49,0,-960,-1160,-1086
2026-09-19T17:21:28Z,CHAN,1495,1495164,1000,100,0,7,0,-970,-1160,-1136
2026-09-19T17:21:42Z,CHANSUM,1450,1509,60,60000,6000,0,226,0,8,0,-950,-1160,-1150,-1159
2026-09-19T17:21:45Z,CHAN,1512,1512164,1000,100,0,1,0,-870,-1160,-1145
2026-09-19T17:22:07Z,CHAN,1534,1534164,1000,100,0,6,0,-960,-1160,-1138
2026-09-19T17:22:08Z,CHAN,1535,1535164,1000,100,0,60,0,-950,-1160,-1053
2026-09-19T17:22:38Z,CHAN,1565,1565164,1000,100,0,1,0,-1100,-1160,-1147
2026-09-19T17:22:42Z,CHANSUM,1510,1569,60,60000,6000,0,68,0,4,0,-870,-1160,-1150,-1159
2026-09-19T17:22:47Z,CHAN,1574,1574164,1000,100,0,17,0,-960,-1160,-1127
2026-09-19T17:22:48Z,CHAN,1575,1575164,1000,100,0,53,0,-950,-1160,-1067
2026-09-19T17:22:49Z,CHAN,1576,1576164,1000,100,0,14,0,-960,-1160,-1128
2026-09-19T17:23:41Z,CHAN,1628,1628164,1000,100,0,4,0,-1090,-1160,-1146
2026-09-19T17:23:42Z,CHANSUM,1570,1629,60,60000,6000,0,88,0,4,0,-950,-1160,-1160,-1160
2026-09-19T17:23:55Z,CHAN,1642,1642164,1000,100,0,1,0,-590,-1160,-1143
2026-09-19T17:24:06Z,CHAN,1653,1653164,1000,100,0,4,0,-910,-1160,-1138
2026-09-19T17:24:22Z,CHAN,1669,1669164,1000,100,0,8,0,-1000,-1160,-1141
2026-09-19T17:24:38Z,CHAN,1685,1685164,1000,100,0,3,0,-1020,-1160,-1144
2026-09-19T17:24:41Z,CHAN,1688,1688164,1000,100,0,4,0,-950,-1160,-1141
2026-09-19T17:24:42Z,CHANSUM,1630,1689,60,60000,6000,0,20,0,5,0,-590,-1160,-1160,-1160
2026-09-19T17:24:54Z,CHAN,1701,1701164,1000,100,0,3,0,-1100,-1160,-1147
2026-09-19T17:25:09Z,CHAN,1716,1716164,1000,100,0,4,0,-930,-1160,-1141
2026-09-19T17:25:20Z,CHAN,1727,1727164,1000,100,0,1,0,-1100,-1160,-1146
2026-09-19T17:25:22Z,CHAN,1729,1729164,1000,100,0,3,0,-1060,-1160,-1147
2026-09-19T17:25:23Z,CHAN,1730,1730164,1000,100,0,1,0,-1060,-1160,-1148
2026-09-19T17:25:28Z,CHAN,1735,1735164,1000,100,0,1,0,-1100,-1160,-1147
2026-09-19T17:25:42Z,CHANSUM,1690,1749,60,60000,6000,0,13,0,6,0,-930,-1160,-1160,-1160
2026-09-19T17:25:43Z,CHAN,1750,1750164,1000,100,0,4,0,-1090,-1160,-1145
2026-09-19T17:25:53Z,CHAN,1760,1760164,1000,100,0,3,0,-910,-1160,-1141
2026-09-19T17:26:01Z,CHAN,1768,1768164,1000,100,0,4,0,-1040,-1160,-1144
2026-09-19T17:26:02Z,CHAN,1769,1769164,1000,100,0,4,0,-1040,-1160,-1143
2026-09-19T17:26:06Z,CHAN,1773,1773164,1000,100,0,1,0,-720,-1160,-1143
2026-09-19T17:26:09Z,CHAN,1776,1776164,1000,100,0,3,0,-930,-1160,-1143
2026-09-19T17:26:39Z,CHAN,1806,1806164,1000,100,0,4,0,-1020,-1160,-1144
2026-09-19T17:26:42Z,CHANSUM,1750,1809,60,60000,6000,0,23,0,7,0,-720,-1160,-1160,-1160
2026-09-19T17:26:47Z,CHAN,1814,1814164,1000,100,0,4,0,-1070,-1160,-1144
2026-09-19T17:26:49Z,CHAN,1816,1816164,1000,100,0,3,0,-880,-1160,-1140
2026-09-19T17:27:00Z,CHAN,1827,1827164,1000,100,0,1,0,-1100,-1160,-1147
2026-09-19T17:27:04Z,CHAN,1831,1831164,1000,100,0,4,0,-1080,-1160,-1146
2026-09-19T17:27:08Z,CHAN,1835,1835164,1000,100,0,8,0,-1010,-1160,-1139
2026-09-19T17:27:39Z,CHAN,1866,1866164,1000,100,0,4,0,-1020,-1160,-1144
2026-09-19T17:27:42Z,CHANSUM,1810,1869,60,60000,6000,0,24,0,6,0,-880,-1160,-1160,-1160
2026-09-19T17:27:48Z,CHAN,1875,1875164,1000,100,0,4,0,-1030,-1160,-1143
2026-09-19T17:27:49Z,CHAN,1876,1876164,1000,100,0,37,0,-960,-1160,-1091
2026-09-19T17:28:05Z,CHAN,1892,1892164,1000,100,0,2,0,-1060,-1160,-1147
2026-09-19T17:28:06Z,CHAN,1893,1893164,1000,100,0,1,0,-1060,-1160,-1148
2026-09-19T17:28:17Z,CHAN,1904,1904164,1000,100,0,1,0,-610,-1160,-1143
2026-09-19T17:28:21Z,CHAN,1908,1908164,1000,100,0,5,0,-690,-1160,-1130
2026-09-19T17:28:31Z,CHAN,1918,1918164,1000,100,0,4,0,-1050,-1160,-1144
2026-09-19T17:28:32Z,CHAN,1919,1919164,1000,100,0,4,0,-850,-1160,-1136
2026-09-19T17:28:40Z,CHAN,1927,1927164,1000,100,0,4,0,-890,-1160,-1140
2026-09-19T17:28:42Z,CHANSUM,1870,1929,60,60000,6000,0,62,0,9,0,-610,-1160,-1160,-1160
2026-09-19T17:28:52Z,CHAN,1939,1939164,1000,100,0,8,0,-930,-1160,-1136
2026-09-19T17:28:58Z,CHAN,1945,1945164,1000,100,0,4,0,-1030,-1160,-1144
2026-09-19T17:29:41Z,CHAN,1988,1988164,1000,100,0,4,0,-1090,-1160,-1146
2026-09-19T17:29:42Z,CHANSUM,1930,1989,60,60000,6000,0,16,0,3,0,-930,-1160,-1160,-1160
2026-09-19T17:29:58Z,CHAN,2005,2005164,1000,100,0,4,0,-1060,-1160,-1145
2026-09-19T17:30:24Z,CHAN,2031,2031164,1000,100,0,3,0,-1090,-1160,-1147
2026-09-19T17:30:26Z,CHAN,2033,2033164,1000,100,0,3,0,-970,-1160,-1143
2026-09-19T17:30:27Z,CHAN,2034,2034164,1000,100,0,1,0,-600,-1160,-1143
2026-09-19T17:30:37Z,CHAN,2044,2044164,1000,100,0,2,0,-1090,-1160,-1147
2026-09-19T17:30:42Z,CHANSUM,1990,2049,60,60000,6000,0,13,0,5,0,-600,-1160,-1150,-1159
2026-09-19T17:31:17Z,CHAN,2084,2084164,1000,100,0,5,0,-1060,-1160,-1145
2026-09-19T17:31:24Z,CHAN,2091,2091164,1000,100,0,65,0,-940,-1160,-1045
2026-09-19T17:31:25Z,CHAN,2092,2092164,1000,100,0,14,0,-940,-1160,-1119
2026-09-19T17:31:35Z,CHAN,2102,2102164,1000,100,0,4,0,-1060,-1160,-1145
2026-09-19T17:31:42Z,CHANSUM,2050,2109,60,60000,6000,0,88,0,4,0,-940,-1160,-1160,-1160
2026-09-19T17:32:38Z,CHAN,2165,2165164,1000,100,0,1,0,-1050,-1160,-1148
2026-09-19T17:32:42Z,CHANSUM,2110,2169,60,60000,6000,0,1,0,1,0,-1050,-1160,-1160,-1160
2026-09-19T17:33:42Z,CHANSUM,2170,2229,60,60000,6000,0,0,0,0,0,-1120,-1170,-1160,-1160
2026-09-19T17:34:42Z,CHANSUM,2230,2289,60,60000,6000,0,0,0,0,0,-1130,-1170,-1160,-1160
2026-09-19T17:34:49Z,CHAN,2296,2296164,1000,100,0,1,0,-600,-1160,-1143
2026-09-19T17:34:57Z,CHAN,2304,2304164,1000,100,0,40,0,-950,-1160,-1103
2026-09-19T17:34:58Z,CHAN,2305,2305164,1000,100,0,67,0,-940,-1160,-1050
2026-09-19T17:35:42Z,CHANSUM,2290,2349,60,60000,6000,0,108,0,3,0,-600,-1160,-1160,-1160
2026-09-19T17:36:42Z,CHANSUM,2350,2409,60,60000,6000,0,0,0,0,0,-1130,-1160,-1150,-1159
2026-09-19T17:36:59Z,CHAN,2426,2426164,1000,100,0,1,0,-700,-1160,-1144
2026-09-19T17:37:42Z,CHANSUM,2410,2469,60,60000,6000,0,1,0,1,0,-700,-1160,-1160,-1160
2026-09-19T17:37:44Z,CHAN,2471,2471164,1000,100,0,28,0,-950,-1160,-1108
2026-09-19T17:37:45Z,CHAN,2472,2472164,1000,100,0,32,0,-950,-1160,-1105
2026-09-19T17:37:46Z,CHAN,2473,2473164,1000,100,0,31,0,-950,-1160,-1102
2026-09-19T17:38:42Z,CHANSUM,2470,2529,60,60000,6000,0,91,0,3,0,-950,-1160,-1160,-1160
2026-09-19T17:39:10Z,CHAN,2557,2557164,1000,100,0,1,0,-600,-1160,-1142
2026-09-19T17:39:17Z,CHAN,2564,2564164,1000,100,0,8,0,-980,-1160,-1140
2026-09-19T17:39:42Z,CHANSUM,2530,2589,60,60000,6000,0,9,0,2,0,-600,-1160,-1160,-1160
2026-09-19T17:40:03Z,CHAN,2610,2610164,1000,100,0,44,0,-950,-1160,-1084
2026-09-19T17:40:04Z,CHAN,2611,2611164,1000,100,0,42,0,-950,-1160,-1083
2026-09-19T17:40:42Z,CHANSUM,2590,2649,60,60000,6000,0,86,0,2,0,-950,-1160,-1160,-1160
2026-09-19T17:41:21Z,CHAN,2688,2688164,1000,100,0,1,0,-600,-1160,-1143
2026-09-19T17:41:42Z,CHANSUM,2650,2709,60,60000,6000,0,1,0,1,0,-600,-1170,-1160,-1160
2026-09-19T17:42:31Z,CHAN,2758,2758164,1000,100,0,1,0,-1090,-1160,-1148
2026-09-19T17:42:42Z,CHANSUM,2710,2769,60,60000,6000,0,1,0,1,0,-1090,-1170,-1160,-1160
2026-09-19T17:43:00Z,CHAN,2787,2787164,1000,100,0,5,0,-1060,-1160,-1145
2026-09-19T17:43:32Z,CHAN,2819,2819164,1000,100,0,1,0,-610,-1160,-1142
2026-09-19T17:43:42Z,CHANSUM,2770,2829,60,60000,6000,0,6,0,2,0,-610,-1160,-1160,-1160
2026-09-19T17:44:21Z,CHAN,2868,2868164,1000,100,0,1,0,-1100,-1160,-1147
2026-09-19T17:44:42Z,CHANSUM,2830,2889,60,60000,6000,0,1,0,1,0,-1100,-1160,-1160,-1160
2026-09-19T17:45:17Z,CHAN,2924,2924164,1000,100,0,85,0,-950,-1150,-1050
2026-09-19T17:45:18Z,CHAN,2925,2925164,1000,100,0,18,0,-950,-1160,-1115
2026-09-19T17:45:30Z,CHAN,2937,2937164,1000,100,0,51,0,-950,-1160,-1094
2026-09-19T17:45:31Z,CHAN,2938,2938164,1000,100,0,60,0,-950,-1160,-1054
2026-09-19T17:45:42Z,CHAN,2949,2949164,1000,100,0,1,0,-600,-1160,-1143
2026-09-19T17:45:42Z,CHANSUM,2890,2949,60,60000,6000,0,215,0,5,0,-600,-1160,-1150,-1159
2026-09-19T17:46:42Z,CHANSUM,2950,3009,60,60000,6000,0,0,0,0,0,-1130,-1160,-1160,-1160
2026-09-19T17:47:37Z,CHAN,3064,3064164,1000,100,0,5,0,-1000,-1160,-1142
2026-09-19T17:47:42Z,CHANSUM,3010,3069,60,60000,6000,0,5,0,1,0,-1000,-1160,-1160,-1160
2026-09-19T17:47:53Z,CHAN,3080,3080164,1000,100,0,1,0,-880,-1160,-1146
2026-09-19T17:48:42Z,CHANSUM,3070,3129,60,60000,6000,0,1,0,1,0,-880,-1160,-1160,-1160
2026-09-19T17:49:42Z,CHANSUM,3130,3189,60,60000,6000,0,0,0,0,0,-1110,-1160,-1150,-1159
2026-09-19T17:50:04Z,CHAN,3211,3211164,1000,100,0,6,0,-600,-1160,-1138
2026-09-19T17:50:42Z,CHANSUM,3190,3249,60,60000,6000,0,6,0,1,0,-600,-1160,-1160,-1160
2026-09-19T17:51:42Z,CHANSUM,3250,3309,60,60000,6000,0,0,0,0,0,-1120,-1160,-1160,-1160
2026-09-19T17:52:14Z,CHAN,3341,3341164,1000,100,0,1,0,-600,-1160,-1142
2026-09-19T17:52:42Z,CHANSUM,3310,3369,60,60000,6000,0,1,0,1,0,-600,-1160,-1160,-1160
2026-09-19T17:53:42Z,CHANSUM,3370,3429,60,60000,6000,0,0,0,0,0,-1120,-1160,-1160,-1160
2026-09-19T17:54:25Z,CHAN,3472,3472164,1000,100,0,1,0,-620,-1160,-1143
2026-09-19T17:54:42Z,CHANSUM,3430,3489,60,60000,6000,0,1,0,1,0,-620,-1160,-1150,-1159
2026-09-19T17:54:51Z,CHAN,3498,3498164,1000,100,0,5,0,-940,-1160,-1139
2026-09-19T17:55:42Z,CHANSUM,3490,3549,60,60000,6000,0,5,0,1,0,-940,-1170,-1160,-1160
2026-09-19T17:55:45Z,CHAN,3552,3552164,1000,100,0,5,0,-1030,-1160,-1142
# M25 capture closed 2026-09-19T17:56:32Z
