# M25 capture opened 2026-09-19T15:37:59Z port=/dev/cu.usbserial-0001 baud=115200
2026-09-19T15:37:59Z,#PORT-OPEN
2026-09-19T15:37:59Z,#RESET
2026-09-19T15:37:59Z,ESP-ROM:esp32s3-20210327
2026-09-19T15:37:59Z,Build:Mar 27 2021
2026-09-19T15:37:59Z,rst:0x1 (POWERON),boot:0x9 (SPI_FAST_FLASH_BOOT)
2026-09-19T15:37:59Z,SPIWP:0xee
2026-09-19T15:37:59Z,mode:DIO, clock div:1
2026-09-19T15:37:59Z,load:0x3fce3808,len:0x4bc
2026-09-19T15:37:59Z,load:0x403c9700,len:0xbd8
2026-09-19T15:37:59Z,load:0x403cc700,len:0x2a0c
2026-09-19T15:37:59Z,entry 0x403c98d0
2026-09-19T15:37:59Z,LRAN chan-capture - listen-only channel sampler, never transmits (35c8471)
2026-09-19T15:37:59Z,Board: heltec_wifi_lora_32_V3
2026-09-19T15:37:59Z,MAC: 44:1b:f6:f9:70:14
2026-09-19T15:37:59Z,capture: sampling 917400000 Hz (default)
2026-09-19T15:37:59Z,PHY: 917.4 MHz, SF9, BW 125 kHz, CR 4/5, receive only
2026-09-19T15:37:59Z,CHAN-BOOT,35c8471,917400000,9,1250,1000,-1100,10
2026-09-19T15:37:59Z,radio: up, receiving
2026-09-19T15:38:09Z,CHANSUM,0,9,10,10000,999,1,0,0,0,0,-1110,-1140,-1140,-1140
2026-09-19T15:39:09Z,CHANSUM,10,69,60,60000,6000,0,0,0,0,0,-1110,-1150,-1140,-1140
2026-09-19T15:39:22Z,CHAN,82,82186,1000,100,0,1,0,-660,-1140,-1126
2026-09-19T15:39:41Z,CHAN,101,101186,1000,100,0,4,0,-1090,-1140,-1129
2026-09-19T15:40:09Z,CHANSUM,70,129,60,60000,6000,0,5,0,2,0,-660,-1150,-1140,-1141
2026-09-19T15:40:40Z,CHAN,160,160186,1000,100,0,2,0,-1090,-1140,-1131
2026-09-19T15:41:09Z,CHANSUM,130,189,60,60000,6000,0,2,0,1,0,-1090,-1150,-1140,-1143
2026-09-19T15:41:33Z,CHAN,213,213186,1000,100,0,1,0,-920,-1160,-1129
2026-09-19T15:42:09Z,CHANSUM,190,249,60,60000,6000,0,1,0,1,0,-920,-1160,-1140,-1143
2026-09-19T15:42:39Z,CHAN,279,279186,1000,100,0,5,0,-1090,-1140,-1129
2026-09-19T15:43:09Z,CHANSUM,250,309,60,60000,6000,0,5,0,1,0,-1090,-1150,-1140,-1142
2026-09-19T15:43:43Z,CHAN,343,343186,1000,100,0,5,0,-910,-1140,-1122
2026-09-19T15:43:44Z,CHAN,344,344186,1000,100,0,1,0,-660,-1150,-1127
2026-09-19T15:44:09Z,CHANSUM,310,369,60,60000,6000,0,6,0,2,0,-660,-1150,-1140,-1143
2026-09-19T15:44:55Z,CHAN,415,415186,1000,100,0,5,0,-1040,-1140,-1128
2026-09-19T15:45:09Z,CHANSUM,370,429,60,60000,6000,0,5,0,1,0,-1040,-1160,-1140,-1142
2026-09-19T15:45:54Z,CHAN,474,474186,1000,100,0,1,0,-660,-1140,-1127
2026-09-19T15:46:08Z,CHAN,488,488186,1000,100,0,1,0,-1100,-1140,-1130
2026-09-19T15:46:09Z,CHANSUM,430,489,60,60000,6000,0,2,0,2,0,-660,-1150,-1140,-1141
2026-09-19T15:47:09Z,CHANSUM,490,549,60,60000,6000,0,0,0,0,0,-1120,-1160,-1140,-1151
2026-09-19T15:48:05Z,CHAN,605,605186,1000,100,0,2,0,-1080,-1150,-1145
2026-09-19T15:48:09Z,CHANSUM,550,609,60,60000,6000,0,2,0,1,0,-1080,-1160,-1150,-1158
2026-09-19T15:49:09Z,CHANSUM,610,669,60,60000,6000,0,0,0,0,0,-1120,-1160,-1150,-1159
2026-09-19T15:49:23Z,CHAN,683,683186,1000,100,0,1,0,-1100,-1140,-1132
2026-09-19T15:50:09Z,CHANSUM,670,729,60,60000,6000,0,1,0,1,0,-1100,-1160,-1140,-1147
2026-09-19T15:50:16Z,CHAN,736,736186,1000,100,0,1,0,-660,-1150,-1129
2026-09-19T15:50:17Z,CHAN,737,737186,1000,100,0,4,0,-940,-1150,-1128
2026-09-19T15:50:55Z,CHAN,775,775186,1000,100,0,3,0,-1020,-1150,-1130
2026-09-19T15:50:57Z,CHAN,777,777186,1000,100,0,4,0,-1090,-1150,-1131
2026-09-19T15:51:09Z,CHANSUM,730,789,60,60000,6000,0,12,0,4,0,-660,-1150,-1140,-1146
2026-09-19T15:51:13Z,CHAN,793,793186,1000,100,0,4,0,-1030,-1140,-1131
2026-09-19T15:51:21Z,CHAN,801,801186,1000,100,0,3,0,-1090,-1150,-1133
2026-09-19T15:51:27Z,CHAN,807,807186,1000,100,0,4,0,-1080,-1140,-1131
2026-09-19T15:52:09Z,CHANSUM,790,849,60,60000,6000,0,11,0,3,0,-1030,-1150,-1140,-1145
2026-09-19T15:52:26Z,CHAN,866,866186,1000,100,0,1,0,-660,-1150,-1130
2026-09-19T15:52:32Z,CHAN,872,872186,1000,100,0,4,0,-720,-1140,-1121
2026-09-19T15:52:48Z,CHAN,888,888186,1000,100,0,2,0,-1090,-1150,-1134
2026-09-19T15:53:09Z,CHANSUM,850,909,60,60000,6000,0,7,0,3,0,-660,-1150,-1140,-1148
2026-09-19T15:53:32Z,CHAN,932,932186,1000,100,0,3,0,-1100,-1140,-1133
2026-09-19T15:54:09Z,CHANSUM,910,969,60,60000,6000,0,3,0,1,0,-1100,-1150,-1140,-1148
2026-09-19T15:54:22Z,CHAN,982,982186,1000,100,0,3,0,-1090,-1150,-1133
2026-09-19T15:54:37Z,CHAN,997,997186,1000,100,0,1,0,-660,-1150,-1128
2026-09-19T15:55:09Z,CHANSUM,970,1029,60,60000,6000,0,4,0,2,0,-660,-1150,-1140,-1146
2026-09-19T15:56:09Z,CHANSUM,1030,1089,60,60000,6000,0,0,0,0,0,-1120,-1150,-1140,-1147
2026-09-19T15:56:38Z,CHAN,1118,1118186,1000,100,0,4,0,-930,-1160,-1127
2026-09-19T15:56:48Z,CHAN,1128,1128186,1000,100,0,1,0,-660,-1140,-1129
2026-09-19T15:56:58Z,CHAN,1138,1138186,1000,100,0,4,0,-1060,-1150,-1131
2026-09-19T15:57:09Z,CHANSUM,1090,1149,60,60000,6000,0,9,0,3,0,-660,-1160,-1140,-1148
2026-09-19T15:57:18Z,CHAN,1158,1158186,1000,100,0,3,0,-940,-1150,-1128
2026-09-19T15:57:58Z,CHAN,1198,1198186,1000,100,0,4,0,-1100,-1150,-1133
2026-09-19T15:58:00Z,CHAN,1200,1200186,1000,100,0,1,0,-1100,-1150,-1133
2026-09-19T15:58:09Z,CHANSUM,1150,1209,60,60000,6000,0,8,0,3,0,-940,-1160,-1140,-1147
2026-09-19T15:58:15Z,CHAN,1215,1215186,1000,100,0,4,0,-1100,-1150,-1133
2026-09-19T15:58:28Z,CHAN,1228,1228186,1000,100,0,4,0,-1090,-1150,-1133
2026-09-19T15:59:01Z,CHAN,1261,1261186,1000,100,0,4,0,-920,-1150,-1126
2026-09-19T15:59:09Z,CHANSUM,1210,1269,60,60000,6000,0,12,0,3,0,-920,-1160,-1140,-1148
2026-09-19T15:59:21Z,CHAN,1281,1281186,1000,100,0,5,0,-1080,-1150,-1132
2026-09-19T15:59:25Z,CHAN,1285,1285186,1000,100,0,3,0,-1080,-1150,-1134
2026-09-19T16:00:09Z,CHANSUM,1270,1329,60,60000,6000,0,8,0,2,0,-1080,-1150,-1140,-1147
2026-09-19T16:00:21Z,CHAN,1341,1341186,1000,100,0,5,0,-1090,-1150,-1133
2026-09-19T16:00:39Z,CHAN,1359,1359186,1000,100,0,4,0,-1090,-1150,-1133
2026-09-19T16:01:04Z,CHAN,1384,1384186,1000,100,0,4,0,-1080,-1150,-1132
2026-09-19T16:01:08Z,CHAN,1388,1388186,1000,100,0,5,0,-1030,-1150,-1129
2026-09-19T16:01:09Z,CHAN,1389,1389186,1000,100,0,1,0,-650,-1150,-1130
2026-09-19T16:01:09Z,CHANSUM,1330,1389,60,60000,6000,0,19,0,5,0,-650,-1150,-1140,-1148
2026-09-19T16:01:12Z,CHAN,1392,1392186,1000,100,0,3,0,-1040,-1150,-1131
2026-09-19T16:01:33Z,CHAN,1413,1413186,1000,100,0,5,0,-740,-1150,-1119
2026-09-19T16:02:09Z,CHANSUM,1390,1449,60,60000,6000,0,8,0,2,0,-740,-1150,-1140,-1147
2026-09-19T16:02:55Z,CHAN,1495,1495186,1000,100,0,1,0,-1100,-1150,-1135
2026-09-19T16:03:09Z,CHANSUM,1450,1509,60,60000,6000,0,1,0,1,0,-1100,-1150,-1140,-1149
2026-09-19T16:03:20Z,CHAN,1520,1520186,1000,100,0,1,0,-650,-1160,-1131
2026-09-19T16:03:30Z,CHAN,1530,1530186,1000,100,0,4,0,-1080,-1150,-1132
2026-09-19T16:04:06Z,CHAN,1566,1566186,1000,100,0,5,0,-960,-1160,-1129
2026-09-19T16:04:09Z,CHANSUM,1510,1569,60,60000,6000,0,10,0,3,0,-650,-1160,-1140,-1149
2026-09-19T16:04:36Z,CHAN,1596,1596186,1000,100,0,5,0,-970,-1150,-1127
2026-09-19T16:05:09Z,CHANSUM,1570,1629,60,60000,6000,0,5,0,1,0,-970,-1150,-1140,-1148
2026-09-19T16:05:31Z,CHAN,1651,1651186,1000,100,0,1,0,-650,-1150,-1130
2026-09-19T16:05:39Z,CHAN,1659,1659186,1000,100,0,5,0,-1080,-1140,-1131
2026-09-19T16:06:09Z,CHANSUM,1630,1689,60,60000,6000,0,6,0,2,0,-650,-1150,-1140,-1148
2026-09-19T16:07:09Z,CHANSUM,1690,1749,60,60000,6000,0,0,0,0,0,-1120,-1150,-1140,-1149
2026-09-19T16:07:30Z,CHAN,1770,1770186,1000,100,0,4,0,-1090,-1150,-1133
2026-09-19T16:07:41Z,CHAN,1781,1781186,1000,100,0,1,0,-650,-1150,-1130
2026-09-19T16:08:09Z,CHANSUM,1750,1809,60,60000,6000,0,5,0,2,0,-650,-1160,-1140,-1149
2026-09-19T16:08:31Z,CHAN,1831,1831186,1000,100,0,6,0,-710,-1150,-1112
2026-09-19T16:08:48Z,CHAN,1848,1848186,1000,100,0,2,0,-1100,-1150,-1134
2026-09-19T16:09:09Z,CHANSUM,1810,1869,60,60000,6000,0,8,0,2,0,-710,-1150,-1140,-1149
2026-09-19T16:09:13Z,CHAN,1873,1873186,1000,100,0,4,0,-970,-1150,-1128
2026-09-19T16:09:52Z,CHAN,1912,1912186,1000,100,0,1,0,-760,-1150,-1131
2026-09-19T16:10:09Z,CHANSUM,1870,1929,60,60000,6000,0,5,0,2,0,-760,-1150,-1140,-1148
2026-09-19T16:10:53Z,CHAN,1973,1973186,1000,100,0,4,0,-870,-1140,-1122
2026-09-19T16:10:58Z,CHAN,1978,1978186,1000,100,0,5,0,-1030,-1160,-1128
2026-09-19T16:11:09Z,CHANSUM,1930,1989,60,60000,6000,0,9,0,2,0,-870,-1160,-1140,-1147
2026-09-19T16:12:03Z,CHAN,2043,2043186,1000,100,0,1,0,-660,-1150,-1128
2026-09-19T16:12:09Z,CHANSUM,1990,2049,60,60000,6000,0,1,0,1,0,-660,-1150,-1140,-1142
2026-09-19T16:12:30Z,CHAN,2070,2070186,1000,100,0,3,0,-1050,-1140,-1129
2026-09-19T16:12:46Z,CHAN,2086,2086186,1000,100,0,9,0,-940,-1140,-1115
2026-09-19T16:13:07Z,CHAN,2107,2107186,1000,100,0,2,0,-1090,-1140,-1130
2026-09-19T16:13:09Z,CHANSUM,2050,2109,60,60000,6000,0,14,0,3,0,-940,-1150,-1140,-1142
2026-09-19T16:13:50Z,CHAN,2150,2150186,1000,100,0,2,0,-1090,-1150,-1130
2026-09-19T16:14:09Z,CHANSUM,2110,2169,60,60000,6000,0,2,0,1,0,-1090,-1150,-1140,-1143
2026-09-19T16:14:13Z,CHAN,2173,2173186,1000,100,0,1,0,-640,-1140,-1126
2026-09-19T16:14:18Z,CHAN,2178,2178186,1000,100,0,5,0,-1050,-1140,-1127
2026-09-19T16:14:27Z,CHAN,2187,2187186,1000,100,0,4,0,-1080,-1140,-1128
2026-09-19T16:14:40Z,CHAN,2200,2200186,1000,100,0,4,0,-960,-1150,-1125
2026-09-19T16:14:51Z,CHAN,2211,2211186,1000,100,0,5,0,-700,-1160,-1117
2026-09-19T16:14:59Z,CHAN,2219,2219186,1000,100,0,4,0,-980,-1140,-1126
2026-09-19T16:15:09Z,CHANSUM,2170,2229,60,60000,6000,0,23,0,6,0,-640,-1160,-1140,-1141
2026-09-19T16:15:30Z,CHAN,2250,2250186,1000,100,0,3,0,-1040,-1150,-1131
2026-09-19T16:15:43Z,CHAN,2263,2263186,1000,100,0,4,0,-970,-1150,-1128
2026-09-19T16:15:47Z,CHAN,2267,2267186,1000,100,0,3,0,-1090,-1140,-1132
2026-09-19T16:16:09Z,CHANSUM,2230,2289,60,60000,6000,0,10,0,3,0,-970,-1150,-1140,-1146
2026-09-19T16:16:24Z,CHAN,2304,2304186,1000,100,0,1,0,-1070,-1150,-1134
2026-09-19T16:17:09Z,CHANSUM,2290,2349,60,60000,6000,0,1,0,1,0,-1070,-1150,-1140,-1148
2026-09-19T16:17:17Z,CHAN,2357,2357186,1000,100,0,4,0,-870,-1150,-1125
2026-09-19T16:18:07Z,CHAN,2407,2407186,1000,100,0,3,0,-1090,-1150,-1132
2026-09-19T16:18:09Z,CHANSUM,2350,2409,60,60000,6000,0,7,0,2,0,-870,-1160,-1140,-1147
2026-09-19T16:18:17Z,CHAN,2417,2417186,1000,100,0,3,0,-870,-1150,-1125
2026-09-19T16:18:26Z,CHAN,2426,2426186,1000,100,0,4,0,-1090,-1140,-1132
2026-09-19T16:18:35Z,CHAN,2435,2435186,1000,100,0,1,0,-650,-1150,-1129
2026-09-19T16:19:09Z,CHANSUM,2410,2469,60,60000,6000,0,8,0,3,0,-650,-1150,-1140,-1148
2026-09-19T16:19:17Z,CHAN,2477,2477186,1000,100,0,4,0,-870,-1150,-1126
2026-09-19T16:19:25Z,CHAN,2485,2485186,1000,100,0,3,0,-1070,-1150,-1132
2026-09-19T16:19:37Z,CHAN,2497,2497186,1000,100,0,5,0,-1080,-1140,-1131
2026-09-19T16:20:09Z,CHANSUM,2470,2529,60,60000,6000,0,12,0,3,0,-870,-1160,-1140,-1147
2026-09-19T16:20:34Z,CHAN,2554,2554186,1000,100,0,3,0,-1090,-1150,-1133
2026-09-19T16:20:37Z,CHAN,2557,2557186,1000,100,0,5,0,-980,-1150,-1126
2026-09-19T16:20:45Z,CHAN,2565,2565186,1000,100,0,1,0,-770,-1150,-1131
2026-09-19T16:21:01Z,CHAN,2581,2581186,1000,100,0,3,0,-1040,-1140,-1130
2026-09-19T16:21:09Z,CHANSUM,2530,2589,60,60000,6000,0,12,0,4,0,-770,-1150,-1140,-1147
2026-09-19T16:21:21Z,CHAN,2601,2601186,1000,100,0,1,0,-1080,-1140,-1131
2026-09-19T16:21:36Z,CHAN,2616,2616186,1000,100,0,3,0,-1090,-1140,-1130
2026-09-19T16:21:38Z,CHAN,2618,2618186,1000,100,0,3,0,-1030,-1150,-1129
2026-09-19T16:21:53Z,CHAN,2633,2633186,1000,100,0,30,0,-940,-1140,-1081
2026-09-19T16:21:54Z,CHAN,2634,2634186,1000,100,0,18,0,-940,-1140,-1100
2026-09-19T16:22:06Z,CHAN,2646,2646186,1000,100,0,55,0,-950,-1150,-1049
2026-09-19T16:22:07Z,CHAN,2647,2647186,1000,100,0,24,0,-960,-1150,-1093
2026-09-19T16:22:09Z,CHANSUM,2590,2649,60,60000,6000,0,134,0,7,0,-940,-1150,-1140,-1144
2026-09-19T16:22:47Z,CHAN,2687,2687186,1000,100,0,1,0,-1100,-1150,-1132
2026-09-19T16:22:56Z,CHAN,2696,2696186,1000,100,0,1,0,-660,-1150,-1128
2026-09-19T16:23:02Z,CHAN,2702,2702186,1000,100,0,4,0,-1030,-1150,-1129
2026-09-19T16:23:09Z,CHANSUM,2650,2709,60,60000,6000,0,6,0,3,0,-660,-1150,-1140,-1143
2026-09-19T16:23:46Z,CHAN,2746,2746186,1000,100,0,3,0,-1100,-1140,-1132
2026-09-19T16:24:06Z,CHAN,2766,2766186,1000,100,0,3,0,-930,-1150,-1127
2026-09-19T16:24:09Z,CHANSUM,2710,2769,60,60000,6000,0,6,0,2,0,-930,-1150,-1140,-1144
2026-09-19T16:24:20Z,CHAN,2780,2780186,1000,100,0,4,0,-1090,-1140,-1131
2026-09-19T16:24:49Z,CHAN,2809,2809186,1000,100,0,4,0,-910,-1140,-1125
2026-09-19T16:25:07Z,CHAN,2827,2827186,1000,100,0,1,0,-670,-1140,-1127
2026-09-19T16:25:09Z,CHANSUM,2770,2829,60,60000,6000,0,9,0,3,0,-670,-1150,-1140,-1143
2026-09-19T16:25:48Z,CHAN,2868,2868186,1000,100,0,29,0,-960,-1160,-1090
2026-09-19T16:25:49Z,CHAN,2869,2869186,1000,100,0,13,0,-960,-1150,-1111
2026-09-19T16:26:09Z,CHANSUM,2830,2889,60,60000,6000,0,42,0,2,0,-960,-1160,-1140,-1143
2026-09-19T16:26:14Z,CHAN,2894,2894186,1000,100,0,4,0,-1100,-1140,-1129
2026-09-19T16:26:59Z,CHAN,2939,2939186,1000,100,0,1,0,-1100,-1140,-1130
2026-09-19T16:27:09Z,CHANSUM,2890,2949,60,60000,6000,0,5,0,2,0,-1100,-1150,-1140,-1142
2026-09-19T16:27:17Z,CHAN,2957,2957186,1000,100,0,2,0,-1060,-1140,-1130
2026-09-19T16:28:09Z,CHANSUM,2950,3009,60,60000,6000,0,2,0,1,0,-1060,-1160,-1140,-1141
2026-09-19T16:28:28Z,CHAN,3028,3028186,1000,100,0,5,0,-1060,-1140,-1128
2026-09-19T16:29:09Z,CHANSUM,3010,3069,60,60000,6000,0,5,0,1,0,-1060,-1150,-1140,-1142
2026-09-19T16:29:28Z,CHAN,3088,3088186,1000,100,0,1,0,-660,-1140,-1125
2026-09-19T16:30:09Z,CHANSUM,3070,3129,60,60000,6000,0,1,0,1,0,-660,-1150,-1140,-1141
2026-09-19T16:30:35Z,CHAN,3155,3155186,1000,100,0,5,0,-1080,-1140,-1129
2026-09-19T16:31:09Z,CHANSUM,3130,3189,60,60000,6000,0,5,0,1,0,-1080,-1150,-1140,-1141
2026-09-19T16:31:39Z,CHAN,3219,3219186,1000,100,0,1,0,-680,-1140,-1126
2026-09-19T16:32:02Z,CHAN,3242,3242186,1000,100,0,5,0,-1060,-1150,-1131
2026-09-19T16:32:09Z,CHANSUM,3190,3249,60,60000,6000,0,6,0,2,0,-680,-1150,-1140,-1142
2026-09-19T16:33:09Z,CHANSUM,3250,3309,60,60000,6000,0,0,0,0,0,-1120,-1150,-1140,-1147
2026-09-19T16:33:16Z,CHAN,3316,3316186,1000,100,0,4,0,-970,-1140,-1127
2026-09-19T16:33:47Z,CHAN,3347,3347186,1000,100,0,5,0,-1090,-1150,-1131
2026-09-19T16:33:49Z,CHAN,3349,3349186,1000,100,0,1,0,-950,-1140,-1132
2026-09-19T16:33:59Z,CHAN,3359,3359186,1000,100,0,1,0,-1090,-1150,-1132
2026-09-19T16:34:09Z,CHANSUM,3310,3369,60,60000,6000,0,11,0,4,0,-950,-1150,-1140,-1146
2026-09-19T16:35:03Z,CHAN,3423,3423186,1000,100,0,4,0,-980,-1140,-1124
2026-09-19T16:35:06Z,CHAN,3426,3426186,1000,100,0,5,0,-960,-1140,-1124
2026-09-19T16:35:09Z,CHANSUM,3370,3429,60,60000,6000,0,9,0,2,0,-960,-1150,-1140,-1142
2026-09-19T16:36:00Z,CHAN,3480,3480186,1000,100,0,1,0,-660,-1140,-1125
2026-09-19T16:36:09Z,CHANSUM,3430,3489,60,60000,6000,0,1,0,1,0,-660,-1150,-1140,-1140
2026-09-19T16:36:20Z,CHAN,3500,3500186,1000,100,0,1,0,-1100,-1140,-1129
2026-09-19T16:37:09Z,CHANSUM,3490,3549,60,60000,6000,0,1,0,1,0,-1100,-1150,-1140,-1141
2026-09-19T16:37:57Z,CHAN,3597,3597186,1000,100,0,4,0,-980,-1140,-1124
# M25 capture closed 2026-09-19T16:37:59Z
