# M25 capture opened 2026-09-19T16:38:25Z port=/dev/cu.usbserial-3 baud=115200
2026-09-19T16:38:25Z,#PORT-OPEN
2026-09-19T16:38:25Z,#RESET
2026-09-19T16:38:25Z,ESP-ROM:esp32s3-20210327
2026-09-19T16:38:25Z,Build:Mar 27 2021
2026-09-19T16:38:25Z,rst:0x1 (POWERON),boot:0x29 (SPI_FAST_FLASH_BOOT)
2026-09-19T16:38:25Z,SPIWP:0xee
2026-09-19T16:38:25Z,mode:DIO, clock div:1
2026-09-19T16:38:25Z,load:0x3fce3808,len:0x4bc
2026-09-19T16:38:25Z,load:0x403c9700,len:0xbd8
2026-09-19T16:38:25Z,load:0x403cc700,len:0x2a0c
2026-09-19T16:38:25Z,entry 0x403c98d0
2026-09-19T16:38:25Z,LRAN chan-capture - listen-only channel sampler, never transmits (6bf9a38)
2026-09-19T16:38:25Z,Board: heltec_wifi_lora_32_V3
2026-09-19T16:38:25Z,MAC: 44:1b:f6:fa:bc:2c
2026-09-19T16:38:25Z,capture: sampling 917200000 Hz (stored)
2026-09-19T16:38:25Z,PHY: 917.2 MHz, SF9, BW 125 kHz, CR 4/5, receive only
2026-09-19T16:38:25Z,CHAN-BOOT,6bf9a38,917200000,9,1250,1000,-1100,10
2026-09-19T16:38:25Z,radio: up, receiving
2026-09-19T16:38:26Z,CHAN,0,164,1000,99,1,12,0,-1000,-1130,-1111
2026-09-19T16:38:27Z,CHAN,1,1164,1000,100,0,17,0,-1100,-1130,-1112
2026-09-19T16:38:28Z,CHAN,2,2164,1000,100,0,9,0,-1100,-1130,-1113
2026-09-19T16:38:29Z,CHAN,3,3164,1000,100,0,15,0,-1100,-1130,-1114
2026-09-19T16:38:30Z,CHAN,4,4164,1000,100,0,13,0,-1090,-1130,-1113
2026-09-19T16:38:31Z,CHAN,5,5164,1000,100,0,14,0,-1090,-1130,-1113
2026-09-19T16:38:32Z,CHAN,6,6164,1000,100,0,14,0,-1090,-1130,-1113
2026-09-19T16:38:33Z,CHAN,7,7164,1000,100,0,15,0,-1100,-1130,-1113
2026-09-19T16:38:34Z,CHAN,8,8164,1000,100,0,13,0,-1090,-1130,-1113
2026-09-19T16:38:35Z,CHAN,9,9164,1000,100,0,13,0,-1100,-1130,-1113
2026-09-19T16:38:35Z,CHANSUM,0,9,10,10000,999,1,135,0,10,0,-1000,-1130,-1130,-1130
2026-09-19T16:38:36Z,CHAN,10,10164,1000,100,0,21,0,-1090,-1130,-1113
2026-09-19T16:38:37Z,CHAN,11,11164,1000,100,0,11,0,-1100,-1130,-1114
2026-09-19T16:38:38Z,CHAN,12,12164,1000,100,0,12,0,-1100,-1130,-1113
2026-09-19T16:38:39Z,CHAN,13,13164,1000,100,0,14,0,-1090,-1130,-1112
2026-09-19T16:38:40Z,CHAN,14,14164,1000,100,0,14,0,-1090,-1130,-1113
2026-09-19T16:38:41Z,CHAN,15,15164,1000,100,0,13,0,-1090,-1130,-1113
2026-09-19T16:38:42Z,CHAN,16,16164,1000,100,0,20,0,-1100,-1130,-1113
2026-09-19T16:38:43Z,CHAN,17,17164,1000,100,0,12,0,-1100,-1130,-1113
2026-09-19T16:38:44Z,CHAN,18,18164,1000,100,0,12,0,-1090,-1130,-1113
2026-09-19T16:38:45Z,CHAN,19,19164,1000,100,0,15,0,-1090,-1130,-1113
2026-09-19T16:38:46Z,CHAN,20,20164,1000,100,0,12,0,-1100,-1130,-1113
2026-09-19T16:38:47Z,CHAN,21,21164,1000,100,0,12,0,-1100,-1130,-1113
2026-09-19T16:38:48Z,CHAN,22,22164,1000,100,0,10,0,-1100,-1130,-1113
2026-09-19T16:38:49Z,CHAN,23,23164,1000,100,0,18,0,-1100,-1120,-1112
2026-09-19T16:38:50Z,CHAN,24,24164,1000,100,0,15,0,-1100,-1130,-1112
2026-09-19T16:38:51Z,CHAN,25,25164,1000,100,0,9,0,-1100,-1130,-1113
2026-09-19T16:38:52Z,CHAN,26,26164,1000,100,0,17,0,-1090,-1130,-1113
2026-09-19T16:38:53Z,CHAN,27,27164,1000,100,0,11,0,-1100,-1130,-1113
2026-09-19T16:38:54Z,CHAN,28,28164,1000,100,0,9,0,-1090,-1130,-1113
2026-09-19T16:38:55Z,CHAN,29,29164,1000,100,0,12,0,-1090,-1130,-1112
2026-09-19T16:38:56Z,CHAN,30,30164,1000,100,0,12,0,-1100,-1130,-1113
2026-09-19T16:38:57Z,CHAN,31,31164,1000,100,0,15,0,-1100,-1130,-1113
2026-09-19T16:38:58Z,CHAN,32,32164,1000,100,0,11,0,-1100,-1120,-1112
2026-09-19T16:38:59Z,CHAN,33,33164,1000,100,0,13,0,-1100,-1130,-1113
2026-09-19T16:39:00Z,CHAN,34,34164,1000,100,0,14,0,-1100,-1130,-1113
2026-09-19T16:39:01Z,CHAN,35,35164,1000,100,0,10,0,-1090,-1130,-1114
2026-09-19T16:39:02Z,CHAN,36,36164,1000,100,0,13,0,-1100,-1130,-1113
2026-09-19T16:39:03Z,CHAN,37,37164,1000,100,0,12,0,-1100,-1130,-1113
2026-09-19T16:39:04Z,CHAN,38,38164,1000,100,0,11,0,-1100,-1130,-1113
2026-09-19T16:39:05Z,CHAN,39,39164,1000,100,0,16,0,-1090,-1130,-1112
2026-09-19T16:39:06Z,CHAN,40,40164,1000,100,0,13,0,-1100,-1130,-1112
2026-09-19T16:39:07Z,CHAN,41,41164,1000,100,0,11,0,-1090,-1130,-1113
2026-09-19T16:39:08Z,CHAN,42,42164,1000,100,0,14,0,-1100,-1120,-1113
2026-09-19T16:39:09Z,CHAN,43,43164,1000,100,0,12,0,-1100,-1130,-1113
2026-09-19T16:39:10Z,CHAN,44,44164,1000,100,0,17,0,-1100,-1130,-1112
2026-09-19T16:39:11Z,CHAN,45,45164,1000,100,0,10,0,-1090,-1130,-1113
2026-09-19T16:39:12Z,CHAN,46,46164,1000,100,0,15,0,-1100,-1130,-1112
2026-09-19T16:39:13Z,CHAN,47,47164,1000,100,0,8,0,-1100,-1130,-1114
2026-09-19T16:39:14Z,CHAN,48,48164,1000,100,0,11,0,-1100,-1130,-1113
2026-09-19T16:39:15Z,CHAN,49,49164,1000,100,0,12,0,-1100,-1130,-1113
2026-09-19T16:39:16Z,CHAN,50,50164,1000,100,0,14,0,-1090,-1130,-1113
2026-09-19T16:39:17Z,CHAN,51,51164,1000,100,0,17,0,-1100,-1130,-1113
2026-09-19T16:39:18Z,CHAN,52,52164,1000,100,0,11,0,-1100,-1120,-1113
2026-09-19T16:39:19Z,CHAN,53,53164,1000,100,0,6,0,-1100,-1120,-1113
2026-09-19T16:39:20Z,CHAN,54,54164,1000,100,0,11,0,-1100,-1130,-1113
2026-09-19T16:39:21Z,CHAN,55,55164,1000,100,0,10,0,-1100,-1130,-1113
2026-09-19T16:39:22Z,CHAN,56,56164,1000,100,0,9,0,-1100,-1130,-1114
2026-09-19T16:39:23Z,CHAN,57,57164,1000,100,0,14,0,-1100,-1130,-1113
2026-09-19T16:39:24Z,CHAN,58,58164,1000,100,0,6,0,-1100,-1130,-1112
2026-09-19T16:39:25Z,CHAN,59,59164,1000,100,0,12,0,-1100,-1130,-1113
2026-09-19T16:39:26Z,CHAN,60,60164,1000,100,0,6,0,-1100,-1130,-1113
2026-09-19T16:39:27Z,CHAN,61,61164,1000,100,0,8,0,-1100,-1130,-1113
2026-09-19T16:39:28Z,CHAN,62,62164,1000,100,0,7,0,-1100,-1130,-1114
2026-09-19T16:39:29Z,CHAN,63,63164,1000,100,0,5,0,-1100,-1120,-1114
2026-09-19T16:39:30Z,CHAN,64,64164,1000,100,0,5,0,-1100,-1120,-1113
2026-09-19T16:39:31Z,CHAN,65,65164,1000,100,0,2,0,-1100,-1130,-1114
2026-09-19T16:39:32Z,CHAN,66,66164,1000,100,0,5,0,-1100,-1130,-1113
2026-09-19T16:39:33Z,CHAN,67,67164,1000,100,0,5,0,-1100,-1130,-1114
2026-09-19T16:39:34Z,CHAN,68,68164,1000,100,0,1,0,-1100,-1130,-1114
2026-09-19T16:39:35Z,CHAN,69,69164,1000,100,0,3,0,-1100,-1130,-1114
2026-09-19T16:39:35Z,CHANSUM,10,69,60,60000,6000,0,676,0,60,0,-1090,-1130,-1120,-1128
2026-09-19T16:39:36Z,CHAN,70,70164,1000,100,0,2,0,-1100,-1130,-1115
2026-09-19T16:39:37Z,CHAN,71,71164,1000,100,0,2,0,-1100,-1130,-1114
2026-09-19T16:39:38Z,CHAN,72,72164,1000,100,0,5,0,-1100,-1130,-1114
2026-09-19T16:39:39Z,CHAN,73,73164,1000,100,0,3,0,-1100,-1120,-1115
2026-09-19T16:39:40Z,CHAN,74,74164,1000,100,0,4,0,-1100,-1130,-1115
2026-09-19T16:39:41Z,CHAN,75,75164,1000,100,0,3,0,-1100,-1130,-1115
2026-09-19T16:39:42Z,CHAN,76,76164,1000,100,0,3,0,-1100,-1130,-1114
2026-09-19T16:39:43Z,CHAN,77,77164,1000,100,0,3,0,-1100,-1130,-1115
2026-09-19T16:39:44Z,CHAN,78,78164,1000,100,0,2,0,-1100,-1130,-1114
2026-09-19T16:39:45Z,CHAN,79,79164,1000,100,0,2,0,-1100,-1130,-1115
2026-09-19T16:39:46Z,CHAN,80,80164,1000,100,0,5,0,-1100,-1120,-1115
2026-09-19T16:39:47Z,CHAN,81,81164,1000,100,0,2,0,-1100,-1130,-1116
2026-09-19T16:39:48Z,CHAN,82,82164,1000,100,0,4,0,-1100,-1130,-1115
2026-09-19T16:39:50Z,CHAN,84,84164,1000,100,0,12,0,-920,-1130,-1099
2026-09-19T16:39:51Z,CHAN,85,85164,1000,100,0,6,0,-1100,-1130,-1114
2026-09-19T16:39:52Z,CHAN,86,86164,1000,100,0,5,0,-1100,-1130,-1114
2026-09-19T16:39:53Z,CHAN,87,87164,1000,100,0,3,0,-1100,-1130,-1115
2026-09-19T16:39:54Z,CHAN,88,88164,1000,100,0,3,0,-1100,-1130,-1115
2026-09-19T16:39:55Z,CHAN,89,89164,1000,100,0,4,0,-1100,-1130,-1115
2026-09-19T16:39:56Z,CHAN,90,90164,1000,100,0,1,0,-1100,-1140,-1116
2026-09-19T16:39:57Z,CHAN,91,91164,1000,100,0,3,0,-1100,-1130,-1114
2026-09-19T16:39:58Z,CHAN,92,92164,1000,100,0,6,0,-880,-1130,-1112
2026-09-19T16:39:59Z,CHAN,93,93164,1000,100,0,5,0,-1100,-1130,-1115
2026-09-19T16:40:00Z,CHAN,94,94164,1000,100,0,6,0,-1100,-1130,-1114
2026-09-19T16:40:01Z,CHAN,95,95164,1000,100,0,5,0,-1100,-1130,-1113
2026-09-19T16:40:02Z,CHAN,96,96164,1000,100,0,5,0,-1100,-1130,-1113
2026-09-19T16:40:03Z,CHAN,97,97164,1000,100,0,6,0,-1100,-1130,-1113
2026-09-19T16:40:04Z,CHAN,98,98164,1000,100,0,5,0,-1100,-1130,-1114
2026-09-19T16:40:05Z,CHAN,99,99164,1000,100,0,11,0,-1100,-1130,-1113
2026-09-19T16:40:06Z,CHAN,100,100164,1000,100,0,8,0,-1100,-1120,-1113
2026-09-19T16:40:07Z,CHAN,101,101164,1000,100,0,3,0,-1100,-1130,-1113
2026-09-19T16:40:08Z,CHAN,102,102164,1000,100,0,6,0,-1100,-1130,-1113
2026-09-19T16:40:09Z,CHAN,103,103164,1000,100,0,7,0,-1100,-1130,-1113
2026-09-19T16:40:10Z,CHAN,104,104164,1000,100,0,5,0,-1100,-1130,-1113
2026-09-19T16:40:11Z,CHAN,105,105164,1000,100,0,9,0,-1100,-1130,-1113
2026-09-19T16:40:12Z,CHAN,106,106164,1000,100,0,6,0,-1100,-1120,-1112
2026-09-19T16:40:13Z,CHAN,107,107164,1000,100,0,9,0,-1100,-1130,-1114
2026-09-19T16:40:14Z,CHAN,108,108164,1000,100,0,13,0,-1100,-1120,-1113
2026-09-19T16:40:15Z,CHAN,109,109164,1000,100,0,7,0,-1100,-1130,-1113
2026-09-19T16:40:16Z,CHAN,110,110164,1000,100,0,10,0,-1100,-1130,-1112
2026-09-19T16:40:17Z,CHAN,111,111164,1000,100,0,6,0,-1100,-1130,-1113
2026-09-19T16:40:18Z,CHAN,112,112164,1000,100,0,5,0,-1100,-1130,-1113
2026-09-19T16:40:19Z,CHAN,113,113164,1000,100,0,9,0,-1090,-1130,-1113
2026-09-19T16:40:20Z,CHAN,114,114164,1000,100,0,11,0,-1100,-1130,-1113
2026-09-19T16:40:21Z,CHAN,115,115164,1000,100,0,12,0,-1090,-1130,-1112
2026-09-19T16:40:22Z,CHAN,116,116164,1000,100,0,10,0,-1100,-1130,-1113
2026-09-19T16:40:23Z,CHAN,117,117164,1000,100,0,12,0,-1090,-1130,-1112
2026-09-19T16:40:24Z,CHAN,118,118164,1000,100,0,10,0,-1100,-1130,-1113
2026-09-19T16:40:25Z,CHAN,119,119164,1000,100,0,8,0,-1100,-1130,-1113
2026-09-19T16:40:26Z,CHAN,120,120164,1000,100,0,9,0,-1100,-1130,-1112
2026-09-19T16:40:27Z,CHAN,121,121164,1000,100,0,16,0,-1100,-1130,-1111
2026-09-19T16:40:28Z,CHAN,122,122164,1000,100,0,14,0,-1090,-1130,-1112
2026-09-19T16:40:29Z,CHAN,123,123164,1000,100,0,16,0,-1090,-1130,-1111
2026-09-19T16:40:30Z,CHAN,124,124164,1000,100,0,11,0,-1090,-1130,-1113
2026-09-19T16:40:31Z,CHAN,125,125164,1000,100,0,58,0,-940,-1130,-1058
2026-09-19T16:40:32Z,CHAN,126,126164,1000,100,0,44,0,-950,-1120,-1072
2026-09-19T16:40:33Z,CHAN,127,127164,1000,100,0,15,0,-1100,-1130,-1112
2026-09-19T16:40:34Z,CHAN,128,128164,1000,100,0,12,0,-1100,-1130,-1113
2026-09-19T16:40:35Z,CHAN,129,129164,1000,100,0,11,0,-1100,-1130,-1113
2026-09-19T16:40:35Z,CHANSUM,70,129,60,60000,6000,0,498,0,59,0,-880,-1140,-1120,-1129
2026-09-19T16:40:36Z,CHAN,130,130164,1000,100,0,6,0,-1090,-1130,-1113
2026-09-19T16:40:37Z,CHAN,131,131164,1000,100,0,6,0,-1090,-1130,-1114
2026-09-19T16:40:38Z,CHAN,132,132164,1000,100,0,7,0,-1100,-1130,-1112
2026-09-19T16:40:39Z,CHAN,133,133164,1000,100,0,10,0,-1090,-1130,-1113
2026-09-19T16:40:40Z,CHAN,134,134164,1000,100,0,11,0,-1090,-1130,-1113
2026-09-19T16:40:41Z,CHAN,135,135164,1000,100,0,8,0,-1100,-1130,-1114
2026-09-19T16:40:42Z,CHAN,136,136164,1000,100,0,12,0,-1090,-1130,-1112
2026-09-19T16:40:43Z,CHAN,137,137164,1000,100,0,11,0,-1090,-1130,-1113
2026-09-19T16:40:44Z,CHAN,138,138164,1000,100,0,14,0,-1100,-1130,-1113
2026-09-19T16:40:45Z,CHAN,139,139164,1000,100,0,13,0,-1100,-1130,-1113
2026-09-19T16:40:46Z,CHAN,140,140164,1000,100,0,12,0,-1100,-1130,-1113
2026-09-19T16:40:47Z,CHAN,141,141164,1000,100,0,10,0,-1100,-1130,-1113
2026-09-19T16:40:48Z,CHAN,142,142164,1000,100,0,11,0,-1090,-1130,-1113
2026-09-19T16:40:49Z,CHAN,143,143164,1000,100,0,8,0,-1090,-1130,-1112
2026-09-19T16:40:50Z,CHAN,144,144164,1000,100,0,10,0,-1100,-1130,-1112
2026-09-19T16:40:51Z,CHAN,145,145164,1000,100,0,14,0,-1100,-1130,-1113
2026-09-19T16:40:52Z,CHAN,146,146164,1000,100,0,7,0,-1100,-1130,-1112
2026-09-19T16:40:53Z,CHAN,147,147164,1000,100,0,12,0,-1100,-1130,-1112
2026-09-19T16:40:54Z,CHAN,148,148164,1000,100,0,8,0,-1090,-1130,-1113
2026-09-19T16:40:55Z,CHAN,149,149164,1000,100,0,14,0,-1100,-1130,-1112
2026-09-19T16:40:56Z,CHAN,150,150164,1000,100,0,13,0,-1100,-1130,-1112
2026-09-19T16:40:57Z,CHAN,151,151164,1000,100,0,10,0,-1100,-1130,-1113
2026-09-19T16:40:58Z,CHAN,152,152164,1000,100,0,8,0,-1100,-1120,-1114
2026-09-19T16:40:59Z,CHAN,153,153164,1000,100,0,13,0,-1090,-1130,-1112
2026-09-19T16:41:00Z,CHAN,154,154164,1000,100,0,9,0,-1100,-1130,-1113
2026-09-19T16:41:01Z,CHAN,155,155164,1000,100,0,12,0,-1100,-1130,-1112
2026-09-19T16:41:02Z,CHAN,156,156164,1000,100,0,10,0,-1100,-1130,-1113
2026-09-19T16:41:03Z,CHAN,157,157164,1000,100,0,13,0,-1090,-1130,-1112
2026-09-19T16:41:04Z,CHAN,158,158164,1000,100,0,12,0,-1100,-1120,-1113
2026-09-19T16:41:05Z,CHAN,159,159164,1000,100,0,13,0,-1090,-1130,-1112
2026-09-19T16:41:06Z,CHAN,160,160164,1000,100,0,8,0,-1090,-1130,-1114
2026-09-19T16:41:07Z,CHAN,161,161164,1000,100,0,20,0,-1100,-1130,-1111
2026-09-19T16:41:08Z,CHAN,162,162164,1000,100,0,8,0,-1100,-1130,-1112
2026-09-19T16:41:09Z,CHAN,163,163164,1000,100,0,13,0,-1100,-1130,-1113
2026-09-19T16:41:10Z,CHAN,164,164164,1000,100,0,14,0,-1100,-1130,-1113
2026-09-19T16:41:11Z,CHAN,165,165164,1000,100,0,14,0,-990,-1130,-1109
2026-09-19T16:41:12Z,CHAN,166,166164,1000,100,0,7,0,-1100,-1130,-1114
2026-09-19T16:41:13Z,CHAN,167,167164,1000,100,0,8,0,-1090,-1130,-1112
2026-09-19T16:41:14Z,CHAN,168,168164,1000,100,0,8,0,-1100,-1120,-1112
2026-09-19T16:41:15Z,CHAN,169,169164,1000,100,0,13,0,-1100,-1120,-1113
2026-09-19T16:41:16Z,CHAN,170,170164,1000,100,0,7,0,-1100,-1130,-1113
2026-09-19T16:41:17Z,CHAN,171,171164,1000,100,0,11,0,-1100,-1130,-1112
2026-09-19T16:41:18Z,CHAN,172,172164,1000,100,0,9,0,-1100,-1120,-1112
2026-09-19T16:41:19Z,CHAN,173,173164,1000,100,0,12,0,-1100,-1130,-1113
2026-09-19T16:41:20Z,CHAN,174,174164,1000,100,0,10,0,-1100,-1130,-1113
2026-09-19T16:41:21Z,CHAN,175,175164,1000,100,0,18,0,-1060,-1120,-1109
2026-09-19T16:41:22Z,CHAN,176,176164,1000,100,0,11,0,-1100,-1130,-1111
2026-09-19T16:41:23Z,CHAN,177,177164,1000,100,0,13,0,-1100,-1130,-1112
2026-09-19T16:41:24Z,CHAN,178,178164,1000,100,0,13,0,-1100,-1130,-1112
2026-09-19T16:41:25Z,CHAN,179,179164,1000,100,0,7,0,-1100,-1120,-1113
2026-09-19T16:41:26Z,CHAN,180,180164,1000,100,0,7,0,-1100,-1120,-1113
2026-09-19T16:41:27Z,CHAN,181,181164,1000,100,0,11,0,-1100,-1130,-1112
2026-09-19T16:41:28Z,CHAN,182,182164,1000,100,0,12,0,-1100,-1120,-1112
2026-09-19T16:41:29Z,CHAN,183,183164,1000,100,0,12,0,-1100,-1120,-1112
2026-09-19T16:41:30Z,CHAN,184,184164,1000,100,0,5,0,-1100,-1130,-1114
2026-09-19T16:41:31Z,CHAN,185,185164,1000,100,0,6,0,-1100,-1130,-1113
2026-09-19T16:41:32Z,CHAN,186,186164,1000,100,0,6,0,-1100,-1130,-1113
2026-09-19T16:41:33Z,CHAN,187,187164,1000,100,0,5,0,-1100,-1130,-1113
2026-09-19T16:41:34Z,CHAN,188,188164,1000,100,0,4,0,-1100,-1130,-1114
2026-09-19T16:41:35Z,CHAN,189,189164,1000,100,0,7,0,-1100,-1130,-1113
2026-09-19T16:41:35Z,CHANSUM,130,189,60,60000,6000,0,616,0,60,0,-990,-1130,-1120,-1128
2026-09-19T16:41:36Z,CHAN,190,190164,1000,100,0,8,0,-1100,-1130,-1113
2026-09-19T16:41:37Z,CHAN,191,191164,1000,100,0,5,0,-1100,-1130,-1114
2026-09-19T16:41:38Z,CHAN,192,192164,1000,100,0,5,0,-1100,-1130,-1114
2026-09-19T16:41:39Z,CHAN,193,193164,1000,100,0,8,0,-1100,-1130,-1113
2026-09-19T16:41:40Z,CHAN,194,194164,1000,100,0,3,0,-1090,-1130,-1114
2026-09-19T16:41:41Z,CHAN,195,195164,1000,100,0,7,0,-1100,-1130,-1114
2026-09-19T16:41:42Z,CHAN,196,196164,1000,100,0,7,0,-1100,-1130,-1114
2026-09-19T16:41:43Z,CHAN,197,197164,1000,100,0,8,0,-1100,-1130,-1114
2026-09-19T16:41:44Z,CHAN,198,198164,1000,100,0,5,0,-1100,-1130,-1114
2026-09-19T16:41:45Z,CHAN,199,199164,1000,100,0,8,0,-1100,-1130,-1114
2026-09-19T16:41:46Z,CHAN,200,200164,1000,100,0,6,0,-1100,-1130,-1114
2026-09-19T16:41:47Z,CHAN,201,201164,1000,100,0,6,0,-1100,-1130,-1114
2026-09-19T16:41:48Z,CHAN,202,202164,1000,100,0,5,0,-1100,-1130,-1115
2026-09-19T16:41:49Z,CHAN,203,203164,1000,100,0,9,0,-1100,-1130,-1115
2026-09-19T16:41:50Z,CHAN,204,204164,1000,100,0,14,0,-1090,-1130,-1113
2026-09-19T16:41:51Z,CHAN,205,205164,1000,100,0,5,0,-1100,-1130,-1114
2026-09-19T16:41:52Z,CHAN,206,206164,1000,100,0,9,0,-1100,-1130,-1114
2026-09-19T16:41:53Z,CHAN,207,207164,1000,100,0,12,0,-1100,-1130,-1113
2026-09-19T16:41:54Z,CHAN,208,208164,1000,100,0,8,0,-1090,-1130,-1114
2026-09-19T16:41:55Z,CHAN,209,209164,1000,100,0,10,0,-1100,-1130,-1115
2026-09-19T16:41:56Z,CHAN,210,210164,1000,100,0,4,0,-1100,-1130,-1114
2026-09-19T16:41:57Z,CHAN,211,211164,1000,100,0,17,0,-1040,-1130,-1111
2026-09-19T16:41:58Z,CHAN,212,212164,1000,100,0,8,0,-1100,-1130,-1113
2026-09-19T16:41:59Z,CHAN,213,213164,1000,100,0,8,0,-1100,-1130,-1114
2026-09-19T16:42:00Z,CHAN,214,214164,1000,100,0,16,0,-910,-1130,-1096
2026-09-19T16:42:01Z,CHAN,215,215164,1000,100,0,11,0,-1100,-1130,-1114
2026-09-19T16:42:02Z,CHAN,216,216164,1000,100,0,9,0,-1100,-1130,-1114
2026-09-19T16:42:03Z,CHAN,217,217164,1000,100,0,10,0,-1090,-1130,-1113
2026-09-19T16:42:04Z,CHAN,218,218164,1000,100,0,9,0,-1090,-1130,-1114
2026-09-19T16:42:05Z,CHAN,219,219164,1000,100,0,11,0,-1090,-1130,-1113
2026-09-19T16:42:06Z,CHAN,220,220164,1000,100,0,9,0,-1100,-1130,-1113
2026-09-19T16:42:07Z,CHAN,221,221164,1000,100,0,19,0,-1100,-1130,-1112
2026-09-19T16:42:08Z,CHAN,222,222164,1000,100,0,10,0,-1090,-1130,-1112
2026-09-19T16:42:09Z,CHAN,223,223164,1000,100,0,30,0,-970,-1130,-1096
2026-09-19T16:42:10Z,CHAN,224,224164,1000,100,0,38,0,-970,-1130,-1083
2026-09-19T16:42:11Z,CHAN,225,225164,1000,100,0,21,0,-960,-1130,-1094
2026-09-19T16:42:12Z,CHAN,226,226164,1000,100,0,8,0,-1100,-1130,-1113
2026-09-19T16:42:13Z,CHAN,227,227164,1000,100,0,16,0,-1100,-1130,-1112
2026-09-19T16:42:14Z,CHAN,228,228164,1000,100,0,13,0,-1100,-1130,-1112
2026-09-19T16:42:15Z,CHAN,229,229164,1000,100,0,14,0,-1090,-1130,-1112
2026-09-19T16:42:16Z,CHAN,230,230164,1000,100,0,12,0,-1090,-1130,-1113
2026-09-19T16:42:17Z,CHAN,231,231164,1000,100,0,20,0,-970,-1130,-1106
2026-09-19T16:42:18Z,CHAN,232,232164,1000,100,0,8,0,-1100,-1130,-1113
2026-09-19T16:42:19Z,CHAN,233,233164,1000,100,0,13,0,-1030,-1130,-1111
2026-09-19T16:42:20Z,CHAN,234,234164,1000,100,0,12,0,-1090,-1130,-1112
2026-09-19T16:42:21Z,CHAN,235,235164,1000,100,0,10,0,-1090,-1130,-1112
2026-09-19T16:42:22Z,CHAN,236,236164,1000,100,0,13,0,-1090,-1130,-1113
2026-09-19T16:42:23Z,CHAN,237,237164,1000,100,0,11,0,-1090,-1130,-1113
2026-09-19T16:42:24Z,CHAN,238,238164,1000,100,0,13,0,-1090,-1130,-1112
2026-09-19T16:42:25Z,CHAN,239,239164,1000,100,0,13,0,-1090,-1120,-1112
2026-09-19T16:42:26Z,CHAN,240,240164,1000,100,0,11,0,-1100,-1130,-1112
2026-09-19T16:42:27Z,CHAN,241,241164,1000,100,0,14,0,-1100,-1130,-1113
2026-09-19T16:42:28Z,CHAN,242,242164,1000,100,0,5,0,-1090,-1130,-1113
2026-09-19T16:42:29Z,CHAN,243,243164,1000,100,0,10,0,-1090,-1130,-1113
2026-09-19T16:42:30Z,CHAN,244,244164,1000,100,0,11,0,-1100,-1130,-1112
2026-09-19T16:42:31Z,CHAN,245,245164,1000,100,0,13,0,-1090,-1130,-1112
2026-09-19T16:42:32Z,CHAN,246,246164,1000,100,0,13,0,-1100,-1130,-1112
2026-09-19T16:42:33Z,CHAN,247,247164,1000,100,0,11,0,-1090,-1130,-1113
2026-09-19T16:42:34Z,CHAN,248,248164,1000,100,0,17,0,-1090,-1130,-1112
2026-09-19T16:42:35Z,CHAN,249,249164,1000,100,0,14,0,-1090,-1130,-1112
2026-09-19T16:42:35Z,CHANSUM,190,249,60,60000,6000,0,673,0,60,0,-910,-1130,-1120,-1129
2026-09-19T16:42:36Z,CHAN,250,250164,1000,100,0,10,0,-1090,-1130,-1113
2026-09-19T16:42:37Z,CHAN,251,251164,1000,100,0,12,0,-1070,-1130,-1112
2026-09-19T16:42:38Z,CHAN,252,252164,1000,100,0,13,0,-1100,-1130,-1113
2026-09-19T16:42:39Z,CHAN,253,253164,1000,100,0,12,0,-1100,-1130,-1113
2026-09-19T16:42:40Z,CHAN,254,254164,1000,100,0,12,0,-1100,-1120,-1113
2026-09-19T16:42:41Z,CHAN,255,255164,1000,100,0,13,0,-1090,-1130,-1113
2026-09-19T16:42:42Z,CHAN,256,256164,1000,100,0,7,0,-1100,-1130,-1113
2026-09-19T16:42:43Z,CHAN,257,257164,1000,100,0,7,0,-1090,-1130,-1113
2026-09-19T16:42:44Z,CHAN,258,258164,1000,100,0,7,0,-1100,-1130,-1114
2026-09-19T16:42:45Z,CHAN,259,259164,1000,100,0,9,0,-1090,-1130,-1113
2026-09-19T16:42:46Z,CHAN,260,260164,1000,100,0,7,0,-1090,-1130,-1113
2026-09-19T16:42:47Z,CHAN,261,261164,1000,100,0,10,0,-980,-1130,-1110
2026-09-19T16:42:48Z,CHAN,262,262164,1000,100,0,14,0,-1090,-1130,-1113
2026-09-19T16:42:49Z,CHAN,263,263164,1000,100,0,24,0,-950,-1150,-1092
2026-09-19T16:42:50Z,CHAN,264,264164,1000,100,0,60,0,-950,-1130,-1049
2026-09-19T16:42:51Z,CHAN,265,265164,1000,100,0,8,0,-1100,-1130,-1114
2026-09-19T16:42:52Z,CHAN,266,266164,1000,100,0,6,0,-1100,-1130,-1114
2026-09-19T16:42:53Z,CHAN,267,267164,1000,100,0,9,0,-1090,-1120,-1113
2026-09-19T16:42:54Z,CHAN,268,268164,1000,100,0,10,0,-1090,-1130,-1113
2026-09-19T16:42:55Z,CHAN,269,269164,1000,100,0,9,0,-1100,-1130,-1114
2026-09-19T16:42:56Z,CHAN,270,270164,1000,100,0,6,0,-1100,-1120,-1114
2026-09-19T16:42:57Z,CHAN,271,271164,1000,100,0,5,0,-1100,-1120,-1114
2026-09-19T16:42:58Z,CHAN,272,272164,1000,100,0,8,0,-1090,-1130,-1113
2026-09-19T16:42:59Z,CHAN,273,273164,1000,100,0,7,0,-1090,-1130,-1113
2026-09-19T16:43:00Z,CHAN,274,274164,1000,100,0,12,0,-1090,-1130,-1113
2026-09-19T16:43:01Z,CHAN,275,275164,1000,100,0,9,0,-1090,-1130,-1114
2026-09-19T16:43:02Z,CHAN,276,276164,1000,100,0,11,0,-1100,-1130,-1113
2026-09-19T16:43:03Z,CHAN,277,277164,1000,100,0,11,0,-1090,-1130,-1113
2026-09-19T16:43:04Z,CHAN,278,278164,1000,100,0,6,0,-1100,-1130,-1114
2026-09-19T16:43:05Z,CHAN,279,279164,1000,100,0,9,0,-1090,-1130,-1113
2026-09-19T16:43:06Z,CHAN,280,280164,1000,100,0,12,0,-1100,-1130,-1113
2026-09-19T16:43:07Z,CHAN,281,281164,1000,100,0,10,0,-1100,-1130,-1114
2026-09-19T16:43:08Z,CHAN,282,282164,1000,100,0,12,0,-1100,-1130,-1113
2026-09-19T16:43:09Z,CHAN,283,283164,1000,100,0,10,0,-1100,-1130,-1113
2026-09-19T16:43:10Z,CHAN,284,284164,1000,100,0,9,0,-1100,-1130,-1113
2026-09-19T16:43:11Z,CHAN,285,285164,1000,100,0,6,0,-1100,-1130,-1114
2026-09-19T16:43:12Z,CHAN,286,286164,1000,100,0,9,0,-1100,-1130,-1113
2026-09-19T16:43:13Z,CHAN,287,287164,1000,100,0,6,0,-1100,-1130,-1114
2026-09-19T16:43:14Z,CHAN,288,288164,1000,100,0,9,0,-1100,-1120,-1113
2026-09-19T16:43:15Z,CHAN,289,289164,1000,100,0,5,0,-1100,-1130,-1113
2026-09-19T16:43:16Z,CHAN,290,290164,1000,100,0,5,0,-1100,-1130,-1115
2026-09-19T16:43:17Z,CHAN,291,291164,1000,100,0,12,0,-1100,-1130,-1113
2026-09-19T16:43:18Z,CHAN,292,292164,1000,100,0,5,0,-1100,-1130,-1113
2026-09-19T16:43:19Z,CHAN,293,293164,1000,100,0,8,0,-1100,-1130,-1113
2026-09-19T16:43:20Z,CHAN,294,294164,1000,100,0,5,0,-1100,-1130,-1114
2026-09-19T16:43:21Z,CHAN,295,295164,1000,100,0,4,0,-1100,-1130,-1114
2026-09-19T16:43:22Z,CHAN,296,296164,1000,100,0,6,0,-1100,-1130,-1114
2026-09-19T16:43:23Z,CHAN,297,297164,1000,100,0,10,0,-1100,-1130,-1113
2026-09-19T16:43:24Z,CHAN,298,298164,1000,100,0,5,0,-1100,-1130,-1113
2026-09-19T16:43:25Z,CHAN,299,299164,1000,100,0,4,0,-1100,-1130,-1113
2026-09-19T16:43:26Z,CHAN,300,300164,1000,100,0,3,0,-1100,-1130,-1114
2026-09-19T16:43:27Z,CHAN,301,301164,1000,100,0,9,0,-1100,-1130,-1113
2026-09-19T16:43:28Z,CHAN,302,302164,1000,100,0,7,0,-1090,-1130,-1113
2026-09-19T16:43:29Z,CHAN,303,303164,1000,100,0,10,0,-1080,-1130,-1113
2026-09-19T16:43:30Z,CHAN,304,304164,1000,100,0,17,0,-1100,-1130,-1112
2026-09-19T16:43:31Z,CHAN,305,305164,1000,100,0,8,0,-1100,-1130,-1113
2026-09-19T16:43:32Z,CHAN,306,306164,1000,100,0,10,0,-1100,-1120,-1112
2026-09-19T16:43:33Z,CHAN,307,307164,1000,100,0,7,0,-1090,-1130,-1114
2026-09-19T16:43:34Z,CHAN,308,308164,1000,100,0,9,0,-1100,-1130,-1113
2026-09-19T16:43:35Z,CHAN,309,309164,1000,100,0,11,0,-1100,-1130,-1113
2026-09-19T16:43:35Z,CHANSUM,250,309,60,60000,6000,0,586,0,60,0,-950,-1150,-1120,-1129
2026-09-19T16:43:36Z,CHAN,310,310164,1000,100,0,7,0,-1090,-1130,-1113
2026-09-19T16:43:37Z,CHAN,311,311164,1000,100,0,10,0,-1100,-1130,-1113
2026-09-19T16:43:38Z,CHAN,312,312164,1000,100,0,6,0,-1090,-1120,-1113
2026-09-19T16:43:39Z,CHAN,313,313164,1000,100,0,12,0,-1090,-1120,-1112
2026-09-19T16:43:40Z,CHAN,314,314164,1000,100,0,13,0,-1080,-1130,-1111
2026-09-19T16:43:41Z,CHAN,315,315164,1000,100,0,12,0,-1100,-1130,-1113
2026-09-19T16:43:42Z,CHAN,316,316164,1000,100,0,10,0,-1050,-1130,-1111
2026-09-19T16:43:43Z,CHAN,317,317164,1000,100,0,13,0,-1090,-1130,-1113
2026-09-19T16:43:44Z,CHAN,318,318164,1000,100,0,15,0,-1090,-1130,-1113
2026-09-19T16:43:45Z,CHAN,319,319164,1000,100,0,7,0,-1100,-1130,-1114
2026-09-19T16:43:46Z,CHAN,320,320164,1000,100,0,13,0,-1040,-1130,-1111
2026-09-19T16:43:47Z,CHAN,321,321164,1000,100,0,9,0,-1040,-1130,-1112
2026-09-19T16:43:48Z,CHAN,322,322164,1000,100,0,12,0,-1090,-1130,-1113
2026-09-19T16:43:49Z,CHAN,323,323164,1000,100,0,10,0,-1100,-1120,-1112
2026-09-19T16:43:50Z,CHAN,324,324164,1000,100,0,5,0,-1100,-1130,-1114
2026-09-19T16:43:51Z,CHAN,325,325164,1000,100,0,13,0,-1090,-1130,-1112
2026-09-19T16:43:52Z,CHAN,326,326164,1000,100,0,12,0,-1100,-1130,-1112
2026-09-19T16:43:53Z,CHAN,327,327164,1000,100,0,13,0,-1100,-1130,-1112
2026-09-19T16:43:54Z,CHAN,328,328164,1000,100,0,8,0,-1100,-1130,-1113
2026-09-19T16:43:55Z,CHAN,329,329164,1000,100,0,8,0,-1100,-1120,-1113
2026-09-19T16:43:56Z,CHAN,330,330164,1000,100,0,16,0,-1090,-1130,-1111
2026-09-19T16:43:57Z,CHAN,331,331164,1000,100,0,6,0,-1100,-1130,-1113
2026-09-19T16:43:58Z,CHAN,332,332164,1000,100,0,18,0,-1100,-1130,-1113
2026-09-19T16:43:59Z,CHAN,333,333164,1000,100,0,10,0,-1090,-1130,-1112
2026-09-19T16:44:00Z,CHAN,334,334164,1000,100,0,7,0,-1090,-1130,-1113
2026-09-19T16:44:01Z,CHAN,335,335164,1000,100,0,11,0,-1100,-1130,-1113
2026-09-19T16:44:02Z,CHAN,336,336164,1000,100,0,14,0,-1090,-1130,-1112
2026-09-19T16:44:03Z,CHAN,337,337164,1000,100,0,13,0,-1090,-1130,-1112
2026-09-19T16:44:04Z,CHAN,338,338164,1000,100,0,13,0,-1100,-1130,-1111
2026-09-19T16:44:05Z,CHAN,339,339164,1000,100,0,10,0,-1100,-1130,-1112
2026-09-19T16:44:06Z,CHAN,340,340164,1000,100,0,11,0,-1090,-1130,-1112
2026-09-19T16:44:07Z,CHAN,341,341164,1000,100,0,15,0,-1100,-1130,-1112
2026-09-19T16:44:08Z,CHAN,342,342164,1000,100,0,21,0,-1090,-1130,-1111
2026-09-19T16:44:09Z,CHAN,343,343164,1000,100,0,13,0,-1090,-1120,-1112
2026-09-19T16:44:10Z,CHAN,344,344164,1000,100,0,8,0,-1100,-1130,-1112
2026-09-19T16:44:11Z,CHAN,345,345164,1000,100,0,9,0,-1090,-1130,-1112
2026-09-19T16:44:12Z,CHAN,346,346164,1000,100,0,16,0,-1070,-1120,-1111
2026-09-19T16:44:13Z,CHAN,347,347164,1000,100,0,18,0,-1080,-1130,-1111
2026-09-19T16:44:14Z,CHAN,348,348164,1000,100,0,5,0,-1100,-1120,-1113
2026-09-19T16:44:15Z,CHAN,349,349164,1000,100,0,12,0,-1080,-1130,-1111
2026-09-19T16:44:16Z,CHAN,350,350164,1000,100,0,11,0,-1100,-1130,-1112
2026-09-19T16:44:17Z,CHAN,351,351164,1000,100,0,10,0,-1090,-1130,-1112
2026-09-19T16:44:18Z,CHAN,352,352164,1000,100,0,19,0,-1090,-1130,-1112
2026-09-19T16:44:19Z,CHAN,353,353164,1000,100,0,15,0,-1040,-1130,-1110
2026-09-19T16:44:20Z,CHAN,354,354164,1000,100,0,14,0,-1090,-1120,-1111
2026-09-19T16:44:21Z,CHAN,355,355164,1000,100,0,13,0,-1090,-1130,-1112
2026-09-19T16:44:22Z,CHAN,356,356164,1000,100,0,15,0,-1100,-1120,-1111
2026-09-19T16:44:23Z,CHAN,357,357164,1000,100,0,18,0,-1100,-1130,-1111
2026-09-19T16:44:24Z,CHAN,358,358164,1000,100,0,10,0,-1090,-1130,-1112
2026-09-19T16:44:25Z,CHAN,359,359164,1000,100,0,10,0,-1100,-1130,-1112
2026-09-19T16:44:26Z,CHAN,360,360164,1000,100,0,13,0,-1090,-1130,-1111
2026-09-19T16:44:27Z,CHAN,361,361164,1000,100,0,7,0,-1090,-1130,-1113
2026-09-19T16:44:28Z,CHAN,362,362164,1000,100,0,18,0,-1100,-1130,-1111
2026-09-19T16:44:29Z,CHAN,363,363164,1000,100,0,12,0,-1090,-1120,-1112
2026-09-19T16:44:30Z,CHAN,364,364164,1000,100,0,9,0,-1100,-1120,-1112
2026-09-19T16:44:31Z,CHAN,365,365164,1000,100,0,9,0,-1100,-1130,-1112
2026-09-19T16:44:32Z,CHAN,366,366164,1000,100,0,10,0,-1100,-1130,-1113
2026-09-19T16:44:33Z,CHAN,367,367164,1000,100,0,14,0,-1100,-1130,-1112
2026-09-19T16:44:34Z,CHAN,368,368164,1000,100,0,11,0,-1100,-1130,-1113
2026-09-19T16:44:35Z,CHAN,369,369164,1000,100,0,12,0,-1100,-1120,-1112
2026-09-19T16:44:35Z,CHANSUM,310,369,60,60000,6000,0,704,0,60,0,-1040,-1130,-1120,-1128
2026-09-19T16:44:36Z,CHAN,370,370164,1000,100,0,13,0,-1070,-1120,-1110
2026-09-19T16:44:37Z,CHAN,371,371164,1000,100,0,13,0,-1100,-1130,-1113
2026-09-19T16:44:38Z,CHAN,372,372164,1000,100,0,8,0,-1100,-1140,-1120
2026-09-19T16:44:40Z,CHAN,374,374164,1000,100,0,3,0,-1060,-1150,-1131
2026-09-19T16:44:42Z,CHAN,376,376164,1000,100,0,2,0,-1050,-1160,-1135
2026-09-19T16:44:54Z,CHAN,388,388164,1000,100,0,1,0,-1100,-1160,-1147
2026-09-19T16:45:05Z,CHAN,399,399164,1000,100,0,9,0,-920,-1160,-1128
2026-09-19T16:45:12Z,CHAN,406,406164,1000,100,0,3,0,-1070,-1160,-1146
2026-09-19T16:45:13Z,CHAN,407,407164,1000,100,0,4,0,-1100,-1160,-1146
2026-09-19T16:45:24Z,CHAN,418,418164,1000,100,0,3,0,-1000,-1160,-1144
2026-09-19T16:45:26Z,CHAN,420,420164,1000,100,0,3,0,-1100,-1160,-1146
2026-09-19T16:45:30Z,CHAN,424,424164,1000,100,0,1,0,-1100,-1160,-1147
2026-09-19T16:45:35Z,CHANSUM,370,429,60,60000,6000,0,63,0,12,0,-920,-1160,-1120,-1157
2026-09-19T16:45:45Z,CHAN,439,439164,1000,100,0,3,0,-1060,-1160,-1146
2026-09-19T16:45:56Z,CHAN,450,450164,1000,100,0,3,0,-1060,-1160,-1147
2026-09-19T16:46:00Z,CHAN,454,454164,1000,100,0,1,0,-1090,-1160,-1142
2026-09-19T16:46:06Z,CHAN,460,460164,1000,100,0,17,0,-730,-1150,-1104
2026-09-19T16:46:07Z,CHAN,461,461164,1000,100,0,32,0,-1100,-1120,-1108
2026-09-19T16:46:08Z,CHAN,462,462164,1000,100,0,35,0,-1090,-1130,-1108
2026-09-19T16:46:09Z,CHAN,463,463164,1000,100,0,54,0,-1090,-1120,-1105
2026-09-19T16:46:10Z,CHAN,464,464164,1000,100,0,59,0,-1090,-1120,-1104
2026-09-19T16:46:11Z,CHAN,465,465164,1000,100,0,58,0,-1090,-1120,-1104
2026-09-19T16:46:12Z,CHAN,466,466164,1000,100,0,38,0,-1090,-1120,-1107
2026-09-19T16:46:13Z,CHAN,467,467164,1000,100,0,17,0,-1090,-1120,-1109
2026-09-19T16:46:14Z,CHAN,468,468164,1000,100,0,22,0,-1100,-1120,-1110
2026-09-19T16:46:15Z,CHAN,469,469164,1000,100,0,19,0,-1100,-1120,-1109
2026-09-19T16:46:16Z,CHAN,470,470164,1000,100,0,19,0,-1100,-1120,-1110
2026-09-19T16:46:17Z,CHAN,471,471164,1000,100,0,20,0,-1090,-1130,-1109
2026-09-19T16:46:18Z,CHAN,472,472164,1000,100,0,20,0,-1100,-1130,-1109
2026-09-19T16:46:19Z,CHAN,473,473164,1000,100,0,18,0,-1090,-1130,-1111
2026-09-19T16:46:20Z,CHAN,474,474164,1000,100,0,15,0,-1100,-1120,-1110
2026-09-19T16:46:21Z,CHAN,475,475164,1000,100,0,15,0,-1100,-1120,-1110
2026-09-19T16:46:22Z,CHAN,476,476164,1000,100,0,17,0,-1100,-1120,-1110
2026-09-19T16:46:23Z,CHAN,477,477164,1000,100,0,10,0,-1090,-1120,-1111
2026-09-19T16:46:24Z,CHAN,478,478164,1000,100,0,16,0,-1100,-1130,-1111
2026-09-19T16:46:25Z,CHAN,479,479164,1000,100,0,13,0,-1090,-1130,-1111
2026-09-19T16:46:26Z,CHAN,480,480164,1000,100,0,15,0,-1100,-1130,-1111
2026-09-19T16:46:27Z,CHAN,481,481164,1000,100,0,17,0,-1090,-1120,-1110
2026-09-19T16:46:28Z,CHAN,482,482164,1000,100,0,12,0,-1100,-1130,-1111
2026-09-19T16:46:29Z,CHAN,483,483164,1000,100,0,17,0,-1090,-1130,-1112
2026-09-19T16:46:30Z,CHAN,484,484164,1000,100,0,20,0,-1100,-1130,-1110
2026-09-19T16:46:31Z,CHAN,485,485164,1000,100,0,14,0,-1090,-1130,-1111
2026-09-19T16:46:32Z,CHAN,486,486164,1000,100,0,15,0,-1090,-1120,-1110
2026-09-19T16:46:33Z,CHAN,487,487164,1000,100,0,18,0,-1090,-1130,-1111
2026-09-19T16:46:34Z,CHAN,488,488164,1000,100,0,18,0,-1090,-1130,-1112
2026-09-19T16:46:35Z,CHAN,489,489164,1000,100,0,21,0,-910,-1130,-1106
2026-09-19T16:46:35Z,CHANSUM,430,489,60,60000,6000,0,688,0,33,0,-730,-1160,-1120,-1142
2026-09-19T16:46:36Z,CHAN,490,490164,1000,100,0,17,0,-1100,-1130,-1111
2026-09-19T16:46:37Z,CHAN,491,491164,1000,100,0,22,0,-1090,-1130,-1111
2026-09-19T16:46:38Z,CHAN,492,492164,1000,100,0,19,0,-1090,-1130,-1112
2026-09-19T16:46:39Z,CHAN,493,493164,1000,100,0,20,0,-1090,-1140,-1111
2026-09-19T16:46:40Z,CHAN,494,494164,1000,100,0,18,0,-1090,-1130,-1112
2026-09-19T16:46:41Z,CHAN,495,495164,1000,100,0,20,0,-1090,-1130,-1111
2026-09-19T16:46:42Z,CHAN,496,496164,1000,100,0,12,0,-1100,-1130,-1112
2026-09-19T16:46:43Z,CHAN,497,497164,1000,100,0,19,0,-1100,-1130,-1112
2026-09-19T16:46:44Z,CHAN,498,498164,1000,100,0,19,0,-1090,-1130,-1112
2026-09-19T16:46:45Z,CHAN,499,499164,1000,100,0,20,0,-1090,-1140,-1112
2026-09-19T16:46:46Z,CHAN,500,500164,1000,100,0,16,0,-1100,-1120,-1111
2026-09-19T16:46:47Z,CHAN,501,501164,1000,100,0,12,0,-1090,-1130,-1112
2026-09-19T16:46:48Z,CHAN,502,502164,1000,100,0,14,0,-1090,-1130,-1112
2026-09-19T16:46:49Z,CHAN,503,503164,1000,100,0,18,0,-1090,-1130,-1111
2026-09-19T16:46:50Z,CHAN,504,504164,1000,100,0,22,0,-1090,-1130,-1111
2026-09-19T16:46:51Z,CHAN,505,505164,1000,100,0,21,0,-1090,-1130,-1111
2026-09-19T16:46:52Z,CHAN,506,506164,1000,100,0,17,0,-1100,-1130,-1112
2026-09-19T16:46:53Z,CHAN,507,507164,1000,100,0,23,0,-1090,-1130,-1110
2026-09-19T16:46:54Z,CHAN,508,508164,1000,100,0,22,0,-1100,-1130,-1112
2026-09-19T16:46:55Z,CHAN,509,509164,1000,100,0,24,0,-1090,-1130,-1110
2026-09-19T16:46:56Z,CHAN,510,510164,1000,100,0,22,0,-1090,-1130,-1111
2026-09-19T16:46:57Z,CHAN,511,511164,1000,100,0,17,0,-1090,-1130,-1110
2026-09-19T16:46:58Z,CHAN,512,512164,1000,100,0,19,0,-1090,-1130,-1111
2026-09-19T16:46:59Z,CHAN,513,513164,1000,100,0,21,0,-1090,-1130,-1111
2026-09-19T16:47:00Z,CHAN,514,514164,1000,100,0,22,0,-1090,-1130,-1110
2026-09-19T16:47:01Z,CHAN,515,515164,1000,100,0,21,0,-1100,-1130,-1110
2026-09-19T16:47:02Z,CHAN,516,516164,1000,100,0,23,0,-1090,-1130,-1111
2026-09-19T16:47:03Z,CHAN,517,517164,1000,100,0,22,0,-1090,-1130,-1111
2026-09-19T16:47:04Z,CHAN,518,518164,1000,100,0,27,0,-1090,-1120,-1110
2026-09-19T16:47:05Z,CHAN,519,519164,1000,100,0,23,0,-1090,-1130,-1110
2026-09-19T16:47:06Z,CHAN,520,520164,1000,100,0,22,0,-1090,-1130,-1110
2026-09-19T16:47:07Z,CHAN,521,521164,1000,100,0,17,0,-1100,-1120,-1111
2026-09-19T16:47:08Z,CHAN,522,522164,1000,100,0,29,0,-1090,-1130,-1110
2026-09-19T16:47:09Z,CHAN,523,523164,1000,100,0,32,0,-1070,-1120,-1108
2026-09-19T16:47:10Z,CHAN,524,524164,1000,100,0,27,0,-1090,-1130,-1110
2026-09-19T16:47:11Z,CHAN,525,525164,1000,100,0,25,0,-1090,-1120,-1110
2026-09-19T16:47:12Z,CHAN,526,526164,1000,100,0,27,0,-1090,-1120,-1109
2026-09-19T16:47:13Z,CHAN,527,527164,1000,100,0,29,0,-1090,-1130,-1109
2026-09-19T16:47:14Z,CHAN,528,528164,1000,100,0,25,0,-1090,-1120,-1109
2026-09-19T16:47:15Z,CHAN,529,529164,1000,100,0,35,0,-890,-1130,-1091
2026-09-19T16:47:16Z,CHAN,530,530164,1000,100,0,22,0,-1090,-1130,-1111
2026-09-19T16:47:17Z,CHAN,531,531164,1000,100,0,21,0,-1090,-1130,-1111
2026-09-19T16:47:18Z,CHAN,532,532164,1000,100,0,29,0,-1090,-1130,-1109
2026-09-19T16:47:19Z,CHAN,533,533164,1000,100,0,28,0,-1100,-1130,-1110
2026-09-19T16:47:20Z,CHAN,534,534164,1000,100,0,31,0,-1090,-1130,-1110
2026-09-19T16:47:21Z,CHAN,535,535164,1000,100,0,24,0,-1090,-1130,-1111
2026-09-19T16:47:22Z,CHAN,536,536164,1000,100,0,19,0,-1090,-1120,-1110
2026-09-19T16:47:23Z,CHAN,537,537164,1000,100,0,23,0,-1090,-1130,-1111
2026-09-19T16:47:24Z,CHAN,538,538164,1000,100,0,24,0,-1090,-1130,-1110
2026-09-19T16:47:25Z,CHAN,539,539164,1000,100,0,25,0,-1090,-1130,-1111
2026-09-19T16:47:26Z,CHAN,540,540164,1000,100,0,32,0,-1060,-1130,-1108
2026-09-19T16:47:27Z,CHAN,541,541164,1000,100,0,25,0,-1080,-1130,-1109
2026-09-19T16:47:28Z,CHAN,542,542164,1000,100,0,27,0,-1090,-1130,-1109
2026-09-19T16:47:29Z,CHAN,543,543164,1000,100,0,29,0,-1090,-1130,-1109
2026-09-19T16:47:30Z,CHAN,544,544164,1000,100,0,32,0,-1090,-1130,-1109
2026-09-19T16:47:31Z,CHAN,545,545164,1000,100,0,28,0,-1090,-1130,-1110
2026-09-19T16:47:32Z,CHAN,546,546164,1000,100,0,27,0,-1090,-1130,-1110
2026-09-19T16:47:33Z,CHAN,547,547164,1000,100,0,26,0,-1090,-1130,-1108
2026-09-19T16:47:34Z,CHAN,548,548164,1000,100,0,31,0,-1090,-1130,-1109
2026-09-19T16:47:35Z,CHAN,549,549164,1000,100,0,29,0,-1090,-1130,-1110
2026-09-19T16:47:35Z,CHANSUM,490,549,60,60000,6000,0,1392,0,60,0,-890,-1140,-1120,-1129
2026-09-19T16:47:36Z,CHAN,550,550164,1000,100,0,29,0,-1090,-1130,-1110
2026-09-19T16:47:37Z,CHAN,551,551164,1000,100,0,25,0,-1100,-1140,-1110
2026-09-19T16:47:38Z,CHAN,552,552164,1000,100,0,26,0,-1090,-1130,-1110
2026-09-19T16:47:39Z,CHAN,553,553164,1000,100,0,25,0,-1090,-1130,-1110
2026-09-19T16:47:40Z,CHAN,554,554164,1000,100,0,33,0,-1090,-1130,-1109
2026-09-19T16:47:41Z,CHAN,555,555164,1000,100,0,29,0,-1090,-1130,-1109
2026-09-19T16:47:42Z,CHAN,556,556164,1000,100,0,29,0,-1090,-1120,-1109
2026-09-19T16:47:43Z,CHAN,557,557164,1000,100,0,22,0,-1100,-1130,-1110
2026-09-19T16:47:44Z,CHAN,558,558164,1000,100,0,31,0,-1090,-1120,-1108
2026-09-19T16:47:45Z,CHAN,559,559164,1000,100,0,35,0,-1090,-1130,-1108
2026-09-19T16:47:46Z,CHAN,560,560164,1000,100,0,32,0,-1090,-1130,-1108
2026-09-19T16:47:47Z,CHAN,561,561164,1000,100,0,29,0,-1090,-1120,-1109
2026-09-19T16:47:48Z,CHAN,562,562164,1000,100,0,22,0,-1100,-1120,-1109
2026-09-19T16:47:49Z,CHAN,563,563164,1000,100,0,26,0,-910,-1130,-1107
2026-09-19T16:47:50Z,CHAN,564,564164,1000,100,0,29,0,-1090,-1130,-1109
2026-09-19T16:47:51Z,CHAN,565,565164,1000,100,0,32,0,-1100,-1130,-1108
2026-09-19T16:47:52Z,CHAN,566,566164,1000,100,0,29,0,-1090,-1130,-1109
2026-09-19T16:47:53Z,CHAN,567,567164,1000,100,0,24,0,-1090,-1130,-1109
2026-09-19T16:47:54Z,CHAN,568,568164,1000,100,0,28,0,-1090,-1120,-1108
2026-09-19T16:47:55Z,CHAN,569,569164,1000,100,0,29,0,-1090,-1130,-1108
2026-09-19T16:47:56Z,CHAN,570,570164,1000,100,0,25,0,-1090,-1130,-1109
2026-09-19T16:47:57Z,CHAN,571,571164,1000,100,0,31,0,-1090,-1130,-1108
2026-09-19T16:47:58Z,CHAN,572,572164,1000,100,0,24,0,-1090,-1120,-1109
2026-09-19T16:47:59Z,CHAN,573,573164,1000,100,0,33,0,-1090,-1130,-1108
2026-09-19T16:48:00Z,CHAN,574,574164,1000,100,0,32,0,-1090,-1120,-1108
2026-09-19T16:48:01Z,CHAN,575,575164,1000,100,0,30,0,-1090,-1130,-1109
2026-09-19T16:48:02Z,CHAN,576,576164,1000,100,0,32,0,-1060,-1130,-1107
2026-09-19T16:48:03Z,CHAN,577,577164,1000,100,0,28,0,-1090,-1120,-1109
2026-09-19T16:48:04Z,CHAN,578,578164,1000,100,0,26,0,-1100,-1120,-1108
2026-09-19T16:48:05Z,CHAN,579,579164,1000,100,0,32,0,-1090,-1120,-1108
2026-09-19T16:48:06Z,CHAN,580,580164,1000,100,0,37,0,-1100,-1120,-1107
2026-09-19T16:48:07Z,CHAN,581,581164,1000,100,0,31,0,-1100,-1120,-1108
2026-09-19T16:48:08Z,CHAN,582,582164,1000,100,0,31,0,-1090,-1130,-1108
2026-09-19T16:48:09Z,CHAN,583,583164,1000,100,0,35,0,-1090,-1130,-1107
2026-09-19T16:48:10Z,CHAN,584,584164,1000,100,0,34,0,-1100,-1120,-1107
2026-09-19T16:48:11Z,CHAN,585,585164,1000,100,0,28,0,-1100,-1130,-1109
2026-09-19T16:48:12Z,CHAN,586,586164,1000,100,0,24,0,-1090,-1120,-1109
2026-09-19T16:48:13Z,CHAN,587,587164,1000,100,0,33,0,-1070,-1130,-1107
2026-09-19T16:48:14Z,CHAN,588,588164,1000,100,0,31,0,-1090,-1120,-1108
2026-09-19T16:48:15Z,CHAN,589,589164,1000,100,0,34,0,-1090,-1130,-1107
2026-09-19T16:48:16Z,CHAN,590,590164,1000,100,0,33,0,-1090,-1120,-1108
2026-09-19T16:48:17Z,CHAN,591,591164,1000,100,0,42,0,-1090,-1120,-1106
2026-09-19T16:48:18Z,CHAN,592,592164,1000,100,0,31,0,-1090,-1130,-1108
2026-09-19T16:48:19Z,CHAN,593,593164,1000,100,0,28,0,-1090,-1130,-1108
2026-09-19T16:48:20Z,CHAN,594,594164,1000,100,0,27,0,-1100,-1130,-1109
2026-09-19T16:48:21Z,CHAN,595,595164,1000,100,0,32,0,-1090,-1130,-1108
2026-09-19T16:48:22Z,CHAN,596,596164,1000,100,0,36,0,-1090,-1130,-1108
2026-09-19T16:48:23Z,CHAN,597,597164,1000,100,0,26,0,-1090,-1120,-1108
2026-09-19T16:48:24Z,CHAN,598,598164,1000,100,0,34,0,-1090,-1130,-1107
2026-09-19T16:48:25Z,CHAN,599,599164,1000,100,0,24,0,-1100,-1120,-1108
2026-09-19T16:48:26Z,CHAN,600,600164,1000,100,0,32,0,-1090,-1130,-1108
2026-09-19T16:48:27Z,CHAN,601,601164,1000,100,0,31,0,-1090,-1130,-1109
2026-09-19T16:48:28Z,CHAN,602,602164,1000,100,0,35,0,-1090,-1120,-1107
2026-09-19T16:48:29Z,CHAN,603,603164,1000,100,0,32,0,-1090,-1120,-1108
2026-09-19T16:48:30Z,CHAN,604,604164,1000,100,0,30,0,-1090,-1130,-1108
2026-09-19T16:48:31Z,CHAN,605,605164,1000,100,0,32,0,-1090,-1120,-1108
2026-09-19T16:48:32Z,CHAN,606,606164,1000,100,0,25,0,-1090,-1130,-1109
2026-09-19T16:48:33Z,CHAN,607,607164,1000,100,0,23,0,-1090,-1130,-1109
2026-09-19T16:48:34Z,CHAN,608,608164,1000,100,0,26,0,-1090,-1130,-1109
2026-09-19T16:48:35Z,CHAN,609,609164,1000,100,0,25,0,-1090,-1120,-1108
2026-09-19T16:48:35Z,CHANSUM,550,609,60,60000,6000,0,1779,0,60,0,-910,-1140,-1120,-1126
2026-09-19T16:48:36Z,CHAN,610,610164,1000,100,0,37,0,-1090,-1130,-1108
2026-09-19T16:48:37Z,CHAN,611,611164,1000,100,0,30,0,-1090,-1130,-1108
2026-09-19T16:48:38Z,CHAN,612,612164,1000,100,0,28,0,-1070,-1120,-1107
2026-09-19T16:48:39Z,CHAN,613,613164,1000,100,0,32,0,-1090,-1130,-1107
2026-09-19T16:48:40Z,CHAN,614,614164,1000,100,0,36,0,-1090,-1130,-1107
2026-09-19T16:48:41Z,CHAN,615,615164,1000,100,0,35,0,-1090,-1120,-1106
2026-09-19T16:48:42Z,CHAN,616,616164,1000,100,0,31,0,-1090,-1140,-1108
2026-09-19T16:48:43Z,CHAN,617,617164,1000,100,0,34,0,-1090,-1120,-1107
2026-09-19T16:48:44Z,CHAN,618,618164,1000,100,0,29,0,-1090,-1130,-1108
2026-09-19T16:48:45Z,CHAN,619,619164,1000,100,0,33,0,-1090,-1120,-1107
2026-09-19T16:48:46Z,CHAN,620,620164,1000,100,0,32,0,-1090,-1130,-1108
2026-09-19T16:48:47Z,CHAN,621,621164,1000,100,0,33,0,-1090,-1120,-1108
2026-09-19T16:48:48Z,CHAN,622,622164,1000,100,0,39,0,-990,-1130,-1104
2026-09-19T16:48:49Z,CHAN,623,623164,1000,100,0,33,0,-1090,-1120,-1108
2026-09-19T16:48:50Z,CHAN,624,624164,1000,100,0,34,0,-1090,-1120,-1107
2026-09-19T16:48:51Z,CHAN,625,625164,1000,100,0,28,0,-1090,-1120,-1108
2026-09-19T16:48:52Z,CHAN,626,626164,1000,100,0,38,0,-1090,-1120,-1107
2026-09-19T16:48:53Z,CHAN,627,627164,1000,100,0,48,0,-1090,-1120,-1106
2026-09-19T16:48:54Z,CHAN,628,628164,1000,100,0,30,0,-1090,-1130,-1108
2026-09-19T16:48:55Z,CHAN,629,629164,1000,100,0,40,0,-1090,-1130,-1107
2026-09-19T16:48:56Z,CHAN,630,630164,1000,100,0,36,0,-1090,-1120,-1107
2026-09-19T16:48:57Z,CHAN,631,631164,1000,100,0,46,0,-1080,-1120,-1105
2026-09-19T16:48:58Z,CHAN,632,632164,1000,100,0,37,0,-1090,-1120,-1106
2026-09-19T16:48:59Z,CHAN,633,633164,1000,100,0,39,0,-1080,-1120,-1106
2026-09-19T16:49:00Z,CHAN,634,634164,1000,100,0,47,0,-1090,-1120,-1105
2026-09-19T16:49:01Z,CHAN,635,635164,1000,100,0,48,0,-1090,-1120,-1105
2026-09-19T16:49:02Z,CHAN,636,636164,1000,100,0,41,0,-1080,-1120,-1106
2026-09-19T16:49:03Z,CHAN,637,637164,1000,100,0,46,0,-1090,-1120,-1106
2026-09-19T16:49:04Z,CHAN,638,638164,1000,100,0,49,0,-1090,-1120,-1105
2026-09-19T16:49:05Z,CHAN,639,639164,1000,100,0,39,0,-1090,-1130,-1106
2026-09-19T16:49:06Z,CHAN,640,640164,1000,100,0,45,0,-1050,-1120,-1104
2026-09-19T16:49:07Z,CHAN,641,641164,1000,100,0,36,0,-1090,-1120,-1107
2026-09-19T16:49:08Z,CHAN,642,642164,1000,100,0,43,0,-1090,-1130,-1106
2026-09-19T16:49:09Z,CHAN,643,643164,1000,100,0,41,0,-1090,-1120,-1106
2026-09-19T16:49:10Z,CHAN,644,644164,1000,100,0,44,0,-1090,-1130,-1106
2026-09-19T16:49:11Z,CHAN,645,645164,1000,100,0,42,0,-1090,-1120,-1106
2026-09-19T16:49:12Z,CHAN,646,646164,1000,100,0,45,0,-1090,-1130,-1106
2026-09-19T16:49:13Z,CHAN,647,647164,1000,100,0,42,0,-1090,-1120,-1106
2026-09-19T16:49:14Z,CHAN,648,648164,1000,100,0,43,0,-1090,-1120,-1106
2026-09-19T16:49:15Z,CHAN,649,649164,1000,100,0,37,0,-1090,-1120,-1106
2026-09-19T16:49:16Z,CHAN,650,650164,1000,100,0,41,0,-1040,-1120,-1104
2026-09-19T16:49:17Z,CHAN,651,651164,1000,100,0,49,0,-1090,-1120,-1105
2026-09-19T16:49:18Z,CHAN,652,652164,1000,100,0,45,0,-1090,-1130,-1106
2026-09-19T16:49:19Z,CHAN,653,653164,1000,100,0,41,0,-1090,-1120,-1106
2026-09-19T16:49:20Z,CHAN,654,654164,1000,100,0,37,0,-1090,-1130,-1107
2026-09-19T16:49:21Z,CHAN,655,655164,1000,100,0,42,0,-1090,-1120,-1106
2026-09-19T16:49:22Z,CHAN,656,656164,1000,100,0,37,0,-1090,-1130,-1108
2026-09-19T16:49:23Z,CHAN,657,657164,1000,100,0,47,0,-1090,-1130,-1106
2026-09-19T16:49:24Z,CHAN,658,658164,1000,100,0,40,0,-1090,-1120,-1106
2026-09-19T16:49:25Z,CHAN,659,659164,1000,100,0,37,0,-1090,-1120,-1106
2026-09-19T16:49:26Z,CHAN,660,660164,1000,100,0,42,0,-1090,-1130,-1106
2026-09-19T16:49:27Z,CHAN,661,661164,1000,100,0,42,0,-1090,-1120,-1106
2026-09-19T16:49:28Z,CHAN,662,662164,1000,100,0,45,0,-1090,-1130,-1106
2026-09-19T16:49:29Z,CHAN,663,663164,1000,100,0,37,0,-1090,-1130,-1107
2026-09-19T16:49:30Z,CHAN,664,664164,1000,100,0,36,0,-1090,-1130,-1107
2026-09-19T16:49:31Z,CHAN,665,665164,1000,100,0,37,0,-1090,-1120,-1107
2026-09-19T16:49:32Z,CHAN,666,666164,1000,100,0,37,0,-1090,-1120,-1107
2026-09-19T16:49:33Z,CHAN,667,667164,1000,100,0,40,0,-1090,-1120,-1106
2026-09-19T16:49:34Z,CHAN,668,668164,1000,100,0,47,0,-1090,-1130,-1106
2026-09-19T16:49:35Z,CHAN,669,669164,1000,100,0,36,0,-1090,-1120,-1107
2026-09-19T16:49:35Z,CHANSUM,610,669,60,60000,6000,0,2341,0,60,0,-990,-1140,-1120,-1124
2026-09-19T16:49:36Z,CHAN,670,670164,1000,100,0,40,0,-1090,-1130,-1106
2026-09-19T16:49:37Z,CHAN,671,671164,1000,100,0,40,0,-1090,-1130,-1107
2026-09-19T16:49:38Z,CHAN,672,672164,1000,100,0,32,0,-1090,-1130,-1107
2026-09-19T16:49:39Z,CHAN,673,673164,1000,100,0,32,0,-1090,-1120,-1107
2026-09-19T16:49:40Z,CHAN,674,674164,1000,100,0,36,0,-1090,-1130,-1107
2026-09-19T16:49:41Z,CHAN,675,675164,1000,100,0,28,0,-1090,-1130,-1108
2026-09-19T16:49:42Z,CHAN,676,676164,1000,100,0,38,0,-1090,-1120,-1107
2026-09-19T16:49:43Z,CHAN,677,677164,1000,100,0,37,0,-1090,-1120,-1107
2026-09-19T16:49:44Z,CHAN,678,678164,1000,100,0,31,0,-1090,-1130,-1108
2026-09-19T16:49:45Z,CHAN,679,679164,1000,100,0,30,0,-1090,-1120,-1107
2026-09-19T16:49:46Z,CHAN,680,680164,1000,100,0,32,0,-1090,-1120,-1107
2026-09-19T16:49:47Z,CHAN,681,681164,1000,100,0,38,0,-1090,-1130,-1107
2026-09-19T16:49:48Z,CHAN,682,682164,1000,100,0,33,0,-1090,-1130,-1108
2026-09-19T16:49:49Z,CHAN,683,683164,1000,100,0,30,0,-1090,-1120,-1107
2026-09-19T16:49:50Z,CHAN,684,684164,1000,100,0,33,0,-1090,-1120,-1108
2026-09-19T16:49:51Z,CHAN,685,685164,1000,100,0,43,0,-1090,-1130,-1106
2026-09-19T16:49:52Z,CHAN,686,686164,1000,100,0,38,0,-850,-1130,-1099
2026-09-19T16:49:53Z,CHAN,687,687164,1000,100,0,33,0,-1090,-1130,-1107
2026-09-19T16:49:54Z,CHAN,688,688164,1000,100,0,39,0,-1090,-1120,-1106
2026-09-19T16:49:55Z,CHAN,689,689164,1000,100,0,32,0,-1090,-1130,-1108
2026-09-19T16:49:56Z,CHAN,690,690164,1000,100,0,32,0,-1090,-1120,-1108
2026-09-19T16:49:57Z,CHAN,691,691164,1000,100,0,33,0,-1090,-1130,-1109
2026-09-19T16:49:58Z,CHAN,692,692164,1000,100,0,40,0,-1090,-1120,-1108
2026-09-19T16:49:59Z,CHAN,693,693164,1000,100,0,30,0,-1090,-1130,-1108
2026-09-19T16:50:00Z,CHAN,694,694164,1000,100,0,34,0,-1090,-1120,-1107
2026-09-19T16:50:01Z,CHAN,695,695164,1000,100,0,32,0,-1090,-1120,-1108
2026-09-19T16:50:02Z,CHAN,696,696164,1000,100,0,27,0,-1090,-1130,-1108
2026-09-19T16:50:03Z,CHAN,697,697164,1000,100,0,34,0,-1090,-1120,-1108
2026-09-19T16:50:04Z,CHAN,698,698164,1000,100,0,36,0,-1090,-1130,-1107
2026-09-19T16:50:05Z,CHAN,699,699164,1000,100,0,35,0,-1090,-1120,-1106
2026-09-19T16:50:06Z,CHAN,700,700164,1000,100,0,37,0,-1050,-1130,-1106
2026-09-19T16:50:07Z,CHAN,701,701164,1000,100,0,30,0,-1090,-1120,-1108
2026-09-19T16:50:08Z,CHAN,702,702164,1000,100,0,36,0,-1090,-1130,-1107
2026-09-19T16:50:09Z,CHAN,703,703164,1000,100,0,32,0,-1090,-1120,-1107
2026-09-19T16:50:10Z,CHAN,704,704164,1000,100,0,36,0,-1090,-1120,-1106
2026-09-19T16:50:11Z,CHAN,705,705164,1000,100,0,27,0,-1090,-1120,-1108
2026-09-19T16:50:12Z,CHAN,706,706164,1000,100,0,32,0,-1090,-1120,-1108
2026-09-19T16:50:13Z,CHAN,707,707164,1000,100,0,36,0,-1090,-1130,-1108
2026-09-19T16:50:14Z,CHAN,708,708164,1000,100,0,44,0,-1090,-1130,-1106
2026-09-19T16:50:15Z,CHAN,709,709164,1000,100,0,32,0,-1090,-1120,-1107
2026-09-19T16:50:16Z,CHAN,710,710164,1000,100,0,25,0,-1090,-1120,-1108
2026-09-19T16:50:17Z,CHAN,711,711164,1000,100,0,36,0,-1090,-1120,-1107
2026-09-19T16:50:18Z,CHAN,712,712164,1000,100,0,38,0,-1090,-1120,-1107
2026-09-19T16:50:19Z,CHAN,713,713164,1000,100,0,38,0,-1090,-1120,-1106
2026-09-19T16:50:20Z,CHAN,714,714164,1000,100,0,39,0,-1090,-1120,-1106
2026-09-19T16:50:21Z,CHAN,715,715164,1000,100,0,38,0,-1090,-1120,-1106
2026-09-19T16:50:22Z,CHAN,716,716164,1000,100,0,36,0,-1090,-1120,-1106
2026-09-19T16:50:23Z,CHAN,717,717164,1000,100,0,40,0,-1090,-1120,-1107
2026-09-19T16:50:24Z,CHAN,718,718164,1000,100,0,40,0,-1090,-1130,-1106
2026-09-19T16:50:25Z,CHAN,719,719164,1000,100,0,36,0,-1000,-1120,-1104
2026-09-19T16:50:26Z,CHAN,720,720164,1000,100,0,35,0,-1090,-1130,-1107
2026-09-19T16:50:27Z,CHAN,721,721164,1000,100,0,39,0,-1070,-1120,-1106
2026-09-19T16:50:28Z,CHAN,722,722164,1000,100,0,39,0,-1090,-1120,-1106
2026-09-19T16:50:29Z,CHAN,723,723164,1000,100,0,37,0,-1090,-1120,-1107
2026-09-19T16:50:30Z,CHAN,724,724164,1000,100,0,28,0,-1090,-1120,-1107
2026-09-19T16:50:31Z,CHAN,725,725164,1000,100,0,32,0,-1090,-1120,-1107
2026-09-19T16:50:32Z,CHAN,726,726164,1000,100,0,32,0,-1090,-1120,-1107
2026-09-19T16:50:33Z,CHAN,727,727164,1000,100,0,36,0,-1090,-1120,-1108
2026-09-19T16:50:34Z,CHAN,728,728164,1000,100,0,42,0,-1100,-1130,-1107
2026-09-19T16:50:35Z,CHAN,729,729164,1000,100,0,37,0,-1090,-1120,-1106
2026-09-19T16:50:35Z,CHANSUM,670,729,60,60000,6000,0,2093,0,60,0,-850,-1130,-1120,-1123
2026-09-19T16:50:36Z,CHAN,730,730164,1000,100,0,41,0,-1090,-1120,-1106
2026-09-19T16:50:37Z,CHAN,731,731164,1000,100,0,44,0,-1090,-1120,-1106
2026-09-19T16:50:38Z,CHAN,732,732164,1000,100,0,38,0,-1070,-1120,-1106
2026-09-19T16:50:39Z,CHAN,733,733164,1000,100,0,43,0,-1090,-1130,-1106
2026-09-19T16:50:40Z,CHAN,734,734164,1000,100,0,40,0,-1090,-1120,-1106
2026-09-19T16:50:41Z,CHAN,735,735164,1000,100,0,32,0,-1090,-1120,-1107
2026-09-19T16:50:42Z,CHAN,736,736164,1000,100,0,39,0,-1090,-1120,-1106
2026-09-19T16:50:43Z,CHAN,737,737164,1000,100,0,37,0,-1090,-1120,-1106
2026-09-19T16:50:44Z,CHAN,738,738164,1000,100,0,41,0,-1090,-1120,-1107
2026-09-19T16:50:45Z,CHAN,739,739164,1000,100,0,46,0,-1070,-1120,-1105
2026-09-19T16:50:46Z,CHAN,740,740164,1000,100,0,46,0,-1090,-1120,-1105
2026-09-19T16:50:47Z,CHAN,741,741164,1000,100,0,48,0,-1090,-1120,-1105
2026-09-19T16:50:48Z,CHAN,742,742164,1000,100,0,41,0,-1090,-1120,-1107
2026-09-19T16:50:49Z,CHAN,743,743164,1000,100,0,38,0,-1090,-1120,-1106
2026-09-19T16:50:50Z,CHAN,744,744164,1000,100,0,45,0,-1090,-1120,-1105
2026-09-19T16:50:51Z,CHAN,745,745164,1000,100,0,44,0,-1090,-1120,-1105
2026-09-19T16:50:52Z,CHAN,746,746164,1000,100,0,43,0,-1090,-1120,-1106
2026-09-19T16:50:53Z,CHAN,747,747164,1000,100,0,43,0,-1090,-1120,-1106
2026-09-19T16:50:54Z,CHAN,748,748164,1000,100,0,46,0,-1090,-1130,-1105
2026-09-19T16:50:55Z,CHAN,749,749164,1000,100,0,51,0,-1090,-1120,-1105
2026-09-19T16:50:56Z,CHAN,750,750164,1000,100,0,45,0,-1090,-1120,-1105
2026-09-19T16:50:57Z,CHAN,751,751164,1000,100,0,44,0,-1090,-1120,-1106
2026-09-19T16:50:58Z,CHAN,752,752164,1000,100,0,47,0,-1090,-1120,-1105
2026-09-19T16:50:59Z,CHAN,753,753164,1000,100,0,49,0,-1090,-1120,-1106
2026-09-19T16:51:00Z,CHAN,754,754164,1000,100,0,38,0,-1090,-1120,-1106
2026-09-19T16:51:01Z,CHAN,755,755164,1000,100,0,48,0,-1020,-1120,-1103
2026-09-19T16:51:02Z,CHAN,756,756164,1000,100,0,45,0,-1090,-1120,-1105
2026-09-19T16:51:03Z,CHAN,757,757164,1000,100,0,52,0,-1090,-1120,-1105
2026-09-19T16:51:04Z,CHAN,758,758164,1000,100,0,42,0,-1090,-1120,-1105
2026-09-19T16:51:05Z,CHAN,759,759164,1000,100,0,46,0,-1090,-1120,-1105
2026-09-19T16:51:06Z,CHAN,760,760164,1000,100,0,48,0,-1090,-1120,-1105
2026-09-19T16:51:07Z,CHAN,761,761164,1000,100,0,40,0,-1090,-1120,-1106
2026-09-19T16:51:08Z,CHAN,762,762164,1000,100,0,31,0,-1100,-1120,-1109
2026-09-19T16:51:09Z,CHAN,763,763164,1000,100,0,29,0,-1100,-1120,-1108
2026-09-19T16:51:10Z,CHAN,764,764164,1000,100,0,27,0,-1070,-1120,-1108
2026-09-19T16:51:11Z,CHAN,765,765164,1000,100,0,32,0,-1100,-1120,-1107
2026-09-19T16:51:12Z,CHAN,766,766164,1000,100,0,18,0,-1100,-1130,-1109
2026-09-19T16:51:13Z,CHAN,767,767164,1000,100,0,22,0,-1100,-1120,-1109
2026-09-19T16:51:14Z,CHAN,768,768164,1000,100,0,30,0,-1080,-1120,-1107
2026-09-19T16:51:15Z,CHAN,769,769164,1000,100,0,17,0,-1100,-1120,-1109
2026-09-19T16:51:16Z,CHAN,770,770164,1000,100,0,22,0,-1090,-1120,-1108
2026-09-19T16:51:17Z,CHAN,771,771164,1000,100,0,20,0,-1100,-1120,-1109
2026-09-19T16:51:18Z,CHAN,772,772164,1000,100,0,31,0,-1090,-1120,-1108
2026-09-19T16:51:19Z,CHAN,773,773164,1000,100,0,28,0,-1090,-1120,-1108
2026-09-19T16:51:20Z,CHAN,774,774164,1000,100,0,21,0,-1090,-1120,-1108
2026-09-19T16:51:21Z,CHAN,775,775164,1000,100,0,39,0,-970,-1120,-1106
2026-09-19T16:51:22Z,CHAN,776,776164,1000,100,0,30,0,-1100,-1120,-1107
2026-09-19T16:51:23Z,CHAN,777,777164,1000,100,0,30,0,-1090,-1120,-1107
2026-09-19T16:51:24Z,CHAN,778,778164,1000,100,0,45,0,-1060,-1120,-1105
2026-09-19T16:51:25Z,CHAN,779,779164,1000,100,0,29,0,-1090,-1120,-1107
2026-09-19T16:51:26Z,CHAN,780,780164,1000,100,0,35,0,-1100,-1120,-1107
2026-09-19T16:51:27Z,CHAN,781,781164,1000,100,0,30,0,-1090,-1120,-1107
2026-09-19T16:51:28Z,CHAN,782,782164,1000,100,0,31,0,-1090,-1120,-1107
2026-09-19T16:51:29Z,CHAN,783,783164,1000,100,0,29,0,-1100,-1120,-1108
2026-09-19T16:51:30Z,CHAN,784,784164,1000,100,0,36,0,-1090,-1120,-1107
2026-09-19T16:51:31Z,CHAN,785,785164,1000,100,0,43,0,-1090,-1120,-1106
2026-09-19T16:51:32Z,CHAN,786,786164,1000,100,0,31,0,-1090,-1120,-1107
2026-09-19T16:51:33Z,CHAN,787,787164,1000,100,0,29,0,-1090,-1120,-1108
2026-09-19T16:51:34Z,CHAN,788,788164,1000,100,0,44,0,-1090,-1120,-1106
2026-09-19T16:51:35Z,CHAN,789,789164,1000,100,0,33,0,-1090,-1120,-1107
2026-09-19T16:51:35Z,CHANSUM,730,789,60,60000,6000,0,2232,0,60,0,-970,-1130,-1120,-1120
2026-09-19T16:51:36Z,CHAN,790,790164,1000,100,0,42,0,-1090,-1120,-1107
2026-09-19T16:51:37Z,CHAN,791,791164,1000,100,0,39,0,-1090,-1120,-1106
2026-09-19T16:51:38Z,CHAN,792,792164,1000,100,0,27,0,-1090,-1120,-1108
2026-09-19T16:51:39Z,CHAN,793,793164,1000,100,0,39,0,-1060,-1120,-1105
2026-09-19T16:51:40Z,CHAN,794,794164,1000,100,0,42,0,-1090,-1130,-1107
2026-09-19T16:51:41Z,CHAN,795,795164,1000,100,0,40,0,-1090,-1130,-1107
2026-09-19T16:51:42Z,CHAN,796,796164,1000,100,0,33,0,-1090,-1120,-1107
2026-09-19T16:51:43Z,CHAN,797,797164,1000,100,0,34,0,-1090,-1120,-1108
2026-09-19T16:51:44Z,CHAN,798,798164,1000,100,0,38,0,-1090,-1120,-1107
2026-09-19T16:51:45Z,CHAN,799,799164,1000,100,0,30,0,-1090,-1120,-1108
2026-09-19T16:51:46Z,CHAN,800,800164,1000,100,0,46,0,-1030,-1120,-1103
2026-09-19T16:51:47Z,CHAN,801,801164,1000,100,0,37,0,-1090,-1120,-1107
2026-09-19T16:51:48Z,CHAN,802,802164,1000,100,0,35,0,-1090,-1120,-1107
2026-09-19T16:51:49Z,CHAN,803,803164,1000,100,0,34,0,-1090,-1120,-1108
2026-09-19T16:51:50Z,CHAN,804,804164,1000,100,0,29,0,-1090,-1120,-1108
2026-09-19T16:51:51Z,CHAN,805,805164,1000,100,0,34,0,-1090,-1130,-1108
2026-09-19T16:51:52Z,CHAN,806,806164,1000,100,0,26,0,-1090,-1130,-1109
2026-09-19T16:51:53Z,CHAN,807,807164,1000,100,0,25,0,-1100,-1130,-1109
2026-09-19T16:51:54Z,CHAN,808,808164,1000,100,0,40,0,-1090,-1120,-1107
2026-09-19T16:51:55Z,CHAN,809,809164,1000,100,0,31,0,-1090,-1130,-1108
2026-09-19T16:51:56Z,CHAN,810,810164,1000,100,0,34,0,-1090,-1130,-1108
2026-09-19T16:51:57Z,CHAN,811,811164,1000,100,0,30,0,-1090,-1130,-1108
2026-09-19T16:51:58Z,CHAN,812,812164,1000,100,0,29,0,-1090,-1130,-1109
2026-09-19T16:51:59Z,CHAN,813,813164,1000,100,0,37,0,-1090,-1120,-1107
2026-09-19T16:52:00Z,CHAN,814,814164,1000,100,0,37,0,-1090,-1130,-1108
2026-09-19T16:52:01Z,CHAN,815,815164,1000,100,0,36,0,-1090,-1130,-1108
2026-09-19T16:52:02Z,CHAN,816,816164,1000,100,0,28,0,-1090,-1130,-1108
2026-09-19T16:52:03Z,CHAN,817,817164,1000,100,0,30,0,-1090,-1120,-1108
2026-09-19T16:52:04Z,CHAN,818,818164,1000,100,0,30,0,-1090,-1120,-1108
2026-09-19T16:52:05Z,CHAN,819,819164,1000,100,0,33,0,-1090,-1120,-1108
2026-09-19T16:52:06Z,CHAN,820,820164,1000,100,0,32,0,-1090,-1120,-1107
2026-09-19T16:52:07Z,CHAN,821,821164,1000,100,0,24,0,-1090,-1120,-1109
2026-09-19T16:52:08Z,CHAN,822,822164,1000,100,0,33,0,-1090,-1120,-1108
2026-09-19T16:52:09Z,CHAN,823,823164,1000,100,0,27,0,-1090,-1120,-1108
2026-09-19T16:52:10Z,CHAN,824,824164,1000,100,0,26,0,-1090,-1130,-1109
2026-09-19T16:52:11Z,CHAN,825,825164,1000,100,0,32,0,-1090,-1120,-1108
2026-09-19T16:52:12Z,CHAN,826,826164,1000,100,0,30,0,-1090,-1120,-1109
2026-09-19T16:52:13Z,CHAN,827,827164,1000,100,0,28,0,-1090,-1120,-1108
2026-09-19T16:52:14Z,CHAN,828,828164,1000,100,0,32,0,-1090,-1120,-1108
2026-09-19T16:52:15Z,CHAN,829,829164,1000,100,0,28,0,-1090,-1120,-1108
2026-09-19T16:52:16Z,CHAN,830,830164,1000,100,0,27,0,-1090,-1120,-1108
2026-09-19T16:52:17Z,CHAN,831,831164,1000,100,0,31,0,-1090,-1120,-1108
2026-09-19T16:52:18Z,CHAN,832,832164,1000,100,0,26,0,-1090,-1120,-1108
2026-09-19T16:52:19Z,CHAN,833,833164,1000,100,0,28,0,-1090,-1120,-1107
2026-09-19T16:52:20Z,CHAN,834,834164,1000,100,0,31,0,-1040,-1120,-1106
2026-09-19T16:52:21Z,CHAN,835,835164,1000,100,0,30,0,-1090,-1120,-1109
2026-09-19T16:52:22Z,CHAN,836,836164,1000,100,0,39,0,-1090,-1120,-1107
2026-09-19T16:52:23Z,CHAN,837,837164,1000,100,0,28,0,-1090,-1130,-1108
2026-09-19T16:52:24Z,CHAN,838,838164,1000,100,0,25,0,-1070,-1120,-1108
2026-09-19T16:52:25Z,CHAN,839,839164,1000,100,0,19,0,-1090,-1120,-1110
2026-09-19T16:52:26Z,CHAN,840,840164,1000,100,0,26,0,-1090,-1120,-1109
2026-09-19T16:52:27Z,CHAN,841,841164,1000,100,0,23,0,-1090,-1130,-1110
2026-09-19T16:52:28Z,CHAN,842,842164,1000,100,0,27,0,-1100,-1130,-1109
2026-09-19T16:52:29Z,CHAN,843,843164,1000,100,0,16,0,-1100,-1120,-1110
2026-09-19T16:52:30Z,CHAN,844,844164,1000,100,0,18,0,-1090,-1130,-1110
2026-09-19T16:52:31Z,CHAN,845,845164,1000,100,0,22,0,-1090,-1120,-1110
2026-09-19T16:52:32Z,CHAN,846,846164,1000,100,0,21,0,-1090,-1120,-1110
2026-09-19T16:52:33Z,CHAN,847,847164,1000,100,0,18,0,-1100,-1130,-1111
2026-09-19T16:52:34Z,CHAN,848,848164,1000,100,0,14,0,-1090,-1130,-1112
2026-09-19T16:52:35Z,CHAN,849,849164,1000,100,0,6,0,-1100,-1140,-1121
2026-09-19T16:52:35Z,CHANSUM,790,849,60,60000,6000,0,1792,0,60,0,-1030,-1140,-1120,-1123
2026-09-19T16:52:37Z,CHAN,851,851164,1000,100,0,3,0,-1060,-1160,-1137
2026-09-19T16:52:49Z,CHAN,863,863164,1000,100,0,3,0,-1000,-1160,-1143
2026-09-19T16:52:51Z,CHAN,865,865164,1000,100,0,1,0,-1100,-1160,-1145
2026-09-19T16:53:35Z,CHANSUM,850,909,60,60000,6000,0,7,0,3,0,-1000,-1160,-1150,-1158
2026-09-19T16:54:12Z,CHAN,946,946164,1000,100,0,3,0,-1100,-1160,-1147
2026-09-19T16:54:14Z,CHAN,948,948164,1000,100,0,6,0,-700,-1160,-1125
2026-09-19T16:54:15Z,CHAN,949,949164,1000,100,0,3,0,-1050,-1160,-1145
2026-09-19T16:54:35Z,CHAN,969,969164,1000,100,0,3,0,-1080,-1160,-1146
2026-09-19T16:54:35Z,CHANSUM,910,969,60,60000,6000,0,15,0,4,0,-700,-1160,-1160,-1160
2026-09-19T16:54:36Z,CHAN,970,970164,1000,100,0,3,0,-930,-1160,-1142
2026-09-19T16:54:57Z,CHAN,991,991164,1000,100,0,3,0,-1080,-1160,-1146
2026-09-19T16:55:12Z,CHAN,1006,1006164,1000,100,0,3,0,-1090,-1160,-1146
2026-09-19T16:55:20Z,CHAN,1014,1014164,1000,100,0,8,0,-970,-1160,-1138
2026-09-19T16:55:35Z,CHANSUM,970,1029,60,60000,6000,0,17,0,4,0,-930,-1160,-1160,-1160
2026-09-19T16:55:47Z,CHAN,1041,1041164,1000,100,0,3,0,-1070,-1160,-1145
2026-09-19T16:55:49Z,CHAN,1043,1043164,1000,100,0,3,0,-990,-1160,-1144
