# M25 capture opened 2026-09-19T16:38:25Z port=/dev/cu.usbserial-0001 baud=115200
2026-09-19T16:38:25Z,#PORT-OPEN
2026-09-19T16:38:25Z,#RESET
2026-09-19T16:38:25Z,ESP-ROM:esp32s3-20210327
2026-09-19T16:38:25Z,Build:Mar 27 2021
2026-09-19T16:38:25Z,rst:0x1 (POWERON),boot:0x9 (SPI_FAST_FLASH_BOOT)
2026-09-19T16:38:25Z,SPIWP:0xee
2026-09-19T16:38:25Z,mode:DIO, clock div:1
2026-09-19T16:38:25Z,load:0x3fce3808,len:0x4bc
2026-09-19T16:38:25Z,load:0x403c9700,len:0xbd8
2026-09-19T16:38:25Z,load:0x403cc700,len:0x2a0c
2026-09-19T16:38:25Z,entry 0x403c98d0
2026-09-19T16:38:25Z,LRAN chan-capture - listen-only channel sampler, never transmits (35c8471)
2026-09-19T16:38:25Z,Board: heltec_wifi_lora_32_V3
2026-09-19T16:38:25Z,MAC: 44:1b:f6:f9:70:14
2026-09-19T16:38:25Z,capture: sampling 917400000 Hz (default)
2026-09-19T16:38:25Z,PHY: 917.4 MHz, SF9, BW 125 kHz, CR 4/5, receive only
2026-09-19T16:38:25Z,CHAN-BOOT,35c8471,917400000,9,1250,1000,-1100,10
2026-09-19T16:38:25Z,radio: up, receiving
2026-09-19T16:38:27Z,CHAN,0,186,1000,99,1,2,0,-1030,-1140,-1129
2026-09-19T16:38:36Z,CHANSUM,0,9,10,10000,999,1,2,0,1,0,-1030,-1150,-1140,-1142
2026-09-19T16:39:36Z,CHANSUM,10,69,60,60000,6000,0,0,0,0,0,-1120,-1150,-1140,-1142
2026-09-19T16:39:59Z,CHAN,92,92186,1000,100,0,1,0,-860,-1140,-1128
2026-09-19T16:40:22Z,CHAN,115,115186,1000,100,0,1,0,-660,-1140,-1125
2026-09-19T16:40:28Z,CHAN,121,121186,1000,100,0,4,0,-1100,-1140,-1130
2026-09-19T16:40:32Z,CHAN,125,125186,1000,100,0,50,0,-950,-1150,-1059
2026-09-19T16:40:33Z,CHAN,126,126186,1000,100,0,36,0,-950,-1140,-1082
2026-09-19T16:40:36Z,CHANSUM,70,129,60,60000,6000,0,92,0,5,0,-660,-1150,-1140,-1141
2026-09-19T16:41:12Z,CHAN,165,165186,1000,100,0,3,0,-1070,-1140,-1128
2026-09-19T16:41:36Z,CHANSUM,130,189,60,60000,6000,0,3,0,1,0,-1070,-1150,-1140,-1141
2026-09-19T16:41:58Z,CHAN,211,211186,1000,100,0,3,0,-980,-1140,-1126
2026-09-19T16:42:10Z,CHAN,223,223186,1000,100,0,18,0,-1020,-1140,-1115
2026-09-19T16:42:11Z,CHAN,224,224186,1000,100,0,23,0,-970,-1140,-1104
2026-09-19T16:42:12Z,CHAN,225,225186,1000,100,0,14,0,-950,-1140,-1111
2026-09-19T16:42:18Z,CHAN,231,231186,1000,100,0,4,0,-980,-1140,-1124
2026-09-19T16:42:20Z,CHAN,233,233186,1000,100,0,3,0,-1070,-1140,-1129
2026-09-19T16:42:33Z,CHAN,246,246186,1000,100,0,1,0,-660,-1140,-1126
2026-09-19T16:42:36Z,CHANSUM,190,249,60,60000,6000,0,66,0,7,0,-660,-1150,-1140,-1140
2026-09-19T16:42:38Z,CHAN,251,251186,1000,100,0,3,0,-1080,-1140,-1129
2026-09-19T16:42:48Z,CHAN,261,261186,1000,100,0,3,0,-1030,-1140,-1128
2026-09-19T16:42:50Z,CHAN,263,263186,1000,100,0,20,0,-950,-1140,-1099
2026-09-19T16:42:51Z,CHAN,264,264186,1000,100,0,52,0,-950,-1140,-1052
2026-09-19T16:43:36Z,CHANSUM,250,309,60,60000,6000,0,78,0,4,0,-950,-1150,-1140,-1141
2026-09-19T16:43:41Z,CHAN,314,314186,1000,100,0,4,0,-1080,-1140,-1128
2026-09-19T16:43:43Z,CHAN,316,316186,1000,100,0,4,0,-1070,-1150,-1128
2026-09-19T16:43:44Z,CHAN,317,317186,1000,100,0,4,0,-1090,-1140,-1129
2026-09-19T16:43:47Z,CHAN,320,320186,1000,100,0,4,0,-1080,-1140,-1128
2026-09-19T16:44:13Z,CHAN,346,346186,1000,100,0,2,0,-1090,-1150,-1130
2026-09-19T16:44:20Z,CHAN,353,353186,1000,100,0,3,0,-1080,-1160,-1129
2026-09-19T16:44:36Z,CHANSUM,310,369,60,60000,6000,0,21,0,6,0,-1070,-1160,-1140,-1142
2026-09-19T16:44:37Z,CHAN,370,370186,1000,100,0,1,0,-1100,-1140,-1129
2026-09-19T16:44:41Z,CHAN,374,374186,1000,100,0,3,0,-1060,-1150,-1139
2026-09-19T16:44:43Z,CHAN,376,376186,1000,100,0,4,0,-1070,-1150,-1139
2026-09-19T16:45:13Z,CHAN,406,406186,1000,100,0,2,0,-1090,-1160,-1146
2026-09-19T16:45:25Z,CHAN,418,418186,1000,100,0,3,0,-1030,-1160,-1145
2026-09-19T16:45:36Z,CHANSUM,370,429,60,60000,6000,0,13,0,5,0,-1030,-1160,-1140,-1158
2026-09-19T16:45:46Z,CHAN,439,439186,1000,100,0,3,0,-1050,-1160,-1144
2026-09-19T16:45:57Z,CHAN,450,450186,1000,100,0,1,0,-1090,-1160,-1145
2026-09-19T16:46:07Z,CHAN,460,460186,1000,100,0,4,0,-690,-1150,-1122
2026-09-19T16:46:34Z,CHAN,488,488186,1000,100,0,1,0,-980,-1140,-1132
2026-09-19T16:46:35Z,CHAN,489,489186,1000,100,0,3,0,-920,-1140,-1129
2026-09-19T16:46:35Z,CHANSUM,430,489,60,60000,6000,0,12,0,5,0,-690,-1160,-1140,-1153
2026-09-19T16:46:53Z,CHAN,507,507186,1000,100,0,1,0,-660,-1150,-1128
2026-09-19T16:47:35Z,CHANSUM,490,549,60,60000,6000,0,1,0,1,0,-660,-1160,-1140,-1148
2026-09-19T16:48:02Z,CHAN,576,576186,1000,100,0,3,0,-1090,-1150,-1133
2026-09-19T16:48:35Z,CHANSUM,550,609,60,60000,6000,0,3,0,1,0,-1090,-1150,-1140,-1146
2026-09-19T16:48:38Z,CHAN,612,612186,1000,100,0,3,0,-1080,-1150,-1133
2026-09-19T16:48:48Z,CHAN,622,622186,1000,100,0,3,0,-1040,-1140,-1132
2026-09-19T16:49:04Z,CHAN,638,638186,1000,100,0,1,0,-670,-1150,-1128
2026-09-19T16:49:06Z,CHAN,640,640186,1000,100,0,2,0,-1090,-1150,-1133
2026-09-19T16:49:16Z,CHAN,650,650186,1000,100,0,3,0,-1080,-1150,-1131
2026-09-19T16:49:35Z,CHANSUM,610,669,60,60000,6000,0,12,0,5,0,-670,-1150,-1140,-1146
2026-09-19T16:49:52Z,CHAN,686,686186,1000,100,0,3,0,-930,-1150,-1127
2026-09-19T16:50:06Z,CHAN,700,700186,1000,100,0,2,0,-1090,-1150,-1133
2026-09-19T16:50:25Z,CHAN,719,719186,1000,100,0,2,0,-1040,-1150,-1132
2026-09-19T16:50:27Z,CHAN,721,721186,1000,100,0,1,0,-1100,-1150,-1134
2026-09-19T16:50:35Z,CHANSUM,670,729,60,60000,6000,0,8,0,4,0,-930,-1150,-1140,-1148
2026-09-19T16:50:38Z,CHAN,732,732186,1000,100,0,3,0,-1090,-1140,-1133
2026-09-19T16:50:45Z,CHAN,739,739186,1000,100,0,1,0,-1100,-1150,-1133
2026-09-19T16:51:01Z,CHAN,755,755186,1000,100,0,2,0,-1020,-1150,-1131
2026-09-19T16:51:15Z,CHAN,769,769186,1000,100,0,1,0,-1070,-1150,-1134
2026-09-19T16:51:35Z,CHANSUM,730,789,60,60000,6000,0,7,0,4,0,-1020,-1150,-1140,-1148
2026-09-19T16:51:39Z,CHAN,793,793186,1000,100,0,3,0,-1080,-1140,-1133
2026-09-19T16:51:46Z,CHAN,800,800186,1000,100,0,7,0,-980,-1150,-1126
2026-09-19T16:52:20Z,CHAN,834,834186,1000,100,0,3,0,-1080,-1150,-1132
2026-09-19T16:52:35Z,CHANSUM,790,849,60,60000,6000,0,13,0,3,0,-980,-1150,-1140,-1147
2026-09-19T16:52:49Z,CHAN,863,863186,1000,100,0,3,0,-1050,-1160,-1146
2026-09-19T16:53:25Z,CHAN,899,899186,1000,100,0,1,0,-670,-1160,-1143
2026-09-19T16:53:35Z,CHANSUM,850,909,60,60000,6000,0,4,0,2,0,-670,-1160,-1140,-1158
2026-09-19T16:54:14Z,CHAN,948,948186,1000,100,0,5,0,-700,-1160,-1128
2026-09-19T16:54:15Z,CHAN,949,949186,1000,100,0,3,0,-1090,-1160,-1145
2026-09-19T16:54:35Z,CHANSUM,910,969,60,60000,6000,0,8,0,2,0,-700,-1160,-1150,-1159
2026-09-19T16:54:36Z,CHAN,970,970186,1000,100,0,3,0,-930,-1160,-1141
2026-09-19T16:55:20Z,CHAN,1014,1014186,1000,100,0,4,0,-980,-1170,-1141
2026-09-19T16:55:35Z,CHANSUM,970,1029,60,60000,6000,0,7,0,2,0,-930,-1170,-1150,-1160
2026-09-19T16:55:36Z,CHAN,1030,1030186,1000,100,0,1,0,-700,-1160,-1142
2026-09-19T16:55:47Z,CHAN,1041,1041186,1000,100,0,3,0,-1050,-1160,-1144
2026-09-19T16:55:49Z,CHAN,1043,1043186,1000,100,0,3,0,-1040,-1160,-1145
