# M25 capture opened 2026-09-18T03:43:21Z port=/dev/cu.usbserial-0001 baud=115200
2026-09-18T03:43:21Z,#PORT-OPEN
2026-09-18T03:43:21Z,ESP-ROM:esp32s3-20210327
2026-09-18T03:43:21Z,Build:Mar 27 2021
2026-09-18T03:43:21Z,rst:0x1 (POWERON),boot:0x9 (SPI_FAST_FLASH_BOOT)
2026-09-18T03:43:21Z,SPIWP:0xee
2026-09-18T03:43:22Z,mode:DIO, clock div:1
2026-09-18T03:43:22Z,load:0x3fce3808,len:0x4bc
2026-09-18T03:43:22Z,load:0x403c9700,len:0xbd8
2026-09-18T03:43:22Z,load:0x403cc700,len:0x2a0c
2026-09-18T03:43:22Z,entry 0x403c98d0
2026-09-18T03:43:22Z,LRAN Bridge Node - node 0x00
2026-09-18T03:43:22Z,Binding spec: LRAN-Protocol-Specification v0.12 (ver = 2)
2026-09-18T03:43:22Z,PHY: 917.4 MHz, SF9, BW 125 kHz, CR 4/5, -4 dBm conducted, 3.0 dBi
2026-09-18T03:43:22Z,Version: 0.1.0 (ecc2e6f)
2026-09-18T03:43:22Z,Slot: app0
2026-09-18T03:43:22Z,Image state: not_pending
2026-09-18T03:43:22Z,CHAN-BOOT,ecc2e6f,917400000,9,1250,1000,-1100,10
2026-09-18T03:43:22Z,WiFi SSID: McLeeNet
2026-09-18T03:43:22Z,MQTT broker: 192.168.2.52:1883
2026-09-18T03:43:22Z,Registry: 0x01 0x02 0xF0(bench) 0xF1(bench) 0xF2(bench) 0xF3(bench)
2026-09-18T03:43:22Z,Tasks started: 7
2026-09-18T03:43:22Z,BF-15: WiFi, MQTT, OTA, the radio link and the registry. No discovery ye[   484][W][WiFiGeneric.cpp:1062] _eventCallback(): Reason: 202 - AUTH_FAIL
2026-09-18T03:43:22Z,[   508][W][WiFiGeneric.cpp:1062] _eventCallback(): Reason: 202 - AUTH_FAIL
2026-09-18T03:43:22Z,t.
2026-09-18T03:43:22Z,LoRa: radio up - 917400000 Hz, SF9, BW 125.0 kHz, CR 4/5, -4 dBm conducted, 3.0 dBi antenna
2026-09-18T03:43:22Z,LoRa: stack high-water 6220 bytes free
2026-09-18T03:43:22Z,FRAME #0 tx t=563 peer=0x01 type=3 schema=0 frag=0x01 seq=1 rssi=- snr=- st=0 rx=5 deaf=25
2026-09-18T03:43:22Z,[   654][I][esp32-hal-i2c.c:75] i2cInit(): Initialising I2C Master: sda=17 scl=18 freq=100000
2026-09-18T03:43:22Z,[   663][W][Wire.cpp:301] begin(): Bus already started in Master Mode.
2026-09-18T03:43:22Z,[   697][I][ArduinoOTA.cpp:141] begin(): OTA server at: lran-bridge.local:3232
2026-09-18T03:43:22Z,OTA: listening as lran-bridge
2026-09-18T03:43:32Z,CHANSUM,0,9,10,10003,977,22,0,0,0,0,-1130,-1160,-1150,-1158
2026-09-18T03:43:33Z,FRAME #1 tx t=11502 peer=0x02 type=3 schema=0 frag=0x01 seq=2 rssi=- snr=- st=0 rx=5 deaf=238
2026-09-18T03:44:06Z,CHAN,43,43550,1000,100,0,1,0,-1090,-1160,-1143
2026-09-18T03:44:23Z,FRAME #2 tx t=61501 peer=0x01 type=3 schema=0 frag=0x01 seq=3 rssi=- snr=- st=0 rx=5 deaf=451
2026-09-18T03:44:32Z,CHANSUM,10,69,60,60018,5958,42,1,0,1,0,-1090,-1160,-1150,-1154
2026-09-18T03:44:33Z,FRAME #3 tx t=71510 peer=0x02 type=3 schema=0 frag=0x01 seq=4 rssi=- snr=- st=0 rx=5 deaf=664
2026-09-18T03:45:23Z,FRAME #4 tx t=121509 peer=0x01 type=3 schema=0 frag=0x01 seq=5 rssi=- snr=- st=0 rx=5 deaf=877
2026-09-18T03:45:23Z,CHAN,120,120568,1007,93,7,1,0,-1090,-1160,-1144
2026-09-18T03:45:32Z,CHANSUM,70,129,60,60018,5958,42,1,0,1,0,-1090,-1160,-1150,-1155
2026-09-18T03:45:33Z,availability: gatelink offline (missed_polls 3, threshold 3)
2026-09-18T03:45:33Z,FRAME #5 tx t=131512 peer=0x02 type=3 schema=0 frag=0x01 seq=6 rssi=- snr=- st=0 rx=5 deaf=1094
2026-09-18T03:45:33Z,CHAN,130,130577,1001,92,7,1,0,-1090,-1150,-1144
2026-09-18T03:45:43Z,availability: welllink offline (missed_polls 3, threshold 3)
2026-09-18T03:46:23Z,FRAME #6 tx t=181501 peer=0x01 type=3 schema=0 frag=0x01 seq=7 rssi=- snr=- st=0 rx=5 deaf=1307
2026-09-18T03:46:32Z,CHANSUM,130,189,60,60012,5957,42,1,0,1,0,-1090,-1160,-1150,-1155
2026-09-18T03:46:33Z,FRAME #7 tx t=191510 peer=0x02 type=3 schema=0 frag=0x01 seq=8 rssi=- snr=- st=0 rx=5 deaf=1520
2026-09-18T03:47:23Z,FRAME #8 tx t=241509 peer=0x01 type=3 schema=0 frag=0x01 seq=9 rssi=- snr=- st=0 rx=5 deaf=1733
2026-09-18T03:47:24Z,CHAN,241,241605,1002,89,11,1,0,-740,-1150,-1138
2026-09-18T03:47:32Z,CHANSUM,190,249,60,60018,5958,42,1,0,1,0,-740,-1160,-1150,-1153
2026-09-18T03:47:33Z,FRAME #9 tx t=251512 peer=0x02 type=3 schema=0 frag=0x01 seq=10 rssi=- snr=- st=0 rx=5 deaf=1950
